01-01 00:08:28.170   408   883 I         : 301, getCameraInfo: id= 33
01-01 00:08:28.170   408   883 I         : 154, getMultiCameraMode: cameraId:33
01-01 00:08:28.170   408   883 I         : 197, getMultiCameraMode: mode:17
01-01 00:08:28.170   408   883 E         : 391, getCameraInfo: cameraId:33 not supported yet!
01-01 00:08:28.170   408   883 E CamDev@3.2-impl-sprd: CameraDevice: Camera id 33 does not support HAL3.2+
01-01 00:08:28.170   408   883 E CamPrvdr@2.4-legacy-sprd: getCameraDeviceInterface_V3_x: camera device 33 init failed!
01-01 00:08:28.170   853   853 E CameraProviderManager: startDeviceInterface: Unable to obtain interface for camera device device@3.3/legacy/33: INTERNAL_ERROR
01-01 00:08:28.170   853   853 E CameraProviderManager: Unable to add fake camera(32) : Invalid argument (-22)
01-01 00:08:28.170   853   853 D CameraProviderManager: Enumerating new camera device: device@3.3/legacy/34
01-01 00:08:28.171   884   884 D ip_monitor-512: valid_lft forever preferred_lft forever
01-01 00:08:28.171   408   883 I CamDev@3.2-impl-sprd: CameraDevice: Adding a new camera id: 34
01-01 00:08:28.171   408   883 I         : 301, getCameraInfo: id= 34
01-01 00:08:28.171   408   883 I         : 154, getMultiCameraMode: cameraId:34
01-01 00:08:28.171   408   883 I         : 197, getMultiCameraMode: mode:1
01-01 00:08:28.171   408   883 E         : 391, getCameraInfo: cameraId:34 not supported yet!
01-01 00:08:28.171   408   883 E CamDev@3.2-impl-sprd: CameraDevice: Camera id 34 does not support HAL3.2+
01-01 00:08:28.171   408   883 E CamPrvdr@2.4-legacy-sprd: getCameraDeviceInterface_V3_x: camera device 34 init failed!
01-01 00:08:28.171   853   853 E CameraProviderManager: startDeviceInterface: Unable to obtain interface for camera device device@3.3/legacy/34: INTERNAL_ERROR
01-01 00:08:28.171   853   853 E CameraProviderManager: Unable to add fake camera(32) : Invalid argument (-22)
01-01 00:08:28.171   853   853 D CameraProviderManager: Enumerating new camera device: device@3.3/legacy/35
01-01 00:08:28.172   408   883 I CamDev@3.2-impl-sprd: CameraDevice: Adding a new camera id: 35
01-01 00:08:28.172   408   883 D sns_drv_u: 3787, sensorGetRole: can't find sensor role 0x300
01-01 00:08:28.172   408   883 I Cam3Factory: 195, getCameraInfo: E, camera_id = -1
01-01 00:08:28.172   408   883 E CamDev@3.2-impl-sprd: CameraDevice: Camera id 35 does not support HAL3.2+
01-01 00:08:28.172   408   883 E CamPrvdr@2.4-legacy-sprd: getCameraDeviceInterface_V3_x: camera device 35 init failed!
01-01 00:08:28.172   853   853 E CameraProviderManager: startDeviceInterface: Unable to obtain interface for camera device device@3.3/legacy/35: INTERNAL_ERROR
01-01 00:08:28.172   853   853 E CameraProviderManager: Unable to add fake camera(32) : Invalid argument (-22)
01-01 00:08:28.172   853   853 D CameraProviderManager: Enumerating new camera device: device@3.3/legacy/36
01-01 00:08:28.173   408   883 I CamDev@3.2-impl-sprd: CameraDevice: Adding a new camera id: 36
01-01 00:08:28.173   408   883 I         : 301, getCameraInfo: id= 36
01-01 00:08:28.173   408   883 I         : 154, getMultiCameraMode: cameraId:36
01-01 00:08:28.173   408   883 I         : 197, getMultiCameraMode: mode:21
01-01 00:08:28.173   408   883 E         : 391, getCameraInfo: cameraId:36 not supported yet!
01-01 00:08:28.173   408   883 E CamDev@3.2-impl-sprd: CameraDevice: Camera id 36 does not support HAL3.2+
01-01 00:08:28.173   408   883 E CamPrvdr@2.4-legacy-sprd: getCameraDeviceInterface_V3_x: camera device 36 init failed!
01-01 00:08:28.173   853   853 E CameraProviderManager: startDeviceInterface: Unable to obtain interface for camera device device@3.3/legacy/36: INTERNAL_ERROR
01-01 00:08:28.173   853   853 E CameraProviderManager: Unable to add fake camera(32) : Invalid argument (-22)
01-01 00:08:28.173   853   853 D CameraProviderManager: Enumerating new camera device: device@3.3/legacy/37
01-01 00:08:28.173   408   883 I CamDev@3.2-impl-sprd: CameraDevice: Adding a new camera id: 37
01-01 00:08:28.173   408   883 I Cam3Factory: 253, getHighResolutionSize: E, camera_id = 0
01-01 00:08:28.174   408   883 D Cam3Setting: 1062, getSensorStaticInfo: already get sensor info
01-01 00:08:28.174   408   883 D Cam3Setting: 1345, setDefaultParaInfo: Camera 0, physical_size 3.500000, 2.625000
01-01 00:08:28.174   408   883 W Cam3Setting: 1712, getHighResCapSize: prop:,size[0 0], high res cap default[4608 3456]
01-01 00:08:28.175   853   853 E CameraProviderManager: DeviceInfo3: Converted ICameraDevice instance to nullptr
01-01 00:08:28.175   853   853 D CameraProviderManager: Enumerating new camera device: device@3.3/legacy/38
01-01 00:08:28.175   408   754 I CamDev@3.2-impl-sprd: CameraDevice: Adding a new camera id: 38
01-01 00:08:28.175   408   754 I         : 301, getCameraInfo: id= 38
01-01 00:08:28.175   408   754 I         : 154, getMultiCameraMode: cameraId:38
01-01 00:08:28.176   408   754 I         : 197, getMultiCameraMode: mode:22
01-01 00:08:28.176   408   754 E         : 391, getCameraInfo: cameraId:38 not supported yet!
01-01 00:08:28.176   408   754 E CamDev@3.2-impl-sprd: CameraDevice: Camera id 38 does not support HAL3.2+
01-01 00:08:28.176   408   754 E CamPrvdr@2.4-legacy-sprd: getCameraDeviceInterface_V3_x: camera device 38 init failed!
01-01 00:08:28.176   853   853 E CameraProviderManager: startDeviceInterface: Unable to obtain interface for camera device device@3.3/legacy/38: INTERNAL_ERROR
01-01 00:08:28.176   853   853 E CameraProviderManager: Unable to add fake camera(37) : Invalid argument (-22)
01-01 00:08:28.176   853   853 D CameraProviderManager: Enumerating new camera device: device@3.3/legacy/39
01-01 00:08:28.180   408   754 I CamDev@3.2-impl-sprd: CameraDevice: Adding a new camera id: 39
01-01 00:08:28.180   408   754 I Cam3Factory: 253, getHighResolutionSize: E, camera_id = 1
01-01 00:08:28.180   408   754 D Cam3Setting: 1062, getSensorStaticInfo: already get sensor info
01-01 00:08:28.180   408   754 D Cam3Setting: 1345, setDefaultParaInfo: Camera 1, physical_size 3.500000, 2.625000
01-01 00:08:28.181   408   754 W Cam3Setting: 1712, getHighResCapSize: prop:,size[0 0], high res cap default[4608 3456]
01-01 00:08:28.184   853   853 E CameraProviderManager: DeviceInfo3: Converted ICameraDevice instance to nullptr
01-01 00:08:28.185   853   853 D CameraProviderManager: Enumerating new camera device: device@3.3/legacy/40
01-01 00:08:28.185   408   754 I CamDev@3.2-impl-sprd: CameraDevice: Adding a new camera id: 40
01-01 00:08:28.185   408   754 D sns_drv_u: 3787, sensorGetRole: can't find sensor role 0x210
01-01 00:08:28.185   408   754 I Cam3Factory: 195, getCameraInfo: E, camera_id = -1
01-01 00:08:28.185   408   754 E CamDev@3.2-impl-sprd: CameraDevice: Camera id 40 does not support HAL3.2+
01-01 00:08:28.185   408   754 E CamPrvdr@2.4-legacy-sprd: getCameraDeviceInterface_V3_x: camera device 40 init failed!
01-01 00:08:28.186   853   853 E CameraProviderManager: startDeviceInterface: Unable to obtain interface for camera device device@3.3/legacy/40: INTERNAL_ERROR
01-01 00:08:28.186   853   853 E CameraProviderManager: Unable to add fake camera(39) : Invalid argument (-22)
01-01 00:08:28.186   853   853 D CameraProviderManager: Enumerating new camera device: device@3.3/legacy/41
01-01 00:08:28.186   408   754 I CamDev@3.2-impl-sprd: CameraDevice: Adding a new camera id: 41
01-01 00:08:28.186   408   754 D sns_drv_u: 3787, sensorGetRole: can't find sensor role 0x220
01-01 00:08:28.186   408   754 I Cam3Factory: 195, getCameraInfo: E, camera_id = -1
01-01 00:08:28.186   408   754 E CamDev@3.2-impl-sprd: CameraDevice: Camera id 41 does not support HAL3.2+
01-01 00:08:28.186   408   754 E CamPrvdr@2.4-legacy-sprd: getCameraDeviceInterface_V3_x: camera device 41 init failed!
01-01 00:08:28.187   853   853 E CameraProviderManager: startDeviceInterface: Unable to obtain interface for camera device device@3.3/legacy/41: INTERNAL_ERROR
01-01 00:08:28.187   853   853 E CameraProviderManager: Unable to add fake camera(39) : Invalid argument (-22)
01-01 00:08:28.187   853   853 D CameraProviderManager: Enumerating new camera device: device@3.3/legacy/42
01-01 00:08:28.188   408   754 I CamDev@3.2-impl-sprd: CameraDevice: Adding a new camera id: 42
01-01 00:08:28.188   408   754 I         : 301, getCameraInfo: id= 42
01-01 00:08:28.188   408   754 I         : 154, getMultiCameraMode: cameraId:42
01-01 00:08:28.188   408   754 I         : 197, getMultiCameraMode: mode:24
01-01 00:08:28.188   408   754 E         : 391, getCameraInfo: cameraId:42 not supported yet!
01-01 00:08:28.188   408   754 E CamDev@3.2-impl-sprd: CameraDevice: Camera id 42 does not support HAL3.2+
01-01 00:08:28.188   408   754 E CamPrvdr@2.4-legacy-sprd: getCameraDeviceInterface_V3_x: camera device 42 init failed!
01-01 00:08:28.189   853   853 E CameraProviderManager: startDeviceInterface: Unable to obtain interface for camera device device@3.3/legacy/42: INTERNAL_ERROR
01-01 00:08:28.189   853   853 E CameraProviderManager: Unable to add fake camera(39) : Invalid argument (-22)
01-01 00:08:28.189   853   853 D CameraProviderManager: Enumerating new camera device: device@3.3/legacy/43
01-01 00:08:28.192   408   754 I CamDev@3.2-impl-sprd: CameraDevice: Adding a new camera id: 43
01-01 00:08:28.192   408   754 I         : 301, getCameraInfo: id= 43
01-01 00:08:28.192   408   754 I         : 154, getMultiCameraMode: cameraId:43
01-01 00:08:28.192   408   754 E         : 164, getMultiCameraMode: cameraId:43 not supported yet!
01-01 00:08:28.192   408   754 I         : 197, getMultiCameraMode: mode:0
01-01 00:08:28.192   408   754 E         : 391, getCameraInfo: cameraId:43 not supported yet!
01-01 00:08:28.193   408   754 E CamDev@3.2-impl-sprd: CameraDevice: Camera id 43 does not support HAL3.2+
01-01 00:08:28.193   408   754 E CamPrvdr@2.4-legacy-sprd: getCameraDeviceInterface_V3_x: camera device 43 init failed!
01-01 00:08:28.193   853   853 E CameraProviderManager: startDeviceInterface: Unable to obtain interface for camera device device@3.3/legacy/43: INTERNAL_ERROR
01-01 00:08:28.193   853   853 E CameraProviderManager: Unable to add fake camera(39) : Invalid argument (-22)
01-01 00:08:28.193   853   853 D CameraProviderManager: Enumerating new camera device: device@3.3/legacy/44
01-01 00:08:28.195   408   754 I CamDev@3.2-impl-sprd: CameraDevice: Adding a new camera id: 44
01-01 00:08:28.195   408   754 I         : 301, getCameraInfo: id= 44
01-01 00:08:28.195   408   754 I         : 154, getMultiCameraMode: cameraId:44
01-01 00:08:28.195   408   754 E         : 164, getMultiCameraMode: cameraId:44 not supported yet!
01-01 00:08:28.195   408   754 I         : 197, getMultiCameraMode: mode:0
01-01 00:08:28.195   408   754 E         : 391, getCameraInfo: cameraId:44 not supported yet!
01-01 00:08:28.195   408   754 E CamDev@3.2-impl-sprd: CameraDevice: Camera id 44 does not support HAL3.2+
01-01 00:08:28.196   408   754 E CamPrvdr@2.4-legacy-sprd: getCameraDeviceInterface_V3_x: camera device 44 init failed!
01-01 00:08:28.196   853   853 E CameraProviderManager: startDeviceInterface: Unable to obtain interface for camera device device@3.3/legacy/44: INTERNAL_ERROR
01-01 00:08:28.196   853   853 E CameraProviderManager: Unable to add fake camera(39) : Invalid argument (-22)
01-01 00:08:28.196   853   853 D CameraProviderManager: Enumerating new camera device: device@3.3/legacy/45
01-01 00:08:28.196   408   754 I CamDev@3.2-impl-sprd: CameraDevice: Adding a new camera id: 45
01-01 00:08:28.196   408   754 I         : 301, getCameraInfo: id= 45
01-01 00:08:28.196   408   754 I         : 154, getMultiCameraMode: cameraId:45
01-01 00:08:28.196   408   754 E         : 164, getMultiCameraMode: cameraId:45 not supported yet!
01-01 00:08:28.196   408   754 I         : 197, getMultiCameraMode: mode:0
01-01 00:08:28.196   408   754 E         : 391, getCameraInfo: cameraId:45 not supported yet!
01-01 00:08:28.197   408   754 E CamDev@3.2-impl-sprd: CameraDevice: Camera id 45 does not support HAL3.2+
01-01 00:08:28.197   408   754 E CamPrvdr@2.4-legacy-sprd: getCameraDeviceInterface_V3_x: camera device 45 init failed!
01-01 00:08:28.197   853   853 E CameraProviderManager: startDeviceInterface: Unable to obtain interface for camera device device@3.3/legacy/45: INTERNAL_ERROR
01-01 00:08:28.197   853   853 E CameraProviderManager: Unable to add fake camera(39) : Invalid argument (-22)
01-01 00:08:28.197   853   853 D CameraProviderManager: Enumerating new camera device: device@3.3/legacy/46
01-01 00:08:28.197   408   883 I CamDev@3.2-impl-sprd: CameraDevice: Adding a new camera id: 46
01-01 00:08:28.197   408   883 I         : 301, getCameraInfo: id= 46
01-01 00:08:28.197   408   883 I         : 154, getMultiCameraMode: cameraId:46
01-01 00:08:28.197   408   883 I         : 197, getMultiCameraMode: mode:25
01-01 00:08:28.197   408   883 E         : 391, getCameraInfo: cameraId:46 not supported yet!
01-01 00:08:28.197   408   883 E CamDev@3.2-impl-sprd: CameraDevice: Camera id 46 does not support HAL3.2+
01-01 00:08:28.197   408   883 E CamPrvdr@2.4-legacy-sprd: getCameraDeviceInterface_V3_x: camera device 46 init failed!
01-01 00:08:28.198   853   853 E CameraProviderManager: startDeviceInterface: Unable to obtain interface for camera device device@3.3/legacy/46: INTERNAL_ERROR
01-01 00:08:28.198   853   853 E CameraProviderManager: Unable to add fake camera(39) : Invalid argument (-22)
01-01 00:08:28.198   853   853 D CameraProviderManager: Enumerating new camera device: device@3.3/legacy/47
01-01 00:08:28.198   408   883 I CamDev@3.2-impl-sprd: CameraDevice: Adding a new camera id: 47
01-01 00:08:28.198   408   883 I         : 301, getCameraInfo: id= 47
01-01 00:08:28.198   408   883 I         : 154, getMultiCameraMode: cameraId:47
01-01 00:08:28.198   408   883 I         : 197, getMultiCameraMode: mode:26
01-01 00:08:28.198   408   883 E         : 391, getCameraInfo: cameraId:47 not supported yet!
01-01 00:08:28.198   408   883 E CamDev@3.2-impl-sprd: CameraDevice: Camera id 47 does not support HAL3.2+
01-01 00:08:28.198   408   883 E CamPrvdr@2.4-legacy-sprd: getCameraDeviceInterface_V3_x: camera device 47 init failed!
01-01 00:08:28.199   853   853 E CameraProviderManager: startDeviceInterface: Unable to obtain interface for camera device device@3.3/legacy/47: INTERNAL_ERROR
01-01 00:08:28.199   853   853 E CameraProviderManager: Unable to add fake camera(39) : Invalid argument (-22)
01-01 00:08:28.199   853   853 D CameraProviderManager: Camera provider legacy/0 ready with 9 camera devices
01-01 00:08:28.200   300   300 I hwservicemanager: getTransport: Cannot find entry android.hardware.camera.provider@2.4::ICameraProvider/external/0 in either framework or device manifest.
01-01 00:08:28.201   853   853 I         : Waiting for activity service
01-01 00:08:28.203   885   885 D ip_monitor-512: local fe80::b086:a5ff:fec6:b434 dev dummy0 table local proto kernel metric 0 pref medium
01-01 00:08:28.203   853   880 W CameraProviderManager: addProviderLocked: Camera provider HAL with name 'legacy/0' already registered
01-01 00:08:28.230   887   887 D ip_monitor-512: 10500:	from all iif lo oif dummy0 uidrange 0-0 lookup 1002
01-01 00:08:28.256   787   787 D sprd_halo_cali: : halo period increment [1]/[300]!
01-01 00:08:28.256   888   888 D ip_monitor-512: 10500:	from all iif lo oif dummy0 uidrange 0-0 lookup 1002
01-01 00:08:28.265   530   603 I ServiceManager: Waiting for service 'package_native' on '/dev/binder'...
01-01 00:08:28.281   889   889 D ip_monitor-512: 14000:	from all iif lo oif dummy0 lookup 1002
01-01 00:08:28.306   890   890 D ip_monitor-512: 14000:	from all iif lo oif dummy0 lookup 1002
01-01 00:08:28.315   861   861 I mediaserver: ServiceManager: 0xf3d232a0
01-01 00:08:28.335   891   891 D ip_monitor-512: default dev dummy0 table 1002 proto static scope link
01-01 00:08:28.340   861   861 W BatteryNotifier: batterystats service unavailable!
01-01 00:08:28.359   892   892 D ip_monitor-512: default dev dummy0 table 1002 proto static metric 1024 pref medium
01-01 00:08:28.361   861   861 D MediaCodecList: Allowing all OMX codecs
01-01 00:08:28.365   530   603 I ServiceManager: Waiting for service 'package_native' on '/dev/binder'...
01-01 00:08:28.369   861   861 I OMXClient: IOmx service obtained
01-01 00:08:28.370   532   532 I OMXMaster: makeComponentInstance(OMX.google.aac.decoder) in android.hardwar process
01-01 00:08:28.386   861   861 I OMXClient: IOmx service obtained
01-01 00:08:28.387   532   532 I OMXMaster: makeComponentInstance(OMX.google.amrnb.decoder) in android.hardwar process
01-01 00:08:28.390   893   893 D ip_monitor-512: ipv4 dev ipsec_test forwarding off rp_filter off mc_forwarding off proxy_neigh off ignore_routes_with_linkdown off
01-01 00:08:28.397   861   861 I OMXClient: IOmx service obtained
01-01 00:08:28.397   532   673 I OMXMaster: makeComponentInstance(OMX.google.amrwb.decoder) in android.hardwar process
01-01 00:08:28.406   861   861 I OMXClient: IOmx service obtained
01-01 00:08:28.407   532   673 I OMXMaster: makeComponentInstance(OMX.google.flac.decoder) in android.hardwar process
01-01 00:08:28.417   861   861 I OMXClient: IOmx service obtained
01-01 00:08:28.418   532   673 I OMXMaster: makeComponentInstance(OMX.google.g711.alaw.decoder) in android.hardwar process
01-01 00:08:28.420   897   897 D ip_monitor-512: ipv6 dev ipsec_test forwarding off proxy_neigh off ignore_routes_with_linkdown off
01-01 00:08:28.426   861   861 I OMXClient: IOmx service obtained
01-01 00:08:28.427   532   673 I OMXMaster: makeComponentInstance(OMX.google.g711.mlaw.decoder) in android.hardwar process
01-01 00:08:28.431   861   861 I OMXClient: IOmx service obtained
01-01 00:08:28.431   532   673 I OMXMaster: makeComponentInstance(OMX.google.gsm.decoder) in android.hardwar process
01-01 00:08:28.437   811   811 D APM::AudioPolicyEngine/Stream: set: 0x0 for Stream AUDIO_STREAM_VOICE_CALL
01-01 00:08:28.437   811   811 D APM::AudioPolicyEngine/Stream: set: 0x1 for Stream AUDIO_STREAM_SYSTEM
01-01 00:08:28.437   811   811 D APM::AudioPolicyEngine/Stream: set: 0x2 for Stream AUDIO_STREAM_RING
01-01 00:08:28.437   811   811 D APM::AudioPolicyEngine/Stream: set: 0x3 for Stream AUDIO_STREAM_MUSIC
01-01 00:08:28.437   811   811 D APM::AudioPolicyEngine/Stream: set: 0x4 for Stream AUDIO_STREAM_ALARM
01-01 00:08:28.437   811   811 D APM::AudioPolicyEngine/Stream: set: 0x5 for Stream AUDIO_STREAM_NOTIFICATION
01-01 00:08:28.437   811   811 D APM::AudioPolicyEngine/Stream: set: 0x6 for Stream AUDIO_STREAM_BLUETOOTH_SCO
01-01 00:08:28.437   811   811 D APM::AudioPolicyEngine/Stream: set: 0x7 for Stream AUDIO_STREAM_ENFORCED_AUDIBLE
01-01 00:08:28.437   811   811 D APM::AudioPolicyEngine/Stream: set: 0x8 for Stream AUDIO_STREAM_DTMF
01-01 00:08:28.437   811   811 D APM::AudioPolicyEngine/Stream: set: 0x9 for Stream AUDIO_STREAM_TTS
01-01 00:08:28.437   811   811 D APM::AudioPolicyEngine/Stream: set: 0xA for Stream AUDIO_STREAM_ACCESSIBILITY
01-01 00:08:28.437   811   811 D APM::AudioPolicyEngine/Stream: set: 0xB for Stream AUDIO_STREAM_REROUTING
01-01 00:08:28.437   811   811 D APM::AudioPolicyEngine/Stream: set: 0xC for Stream AUDIO_STREAM_PATCH
01-01 00:08:28.437   811   811 D APM::AudioPolicyEngine/Stream: set: 0xD for Stream AUDIO_STREAM_FM
01-01 00:08:28.437   811   811 E APM::AudioPolicyEngine/InputSource: set: trying to set an invalid device 0x0 for input source AUDIO_SOURCE_MIC
01-01 00:08:28.437   811   811 E APM::AudioPolicyEngine/InputSource: set: trying to set an invalid device 0x0 for input source AUDIO_SOURCE_VOICE_UPLINK
01-01 00:08:28.437   811   811 E APM::AudioPolicyEngine/InputSource: set: trying to set an invalid device 0x0 for input source AUDIO_SOURCE_VOICE_DOWNLINK
01-01 00:08:28.437   811   811 E APM::AudioPolicyEngine/InputSource: set: trying to set an invalid device 0x0 for input source AUDIO_SOURCE_VOICE_CALL
01-01 00:08:28.438   811   811 E APM::AudioPolicyEngine/InputSource: set: trying to set an invalid device 0x0 for input source AUDIO_SOURCE_CAMCORDER
01-01 00:08:28.438   811   811 E APM::AudioPolicyEngine/InputSource: set: trying to set an invalid device 0x0 for input source AUDIO_SOURCE_VOICE_RECOGNITION
01-01 00:08:28.438   811   811 D APM::AudioPolicyEngine/InputSource: set: 0x80000004 for input source AUDIO_SOURCE_VOICE_COMMUNICATION
01-01 00:08:28.438   811   811 E APM::AudioPolicyEngine/InputSource: set: trying to set an invalid device 0x0 for input source AUDIO_SOURCE_REMOTE_SUBMIX
01-01 00:08:28.438   811   811 E APM::AudioPolicyEngine/InputSource: set: trying to set an invalid device 0x0 for input source AUDIO_SOURCE_UNPROCESSED
01-01 00:08:28.438   811   811 E APM::AudioPolicyEngine/InputSource: set: trying to set an invalid device 0x0 for input source AUDIO_SOURCE_VOICE_PERFORMANCE
01-01 00:08:28.438   811   811 E APM::AudioPolicyEngine/InputSource: set: trying to set an invalid device 0x0 for input source AUDIO_SOURCE_FM_TUNER
01-01 00:08:28.438   811   811 E APM::AudioPolicyEngine/InputSource: set: trying to set an invalid device 0x0 for input source AUDIO_SOURCE_HOTWORD
01-01 00:08:28.438   811   811 E APM::AudioPolicyEngine/InputSource: set: trying to set an invalid device 0x0 for input source AUDIO_SOURCE_DEFAULT
01-01 00:08:28.438   811   811 D APM::AudioPolicyEngine/PFWWrapper: start: Policy PFW successfully started!
01-01 00:08:28.441   861   861 I OMXClient: IOmx service obtained
01-01 00:08:28.442   532   532 I OMXMaster: makeComponentInstance(OMX.sprd.mp3l1.decoder) in android.hardwar process
01-01 00:08:28.447   532   532 I SPRDMP3 : openDecoder, lib: libomx_mp3dec_sprd.so
01-01 00:08:28.449   906   906 D ip_monitor-512: 21: ipsec_test@lo: <NOARP> mtu 1500 qdisc noop state DOWN group default
01-01 00:08:28.453   532   532 I SPRDMP3 : MP3_ARM_DEC_Construct=0
01-01 00:08:28.453   532   532 I SPRD_OMX_CORE: Created OMXPlugin : OMX.sprd.mp3l1.decoder
01-01 00:08:28.457   861   861 I OMXClient: IOmx service obtained
01-01 00:08:28.458   532   532 I OMXMaster: makeComponentInstance(OMX.sprd.mp3l2.decoder) in android.hardwar process
01-01 00:08:28.460   532   532 I SPRDMP3 : openDecoder, lib: libomx_mp3dec_sprd.so
01-01 00:08:28.461   532   532 I SPRDMP3 : MP3_ARM_DEC_Construct=0
01-01 00:08:28.462   532   532 I SPRD_OMX_CORE: Created OMXPlugin : OMX.sprd.mp3l2.decoder
01-01 00:08:28.466   861   861 I OMXClient: IOmx service obtained
01-01 00:08:28.466   530   603 I ServiceManager: Waiting for service 'package_native' on '/dev/binder'...
01-01 00:08:28.466   532   532 I OMXMaster: makeComponentInstance(OMX.sprd.mp3.decoder) in android.hardwar process
01-01 00:08:28.468   532   532 I SPRDMP3 : openDecoder, lib: libomx_mp3dec_sprd.so
01-01 00:08:28.469   532   532 I SPRDMP3 : MP3_ARM_DEC_Construct=0
01-01 00:08:28.469   532   532 I SPRD_OMX_CORE: Created OMXPlugin : OMX.sprd.mp3.decoder
01-01 00:08:28.474   914   914 D ip_monitor-512: link/none 00:00:00:00:00:00 brd 00:00:00:00:00:00
01-01 00:08:28.475   861   861 I OMXClient: IOmx service obtained
01-01 00:08:28.475   532   673 I OMXMaster: makeComponentInstance(OMX.google.opus.decoder) in android.hardwar process
01-01 00:08:28.494   861   861 I OMXClient: IOmx service obtained
01-01 00:08:28.495   532   673 I OMXMaster: makeComponentInstance(OMX.google.raw.decoder) in android.hardwar process
01-01 00:08:28.502   861   861 I OMXClient: IOmx service obtained
01-01 00:08:28.503   532   532 I OMXMaster: makeComponentInstance(OMX.google.vorbis.decoder) in android.hardwar process
01-01 00:08:28.509   923   923 D ip_monitor-512: Unknown message: type=0x00000051(81) flags=0x00000000(0)len=0x0000001c(28)
01-01 00:08:28.513   861   861 I OMXClient: IOmx service obtained
01-01 00:08:28.513   532   532 I OMXMaster: makeComponentInstance(OMX.google.aac.encoder) in android.hardwar process
01-01 00:08:28.528   861   861 I OMXClient: IOmx service obtained
01-01 00:08:28.529   532   673 I OMXMaster: makeComponentInstance(OMX.google.amrnb.encoder) in android.hardwar process
01-01 00:08:28.534   930   930 D ip_monitor-512: Unknown message: type=0x00000051(81) flags=0x00000000(0)len=0x0000001c(28)
01-01 00:08:28.539   861   861 I OMXClient: IOmx service obtained
01-01 00:08:28.539   532   532 I OMXMaster: makeComponentInstance(OMX.google.amrwb.encoder) in android.hardwar process
01-01 00:08:28.539   803   803 I audio_hw_primary: adev_open
01-01 00:08:28.540   803   803 I audio_hw_primary: adev_open begin
01-01 00:08:28.540   803   803 E audio_hw_primary: ----adev_modem_i2s_parse----000- 
01-01 00:08:28.542   803   803 I audio_hw_primary: The device name is sc8830-audio
01-01 00:08:28.542   803   803 V audio_hw_primary: The modem num is '1'
01-01 00:08:28.542   803   803 D audio_hw_primary: peter: modem num is 1
01-01 00:08:28.542   803   803 I audio_hw_primary: cp name is 'csfb', pipe is '/dev/spipe_lte6',vbc is '0',cpu index is '0'
01-01 00:08:28.543   803   803 E audio_hw_primary: The cp_nbio_dump is spipe = 'dev/spipe_lte14'
01-01 00:08:28.543   803   803 E audio_hw_primary: nbio pipe name is 'dev/spipe_lte14'
01-01 00:08:28.543   803   803 D audio_hw_primary: nbio_pipe name dev/spipe_lte14
01-01 00:08:28.543   803   803 I audio_hw_primary: fm type is digital    fm_type=0
01-01 00:08:28.543   803   803 V audio_hw_primary: The voip run on modem  is 'csfb'
01-01 00:08:28.543   803   803 V audio_hw_primary: voip pipe name is /dev/spipe_lte4
01-01 00:08:28.543   803   803 V audio_hw_primary: The enable_for_voip is '1'
01-01 00:08:28.543   803   803 I audio_hw_primary: i2s_switch_fm[0] :SYS_IIS0-->vbc_iis1
01-01 00:08:28.543   803   803 I audio_hw_primary: i2s_switch_btcall :SYS_IIS0-->tgdsp_iis0
01-01 00:08:28.543   803   803 I audio_hw_primary: i2s_switch_ap :SYS_IIS0-->ap_iis0
01-01 00:08:28.543   803   803 I audio_hw_primary: i2s_switch_pubcp :SYS_IIS0-->pubcp_iis0
01-01 00:08:28.543   803   803 E audio_hw_primary: The mic_default_channel is value = '1'
01-01 00:08:28.543   803   803 I audio_hw_primary: mic_default_channel is '1
01-01 00:08:28.543   803   803 V audio_hw_primary: Smart Amp Function Is '0'
01-01 00:08:28.543   803   803 V audio_hw_primary: Smart Amp dump Is '0'
01-01 00:08:28.543   803   803 V audio_hw_primary: Smart Amp boost_device Is '0'
01-01 00:08:28.543   803   803 V audio_hw_primary: Smart Amp boost_voltage Is '5000'
01-01 00:08:28.543   803   803 E audio_hw_primary: no adaptable info  :audiomode
01-01 00:08:28.543   803   803 E audio_hw_primary: no adaptable info  :item
01-01 00:08:28.543   803   803 I chatty  : uid=1041(audioserver) audio@2.0-servi identical 6 lines
01-01 00:08:28.543   803   803 E audio_hw_primary: no adaptable info  :item
01-01 00:08:28.544   803   803 E audio_hw_primary: no adaptable info  :nr
01-01 00:08:28.544   803   803 I audio_hw_primary: nr_support nr_mask:1
01-01 00:08:28.544   803   803 I audio_hw_primary: nr_support nr_mask:3
01-01 00:08:28.544   803   803 I chatty  : uid=1041(audioserver) audio@2.0-servi identical 2 lines
01-01 00:08:28.544   803   803 I audio_hw_primary: nr_support nr_mask:3
01-01 00:08:28.544   803   803 V audio_hw_primary: The sleepdeltatimegate is  '2000'
01-01 00:08:28.544   803   803 V audio_hw_primary: The pcmwritetimegate is  '200000'
01-01 00:08:28.544   803   803 V audio_hw_primary: The lastthiswritetimegate is  '200000'
01-01 00:08:28.544   803   803 E audio_hw_primary: no adaptable info  :dumpmusic
01-01 00:08:28.544   803   803 E audio_hw_primary: no adaptable info  :dump_play
01-01 00:08:28.544   803   803 I chatty  : uid=1041(audioserver) audio@2.0-servi identical 3 lines
01-01 00:08:28.544   803   803 E audio_hw_primary: no adaptable info  :dump_play
01-01 00:08:28.544   803   803 E audio_hw_primary: no adaptable info  :dump_record
01-01 00:08:28.544   803   803 E audio_hw_primary: no adaptable info  :dump_record
01-01 00:08:28.544   803   803 E audio_hw_primary: no adaptable info  :audio_platform_infor
01-01 00:08:28.544   803   803 E audio_hw_primary: no adaptable info  :microphone_characteristics
01-01 00:08:28.544   803   803 I audio_hw_platform: parse_microphone_characteristic
01-01 00:08:28.545   803   803 I chatty  : uid=1041(audioserver) audio@2.0-servi identical 3 lines
01-01 00:08:28.545   803   803 I audio_hw_platform: parse_microphone_characteristic
01-01 00:08:28.545   803   803 E audio_hw_primary: adev->cp_nbio_pipe (dev/spipe_lte14)
01-01 00:08:28.546   803   803 I audio_hw_primary: vb_effect_getpara read name:/vendor/etc/audio_para.
01-01 00:08:28.546   803   803 I string_exchange_bin: stringfile2nvstruct :8 ----> Recognition
01-01 00:08:28.548   567   567 E libtrusty: tipc_connect: can't connect to tipc service "com.android.trusty.mafp" (err=110)
01-01 00:08:28.554   861   861 I OMXClient: IOmx service obtained
01-01 00:08:28.555   532   673 I OMXMaster: makeComponentInstance(OMX.google.flac.encoder) in android.hardwar process
01-01 00:08:28.559   936   936 D ip_monitor-512: Deleted 21: ipsec_test@lo: <NOARP> mtu 1500 qdisc noop state DOWN group default
01-01 00:08:28.565   861   861 I OMXClient: IOmx service obtained
01-01 00:08:28.565   532   673 I OMXMaster: makeComponentInstance(OMX.sprd.mp3.encoder) in android.hardwar process
01-01 00:08:28.566   530   603 W ServiceManager: Service package_native didn't start. Returning NULL
01-01 00:08:28.567   530   603 E storaged: getService package_native failed
01-01 00:08:28.571   532   673 I SprdMP3Encoder: openDecoder, lib: libomx_mp3enc_sprd.so
01-01 00:08:28.572   530   603 I storaged: storaged: Start
01-01 00:08:28.574   530   603 I ServiceManager: Waiting for service 'package_native' on '/dev/binder'...
01-01 00:08:28.576   532   673 I SPRD_OMX_CORE: Created OMXPlugin : OMX.sprd.mp3.encoder
01-01 00:08:28.580   861   861 I OMXClient: IOmx service obtained
01-01 00:08:28.580   532   532 I OMXMaster: makeComponentInstance(OMX.sprd.av1.decoder) in android.hardwar process
01-01 00:08:28.582   798   798 D ICU     : Time zone APEX file found: /apex/com.android.tzdata/etc/icu/icu_tzdata.dat
01-01 00:08:28.582   799   799 D ICU     : Time zone APEX file found: /apex/com.android.tzdata/etc/icu/icu_tzdata.dat
01-01 00:08:28.583   941   941 D ip_monitor-512: link/none 00:00:00:00:00:00 brd 00:00:00:00:00:00
01-01 00:08:28.585   532   532 I SPRDAV1Decoder: Construct SPRDAV1Decoder, this: 0xef562500, instances: 0
01-01 00:08:28.586   532   532 I SPRDAV1Decoder: openDecoder, lib: libomx_av1dec_sw_sprd.so
01-01 00:08:28.594   532   532 I SPRDAV1Decoder: SPRDAV1Decoder, mDumpYUVEnabled: 0, mDumpStrmEnabled: 0
01-01 00:08:28.599   532   532 I SPRDAV1Decoder: initDecoder, Capability: max wh=1920 1080
01-01 00:08:28.599   532   532 I SPRDAV1Decoder: allocateStreamBuffer,  0xec26cec0 - 2097152
01-01 00:08:28.599   532   532 I SPRDAV1Decoder: initCheck, mInitCheck: 0x0
01-01 00:08:28.599   532   532 I SPRD_OMX_CORE: Created OMXPlugin : OMX.sprd.av1.decoder
01-01 00:08:28.600   532   532 E OMXNodeInstance: getParameter(0xef54fcc0:sprd.av1.decoder, ParamVideoProfileLevelQuerySupported(0x600000f)) ERROR: UnsupportedIndex(0x8000101a)
01-01 00:08:28.601   532   532 I SPRDAV1Decoder: internalGetParameter, OMX_IndexParamVideoPortFormat, eColorFormat: 0x15
01-01 00:08:28.601   532   532 I SPRDAV1Decoder: getExtensionIndex, name: OMX.google.android.index.describeColorFormat
01-01 00:08:28.601   532   532 I SPRDAV1Decoder: getExtensionIndex, name: OMX.google.android.index.describeColorFormat2
01-01 00:08:28.602   532   532 I SPRDAV1Decoder: getExtensionIndex, name: OMX.google.android.index.configureVideoTunnelMode
01-01 00:08:28.602   532   532 E OMXNodeInstance: getExtensionIndex(0xef54fcc0:sprd.av1.decoder, OMX.google.android.index.configureVideoTunnelMode) ERROR: NotImplemented(0x80001006)
01-01 00:08:28.602   861   861 D MediaCodecInfo: detail feature-tunneled-playback wasn't present to remove
01-01 00:08:28.602   532   532 I SPRDAV1Decoder: getExtensionIndex, name: OMX.google.android.index.enableAndroidNativeBuffers
01-01 00:08:28.602   532   532 I SPRDAV1Decoder: getExtensionIndex:OMX.google.android.index.enableAndroidNativeBuffers
01-01 00:08:28.602   532   532 I SPRDAV1Decoder: internalSetParameter, enable AndroidNativeBuffer
01-01 00:08:28.602   532   532 I SPRDAV1Decoder: getExtensionIndex, name: OMX.google.android.index.allocateNativeHandle
01-01 00:08:28.602   532   532 I SPRDAV1Decoder: getExtensionIndex:OMX.google.android.index.allocateNativeHandle
01-01 00:08:28.602   532   532 I SPRDAV1Decoder: internalSetParameter, disable AllocNativeHandle
01-01 00:08:28.602   532   532 I SPRDAV1Decoder: getExtensionIndex, name: OMX.google.android.index.storeANWBufferInMetadata
01-01 00:08:28.602   532   532 I SPRDAV1Decoder: getExtensionIndex, name: OMX.google.android.index.storeMetaDataInBuffers
01-01 00:08:28.602   532   532 E OMXNodeInstance: getExtensionIndex(0xef54fcc0:sprd.av1.decoder, OMX.google.android.index.storeMetaDataInBuffers) ERROR: NotImplemented(0x80001006)
01-01 00:08:28.603   532   532 I SPRDAV1Decoder: getExtensionIndex, name: OMX.google.android.index.prepareForAdaptivePlayback
01-01 00:08:28.603   532   532 E OMXNodeInstance: getExtensionIndex(0xef54fcc0:sprd.av1.decoder, OMX.google.android.index.prepareForAdaptivePlayback) ERROR: NotImplemented(0x80001006)
01-01 00:08:28.603   861   861 D MediaCodecInfo: successfully removed detail feature-adaptive-playback
01-01 00:08:28.603   532   532 I SPRDAV1Decoder: Destruct SPRDAV1Decoder, this: 0xef562500, instances: 1
01-01 00:08:28.603   532   532 I SPRDAV1Decoder: releaseStreamBuffer, 0xec26cec0 - 2097152
01-01 00:08:28.607   861   861 I OMXClient: IOmx service obtained
01-01 00:08:28.607   532   532 I OMXMaster: makeComponentInstance(OMX.sprd.h264.decoder) in android.hardwar process
01-01 00:08:28.615   532   532 I SPRDAVCDecoder: Construct SPRDAVCDecoder, this: 0xef57d000, instances: 0
01-01 00:08:28.615   532   532 I SPRDAVCDecoder: SPRDAVCDecoder, video_cfg: 0, SecureFlag: 0
01-01 00:08:28.615   532   532 I SPRDAVCDecoder: openDecoder, lib: libomx_avcdec_hw_sprd.so
01-01 00:08:28.619   532   532 I SPRDAVCDecoder: SPRDAVCDecoder, mDumpYUVEnabled: 0, mDumpStrmEnabled: 0
01-01 00:08:28.619   532   532 I VSP     : libomx_avcdec_hw_sprd.so is built on Thu Apr 27 14:39:07 CST 2023, Copyright (C) Spreadtrum, Inc.
01-01 00:08:28.621   532   532 I SPRDAVCDecoder: initDecoder, Capability: profile 100, level 41, max wh=1920 3840
01-01 00:08:28.621   532   532 I SPRDAVCDecoder: Get IOMMU Status: 0
01-01 00:08:28.623   532   532 I SPRDAVCDecoder: allocateStreamBuffer, 0x20000000 - 0xec5fb000 - 2097152
01-01 00:08:28.623   532   532 I SPRDAVCDecoder: initCheck, mInitCheck: 0x0
01-01 00:08:28.623   532   532 I SPRD_OMX_CORE: Created OMXPlugin : OMX.sprd.h264.decoder
01-01 00:08:28.629   861   861 W ACodec  : [OMX.sprd.h264.decoder] stopping checking profiles after 32: 8/1
01-01 00:08:28.630   532   532 I SPRDAVCDecoder: internalGetParameter, OMX_IndexParamVideoPortFormat, eColorFormat: 0x15
01-01 00:08:28.630   532   532 I SPRDAVCDecoder: getExtensionIndex, name: OMX.google.android.index.describeColorFormat
01-01 00:08:28.630   532   532 I SPRDAVCDecoder: getExtensionIndex, name: OMX.google.android.index.describeColorFormat2
01-01 00:08:28.631   532   532 I SPRDAVCDecoder: getExtensionIndex, name: OMX.google.android.index.configureVideoTunnelMode
01-01 00:08:28.631   532   532 E OMXNodeInstance: getExtensionIndex(0xef54fcc0:sprd.h264.decoder, OMX.google.android.index.configureVideoTunnelMode) ERROR: NotImplemented(0x80001006)
01-01 00:08:28.631   861   861 D MediaCodecInfo: detail feature-tunneled-playback wasn't present to remove
01-01 00:08:28.632   532   532 I SPRDAVCDecoder: getExtensionIndex, name: OMX.google.android.index.enableAndroidNativeBuffers
01-01 00:08:28.632   532   532 I SPRDAVCDecoder: getExtensionIndex:OMX.google.android.index.enableAndroidNativeBuffers
01-01 00:08:28.632   532   532 I SPRDAVCDecoder: internalSetParameter, enable AndroidNativeBuffer
01-01 00:08:28.632   532   532 I SPRDAVCDecoder: getExtensionIndex, name: OMX.google.android.index.allocateNativeHandle
01-01 00:08:28.632   532   532 I SPRDAVCDecoder: getExtensionIndex:OMX.google.android.index.allocateNativeHandle
01-01 00:08:28.632   532   532 I SPRDAVCDecoder: internalSetParameter, disable AllocNativeHandle
01-01 00:08:28.632   532   532 I SPRDAVCDecoder: getExtensionIndex, name: OMX.google.android.index.storeANWBufferInMetadata
01-01 00:08:28.632   532   532 I SPRDAVCDecoder: getExtensionIndex, name: OMX.google.android.index.storeMetaDataInBuffers
01-01 00:08:28.632   532   532 E OMXNodeInstance: getExtensionIndex(0xef54fcc0:sprd.h264.decoder, OMX.google.android.index.storeMetaDataInBuffers) ERROR: NotImplemented(0x80001006)
01-01 00:08:28.632   532   532 I SPRDAVCDecoder: getExtensionIndex, name: OMX.google.android.index.prepareForAdaptivePlayback
01-01 00:08:28.633   532   532 I SPRDAVCDecoder: Destruct SPRDAVCDecoder, this: 0xef57d000, instances: 1
01-01 00:08:28.633   532   532 I SPRDAVCDecoder: releaseStreamBuffer, 0x20000000 - 0xec5fb000 - 2097152
01-01 00:08:28.634   532   532 I VSP     : H264Dec_ReleaseRefBuffers, 32
01-01 00:08:28.637   861   861 I OMXClient: IOmx service obtained
01-01 00:08:28.637   532   673 I OMXMaster: makeComponentInstance(OMX.sprd.h263.decoder) in android.hardwar process
01-01 00:08:28.644   532   673 I SPRDMPEG4Decoder: Construct SPRDMPEG4Decoder, this: 0x0xef5b9600
01-01 00:08:28.645   532   673 I SPRDMPEG4Decoder: openDecoder, lib: libomx_m4vh263dec_hw_sprd.so
01-01 00:08:28.653   532   673 I VSP     : libomx_m4vh263dec_hw_sprd.so is built on Thu Apr 27 14:39:07 CST 2023, Copyright (C) Spreadtrum, Inc.
01-01 00:08:28.655   803   803 I audio_hw:Alsa_Util: card name is sprdphone, query card=0
01-01 00:08:28.655   803   803 I audio_hw:Alsa_Util: Search Completed, cur_name is sprdphone, card_num=0
01-01 00:08:28.655   803   803 I audio_hw:Alsa_Util: card name is sprdphone, query card=0
01-01 00:08:28.655   803   803 I audio_hw:Alsa_Util: card name is all-i2s, query card=1
01-01 00:08:28.655   803   803 I audio_hw:Alsa_Util: card name is saudiolte, query card=2
01-01 00:08:28.655   803   803 I audio_hw:Alsa_Util: card name is saudiovoip, query card=3
01-01 00:08:28.655   803   803 E audio_hw:Alsa_Util: open snd control failed.
01-01 00:08:28.656   803   803 I chatty  : uid=1041(audioserver) audio@2.0-servi identical 8 lines
01-01 00:08:28.656   803   803 E audio_hw:Alsa_Util: open snd control failed.
01-01 00:08:28.656   532   673 I SPRDMPEG4Decoder: Get IOMMU Status: 0(Success)
01-01 00:08:28.656   803   803 E audio_hw:Alsa_Util: open snd control failed.
01-01 00:08:28.656   803   803 I chatty  : uid=1041(audioserver) audio@2.0-servi identical 16 lines
01-01 00:08:28.657   803   803 E audio_hw:Alsa_Util: open snd control failed.
01-01 00:08:28.657   803   803 E audio_hw:Alsa_Util: There is no one matched to <VIRTUAL AUDIO>.
01-01 00:08:28.657   803   803 I audio_hw:Alsa_Util: card name is sprdphone, query card=0
01-01 00:08:28.657   803   803 I audio_hw:Alsa_Util: card name is all-i2s, query card=1
01-01 00:08:28.657   532   673 I SPRDMPEG4Decoder: pmem 0x20000000 - 0x0xec684000 - 1536000
01-01 00:08:28.657   803   803 I audio_hw:Alsa_Util: card name is saudiolte, query card=2
01-01 00:08:28.657   532   673 I SPRDMPEG4Decoder: SPRDMPEG4Decoder, mDumpYUVEnabled: 0, mDumpStrmEnabled: 0
01-01 00:08:28.657   803   803 I audio_hw:Alsa_Util: card name is saudiovoip, query card=3
01-01 00:08:28.657   803   803 I audio_hw:Alsa_Util: Search Completed, cur_name is saudiovoip, card_num=3
01-01 00:08:28.657   532   673 I SPRD_OMX_CORE: Created OMXPlugin : OMX.sprd.h263.decoder
01-01 00:08:28.657   803   803 I audio_hw:Alsa_Util: card name is sprdphone, query card=0
01-01 00:08:28.657   803   803 I audio_hw:Alsa_Util: card name is all-i2s, query card=1
01-01 00:08:28.657   803   803 I audio_hw:Alsa_Util: Search Completed, cur_name is all-i2s, card_num=1
01-01 00:08:28.657   803   803 I audio_hw:Alsa_Util: card name is sprdphone, query card=0
01-01 00:08:28.657   803   803 I audio_hw:Alsa_Util: card name is all-i2s, query card=1
01-01 00:08:28.657   803   803 I audio_hw:Alsa_Util: card name is saudiolte, query card=2
01-01 00:08:28.657   803   803 I audio_hw:Alsa_Util: card name is saudiovoip, query card=3
01-01 00:08:28.658   803   803 E audio_hw:Alsa_Util: open snd control failed.
01-01 00:08:28.659   803   803 I chatty  : uid=1041(audioserver) audio@2.0-servi identical 26 lines
01-01 00:08:28.659   803   803 E audio_hw:Alsa_Util: open snd control failed.
01-01 00:08:28.659   803   803 E audio_hw:Alsa_Util: There is no one matched to <VIRTUAL AUDIO W>.
01-01 00:08:28.659   803   803 I audio_hw:Alsa_Util: card name is sprdphone, query card=0
01-01 00:08:28.659   803   803 I audio_hw:Alsa_Util: card name is all-i2s, query card=1
01-01 00:08:28.659   803   803 I audio_hw:Alsa_Util: card name is saudiolte, query card=2
01-01 00:08:28.659   803   803 I audio_hw:Alsa_Util: Search Completed, cur_name is saudiolte, card_num=2
01-01 00:08:28.659   803   803 I audio_hw_primary: s_tinycard = 0, s_vaudio = -1,s_voip = 3, s_bt_sco = 1,s_vaudio_w is -1, s_vaudio_lte is 2
01-01 00:08:28.659   803   803 V audio_hw_primary: Reading configuration from /vendor/etc/tiny_hw.xml
01-01 00:08:28.660   532   532 I SPRDMPEG4Decoder: internalGetParameter, OMX_IndexParamVideoPortFormat, eColorFormat: 0x15
01-01 00:08:28.660   532   532 I SPRDMPEG4Decoder: getExtensionIndex, name: OMX.google.android.index.describeColorFormat
01-01 00:08:28.660   532   532 I SPRDMPEG4Decoder: getExtensionIndex, name: OMX.google.android.index.describeColorFormat2
01-01 00:08:28.661   532   532 I SPRDMPEG4Decoder: getExtensionIndex, name: OMX.google.android.index.configureVideoTunnelMode
01-01 00:08:28.661   532   532 E OMXNodeInstance: getExtensionIndex(0xef54fea0:sprd.h263.decoder, OMX.google.android.index.configureVideoTunnelMode) ERROR: NotImplemented(0x80001006)
01-01 00:08:28.661   861   861 D MediaCodecInfo: detail feature-tunneled-playback wasn't present to remove
01-01 00:08:28.661   532   532 I SPRDMPEG4Decoder: getExtensionIndex, name: OMX.google.android.index.enableAndroidNativeBuffers
01-01 00:08:28.661   532   532 I SPRDMPEG4Decoder: getExtensionIndex:OMX.google.android.index.enableAndroidNativeBuffers
01-01 00:08:28.661   532   532 I SPRDMPEG4Decoder: internalSetParameter, enable AndroidNativeBuffer
01-01 00:08:28.661   532   532 I SPRDMPEG4Decoder: getExtensionIndex, name: OMX.google.android.index.allocateNativeHandle
01-01 00:08:28.661   532   532 I SPRDMPEG4Decoder: getExtensionIndex, name: OMX.google.android.index.storeANWBufferInMetadata
01-01 00:08:28.661   532   532 I SPRDMPEG4Decoder: getExtensionIndex, name: OMX.google.android.index.storeMetaDataInBuffers
01-01 00:08:28.661   532   532 E OMXNodeInstance: getExtensionIndex(0xef54fea0:sprd.h263.decoder, OMX.google.android.index.storeMetaDataInBuffers) ERROR: NotImplemented(0x80001006)
01-01 00:08:28.661   532   532 I SPRDMPEG4Decoder: getExtensionIndex, name: OMX.google.android.index.prepareForAdaptivePlayback
01-01 00:08:28.661   532   532 E OMXNodeInstance: getExtensionIndex(0xef54fea0:sprd.h263.decoder, OMX.google.android.index.prepareForAdaptivePlayback) ERROR: NotImplemented(0x80001006)
01-01 00:08:28.661   861   861 D MediaCodecInfo: successfully removed detail feature-adaptive-playback
01-01 00:08:28.662   532   532 I SPRDMPEG4Decoder: Destruct SPRDMPEG4Decoder, this: 0x0xef5b9600
01-01 00:08:28.664   803   803 W audio_hw_primary: unnamed entry tinyalsa-audio, 2
01-01 00:08:28.665   803   803 W audio_hw_primary: unnamed entry path, 0
01-01 00:08:28.665   803   803 V audio_hw_primary: Set 'HPL Playback Volume'.0 to 6
01-01 00:08:28.665   803   803 V audio_hw_primary: Set 'HPR Playback Volume'.0 to 6
01-01 00:08:28.665   803   803 V audio_hw_primary: Set 'DAC Playback Volume'.0 to 2
01-01 00:08:28.665   803   803 V audio_hw_primary: Set 'SPKL Playback Volume'.0 to 2
01-01 00:08:28.665   803   803 V audio_hw_primary: Set 'DAC Playback Volume'.0 to 2
01-01 00:08:28.665   803   803 V audio_hw_primary: Set 'EAR Playback Volume'.0 to 6
01-01 00:08:28.665   803   803 V audio_hw_primary: Set 'DAC Playback Volume'.0 to 2
01-01 00:08:28.665   803   803 V audio_hw_primary: Set 'ADCL Capture Volume'.0 to 5
01-01 00:08:28.666   803   803 V audio_hw_primary: Set 'ADCR Capture Volume'.0 to 5
01-01 00:08:28.666   803   803 V audio_hw_primary: s->adev->private_ctl.vbc_switch is successful
01-01 00:08:28.666   861   861 I OMXClient: IOmx service obtained
01-01 00:08:28.666   803   803 V audio_hw_primary: s->adev->private_ctl.vbc_eq_update is successful
01-01 00:08:28.666   803   803 V audio_hw_primary: s->adev->private_ctl.vbc_da_eq_switch is successful
01-01 00:08:28.666   803   803 V audio_hw_primary: s->adev->private_ctl.vbc_ad01_eq_switch is successful
01-01 00:08:28.666   532   532 I OMXMaster: makeComponentInstance(OMX.sprd.hevc.decoder) in android.hardwar process
01-01 00:08:28.666   803   803 V audio_hw_primary: s->adev->private_ctl.vbc_da_eq_switch is successful
01-01 00:08:28.666   803   803 V audio_hw_primary: s->adev->private_ctl.vbc_ad01_eq_switch is successful
01-01 00:08:28.667   803   803 V audio_hw_primary: s->adev->private_ctl.internal_pa is successful
01-01 00:08:28.667   803   803 V audio_hw_primary: s->adev->private_ctl.speaker_mute is successful
01-01 00:08:28.667   803   803 V audio_hw_primary: s->adev->private_ctl.speaker2_mute is successful
01-01 00:08:28.667   803   803 V audio_hw_primary: s->adev->private_ctl.earpiece_mute is successful
01-01 00:08:28.667   803   803 V audio_hw_primary: s->adev->private_ctl.headphone_mute is successful
01-01 00:08:28.667   803   803 V audio_hw_primary: s->adev->private_ctl.aud_codec_info is successful
01-01 00:08:28.667   803   803 V audio_hw_primary: s->adev->private_ctl.fm_da0_mux is successful
01-01 00:08:28.668   803   803 V audio_hw_primary: s->adev->private_ctl.vbc_ad01iis_to_dfm is successful
01-01 00:08:28.668   803   803 V audio_hw_primary: Allocating device builtin-mic
01-01 00:08:28.668   803   803 V audio_hw_primary: Set 'Mic Function'.0 to 0
01-01 00:08:28.669   803   803 V audio_hw_primary: Set 'ADCL Mixer MainMICADCL Switch'.0 to 0
01-01 00:08:28.669   803   803 I audio_hw_primary: Set 'ADC1 LRCLK Select' to 'normal'
01-01 00:08:28.669   803   803 I audio_hw_primary: Set 'ADC LRCLK Select' to 'normal'
01-01 00:08:28.669   803   803 V audio_hw_primary: Allocating device back-mic
01-01 00:08:28.669   803   803 V audio_hw_primary: Set 'Aux Mic Function'.0 to 0
01-01 00:08:28.669   803   803 V audio_hw_primary: Set 'ADCR Mixer AuxMICADCR Switch'.0 to 0
01-01 00:08:28.669   803   803 V audio_hw_primary: Allocating device headset-in
01-01 00:08:28.670   803   803 V audio_hw_primary: Set 'HP Mic Function'.0 to 0
01-01 00:08:28.670   803   803 V audio_hw_primary: Set 'ADCL Mixer HPMICADCL Switch'.0 to 0
01-01 00:08:28.670   803   803 V audio_hw_primary: Set 'ADCR Mixer HPMICADCR Switch'.0 to 0
01-01 00:08:28.670   803   803 V audio_hw_primary: Set 'SPKL Mixer ADCLSPKL Switch'.0 to 1
01-01 00:08:28.670   803   803 V audio_hw_primary: Set 'SPKL Mixer ADCRSPKL Switch'.0 to 1
01-01 00:08:28.671   803   803 V audio_hw_primary: Set 'SPKL Mixer ADCLSPKL Switch'.0 to 0
01-01 00:08:28.671   803   803 V audio_hw_primary: Set 'SPKL Mixer ADCRSPKL Switch'.0 to 0
01-01 00:08:28.671   803   803 W audio_hw_primary: Unknown control 'HPL Mixer ADCRHPL Switch'
01-01 00:08:28.671   803   803 W audio_hw_primary: Unknown control 'HPR Mixer ADCLHPR Switch'
01-01 00:08:28.671   803   803 W audio_hw_primary: Unknown control 'HPL Mixer ADCRHPL Switch'
01-01 00:08:28.671   803   803 W audio_hw_primary: Unknown control 'HPR Mixer ADCLHPR Switch'
01-01 00:08:28.672   803   803 V audio_hw_primary: Set 'HeadPhone Mute'.0 to 1
01-01 00:08:28.672   803   803 W audio_hw_primary: Unknown control 'ADCL Mixer AILADCL Switch'
01-01 00:08:28.672   803   803 W audio_hw_primary: Unknown control 'ADCR Mixer AIRADCR Switch'
01-01 00:08:28.672   803   803 V audio_hw_primary: Set 'Line Function'.0 to 1
01-01 00:08:28.672   532   532 I SPRDHEVCDecoder: Construct SPRDHEVCDecoder, this: 0xed174900, instances: 0
01-01 00:08:28.672   532   532 I SPRDHEVCDecoder: openDecoder, lib: libomx_hevcdec_hw_sprd.so
01-01 00:08:28.673   803   803 V audio_hw_primary: Set 'HeadPhone Mute'.0 to 0
01-01 00:08:28.673   803   803 V audio_hw_primary: Set 'Line Function'.0 to 0
01-01 00:08:28.673   803   803 W audio_hw_primary: Unknown control 'ADCL Mixer AILADCL Switch'
01-01 00:08:28.673   803   803 W audio_hw_primary: Unknown control 'ADCR Mixer AIRADCR Switch'
01-01 00:08:28.673   803   803 V audio_hw_primary: Allocating device digital-fm
01-01 00:08:28.674   803   803 V audio_hw_primary: Set 'Digital FM Function'.0 to 0
01-01 00:08:28.674   803   803 V audio_hw_primary: Set 'DA0 ADDST MUX'.0 to 0
01-01 00:08:28.674   803   803 V audio_hw_primary: Set 'DA1 ADDST MUX'.0 to 0
01-01 00:08:28.674   803   803 V audio_hw_primary: Set 'DA0 ADDFM MUX'.0 to 0
01-01 00:08:28.674   803   803 V audio_hw_primary: Set 'DA1 ADDFM MUX'.0 to 0
01-01 00:08:28.674   803   803 V audio_hw_primary: Allocating device speaker
01-01 00:08:28.674   803   803 V audio_hw_primary: Set 'Speaker Function'.0 to 0
01-01 00:08:28.674   803   803 V audio_hw_primary: Set 'SPKL Mixer DACLSPKL Switch'.0 to 0
01-01 00:08:28.674   803   803 V audio_hw_primary: Allocating device headphone
01-01 00:08:28.674   530   603 I ServiceManager: Waiting for service 'package_native' on '/dev/binder'...
01-01 00:08:28.674   803   803 V audio_hw_primary: Set 'HeadPhone Function'.0 to 0
01-01 00:08:28.674   803   803 V audio_hw_primary: Set 'HPL Mixer DACLHPL Switch'.0 to 0
01-01 00:08:28.675   803   803 V audio_hw_primary: Set 'HPR Mixer DACRHPR Switch'.0 to 0
01-01 00:08:28.675   803   803 I audio_hw_primary: Set 'HPL EAR Sel' to 'EAR'
01-01 00:08:28.675   803   803 V audio_hw_primary: Allocating device earpiece
