01-01 00:08:33.807   557   682 V C2Store : in ~ComponentModule
01-01 00:08:33.807   557   682 V C2Store : unloading dll
01-01 00:08:33.814  1295  1295 D ip_monitor-512: 16000:	from all fwmark 0x0/0x10000 lookup 98
01-01 00:08:33.816  1125  1125 W Zygote  : Class not found for preloading: android.media.audiopolicy.AudioProductStrategies
01-01 00:08:33.817  1125  1125 W Zygote  : Class not found for preloading: android.media.audiopolicy.AudioVolumeGroups
01-01 00:08:33.838  1301  1301 D ip_monitor-512: 10000:	from all fwmark 0xc0000/0xd0000 lookup 99
01-01 00:08:33.862  1302  1302 D ip_monitor-512: 10000:	from all fwmark 0xc0000/0xd0000 lookup 99
01-01 00:08:33.869  1129  1129 W ServiceManagement: Waited one second for android.hardware.graphics.composer@2.1::IComposer/default
01-01 00:08:33.870  1129  1129 I ServiceManagement: getService: Trying again for android.hardware.graphics.composer@2.1::IComposer/default...
01-01 00:08:33.885  1303  1303 D ip_monitor-512: 13000:	from all fwmark 0x10063/0x1ffff iif lo lookup 97
01-01 00:08:33.904  1130  1144 I BTAudioHw: adev_get_parameters: keys=[headphonestate]
01-01 00:08:33.909  1305  1305 D ip_monitor-512: 13000:	from all fwmark 0x10063/0x1ffff iif lo lookup 97
01-01 00:08:33.933  1306  1306 D ip_monitor-512: 17000:	from all fwmark 0x0/0x10000 lookup 97
01-01 00:08:33.956  1307  1307 D ip_monitor-512: 17000:	from all fwmark 0x0/0x10000 lookup 97
01-01 00:08:33.971  1125  1125 W Zygote  : Class not found for preloading: android.view.textclassifier.-$$Lambda$TextClassificationManager$JIaezIJbMig_-kVzN6oArzkTsJE
01-01 00:08:33.979  1308  1308 D ip_monitor-512: 32000:	from all unreachable
01-01 00:08:33.988  1125  1125 W Zygote  : Class not found for preloading: com.android.internal.net.NetworkStatsFactory
01-01 00:08:33.995  1125  1125 W Zygote  : Class not found for preloading: com.android.internal.telephony.-$$Lambda$PhoneSubInfoController$8HFbCDJDN1mrLJG980qYH5MGqMk
01-01 00:08:33.995  1125  1125 W Zygote  : Class not found for preloading: com.android.internal.telephony.-$$Lambda$PhoneSubInfoController$U28a_EGx2cvmQhDfRRgonMt5Zrc
01-01 00:08:33.995  1125  1125 W Zygote  : Class not found for preloading: com.android.internal.telephony.-$$Lambda$SubscriptionInfoUpdater$-zZXM9oMRZ3vZz7dJOG19J00Bmw
01-01 00:08:33.996  1125  1125 W Zygote  : Class not found for preloading: com.android.internal.telephony.-$$Lambda$SubscriptionInfoUpdater$D5yF1HbS4cvCyoAj3FESkPtA_0g
01-01 00:08:33.996  1125  1125 W Zygote  : Class not found for preloading: com.android.internal.telephony.-$$Lambda$SubscriptionInfoUpdater$MMx9iQX0JVqqMPLTUZhdBubFSzU
01-01 00:08:34.000  1125  1125 W Zygote  : Class not found for preloading: com.android.internal.telephony.PhoneConfigurationModels
01-01 00:08:34.002  1125  1125 W Zygote  : Class not found for preloading: com.android.internal.telephony.SubscriptionController$ScLocalLog
01-01 00:08:34.003  1309  1309 D ip_monitor-512: 32000:	from all unreachable
01-01 00:08:34.003  1125  1125 W Zygote  : Class not found for preloading: com.android.internal.telephony.UiccSmsController
01-01 00:08:34.006  1130  1144 I BTAudioHw: adev_get_parameters: keys=[headphonestate]
01-01 00:08:34.026  1310  1310 D ip_monitor-512: 10500:	from all iif lo oif dummy0 uidrange 0-0 lookup 1002
01-01 00:08:34.049  1311  1311 D ip_monitor-512: 10500:	from all iif lo oif dummy0 uidrange 0-0 lookup 1002
01-01 00:08:34.072  1312  1312 D ip_monitor-512: 14000:	from all iif lo oif dummy0 lookup 1002
01-01 00:08:34.077  1125  1125 I Zygote  : ...preloaded 7590 classes in 786ms.
01-01 00:08:34.077  1125  1125 I zygote64: VMRuntime.preloadDexCaches starting
01-01 00:08:34.095  1313  1313 D ip_monitor-512: 14000:	from all iif lo oif dummy0 lookup 1002
01-01 00:08:34.108  1130  1144 I BTAudioHw: adev_get_parameters: keys=[headphonestate]
01-01 00:08:34.119  1314  1314 D ip_monitor-512: ipv4 dev ipsec_test forwarding off rp_filter off mc_forwarding off proxy_neigh off ignore_routes_with_linkdown off
01-01 00:08:34.142  1315  1315 D ip_monitor-512: ipv6 dev ipsec_test forwarding off proxy_neigh off ignore_routes_with_linkdown off
01-01 00:08:34.145  1125  1125 I zygote64: VMRuntime.preloadDexCaches strings total=391567 before=12786 after=12786
01-01 00:08:34.145  1125  1125 I zygote64: VMRuntime.preloadDexCaches types total=36604 before=7164 after=7434
01-01 00:08:34.145  1125  1125 I zygote64: VMRuntime.preloadDexCaches fields total=164888 before=8007 after=8208
01-01 00:08:34.145  1125  1125 I zygote64: VMRuntime.preloadDexCaches methods total=289487 before=11087 after=11519
01-01 00:08:34.145  1125  1125 I zygote64: VMRuntime.preloadDexCaches finished
01-01 00:08:34.145  1125  1125 D Zygote64Timing: PreloadClasses took to complete: 854ms
01-01 00:08:34.148  1125  1125 I zygote64: The ClassLoaderContext is a special shared library.
01-01 00:08:34.150  1125  1125 D ApplicationLoaders: Created zygote-cached class loader: /system/framework/android.hidl.base-V1.0-java.jar
01-01 00:08:34.152  1125  1125 I zygote64: The ClassLoaderContext is a special shared library.
01-01 00:08:34.154  1125  1125 D ApplicationLoaders: Created zygote-cached class loader: /system/framework/android.hidl.manager-V1.0-java.jar
01-01 00:08:34.154  1125  1125 D Zygote64Timing: CacheNonBootClasspathClassLoaders took to complete: 9ms
01-01 00:08:34.167  1316  1316 D ip_monitor-512: 22: ipsec_test@lo: <NOARP> mtu 1500 qdisc noop state DOWN group default
01-01 00:08:34.190  1318  1318 D ip_monitor-512: link/none 00:00:00:00:00:00 brd 00:00:00:00:00:00
01-01 00:08:34.211  1130  1144 I BTAudioHw: adev_get_parameters: keys=[headphonestate]
01-01 00:08:34.213  1319  1319 D ip_monitor-512: Unknown message: type=0x00000051(81) flags=0x00000000(0)len=0x0000001c(28)
01-01 00:08:34.237  1320  1320 D ip_monitor-512: Unknown message: type=0x00000051(81) flags=0x00000000(0)len=0x0000001c(28)
01-01 00:08:34.243   787   787 D NVITEM  : : get wake_lock 1
01-01 00:08:34.243   787   787 D NVITEM  : : channel_read: wake lock bEnable = 1!
01-01 00:08:34.244   787   787 D NVITEM  : : channel_read success
01-01 00:08:34.244   787   787 D NVITEM  : : _getPacket start read 1044 size 1024 grp 1 sub 0
01-01 00:08:34.244   787   787 D NVITEM  : : _getPacket
01-01 00:08:34.245   787   787 D NVITEM  : : get wake_lock 0
01-01 00:08:34.245   787   787 D NVITEM  : : channel_read success
01-01 00:08:34.245   787   787 D NVITEM  : : _getPacket continue read 1044 size 1024 grp 1 sub 1
01-01 00:08:34.245   787   787 D NVITEM  : : _getPacket
01-01 00:08:34.246   787   787 D NVITEM  : : get wake_lock 0
01-01 00:08:34.246   787   787 D NVITEM  : : channel_read success
01-01 00:08:34.247   787   787 D NVITEM  : : _getPacket continue read 1044 size 1024 grp 1 sub 2
01-01 00:08:34.247   787   787 D NVITEM  : : _getPacket
01-01 00:08:34.248   787   787 D NVITEM  : : get wake_lock 0
01-01 00:08:34.248   787   787 D NVITEM  : : channel_read success
01-01 00:08:34.248   787   787 D NVITEM  : : _getPacket continue read 1044 size 1024 grp 1 sub 3
01-01 00:08:34.248   787   787 D NVITEM  : : _getPacket
01-01 00:08:34.249   787   787 D NVITEM  : : get wake_lock 0
01-01 00:08:34.249   787   787 D NVITEM  : : channel_read success
01-01 00:08:34.249   787   787 D NVITEM  : : _getPacket continue read 1044 size 1024 grp 1 sub 4
01-01 00:08:34.249   787   787 D NVITEM  : : _getPacket
01-01 00:08:34.250   787   787 D NVITEM  : : get wake_lock 0
01-01 00:08:34.250   787   787 D NVITEM  : : channel_read success
01-01 00:08:34.250   787   787 D NVITEM  : : _getPacket continue read 1044 size 1024 grp 1 sub 5
01-01 00:08:34.251   787   787 D NVITEM  : : _getPacket
01-01 00:08:34.252   787   787 D NVITEM  : : get wake_lock 0
01-01 00:08:34.252   787   787 D NVITEM  : : channel_read success
01-01 00:08:34.252   787   787 D NVITEM  : : _getPacket continue read 1044 size 1024 grp 1 sub 6
01-01 00:08:34.252   787   787 D NVITEM  : : _getPacket
01-01 00:08:34.253   787   787 D NVITEM  : : get wake_lock 0
01-01 00:08:34.253   787   787 D NVITEM  : : channel_read success
01-01 00:08:34.253   787   787 D NVITEM  : : _getPacket continue read 1044 size 1024 grp 1 sub 7
01-01 00:08:34.253   787   787 D NVITEM  : : _getPacket
01-01 00:08:34.254   787   787 D NVITEM  : : get wake_lock 0
01-01 00:08:34.254   787   787 D NVITEM  : : channel_read success
01-01 00:08:34.254   787   787 D NVITEM  : : _getPacket continue read 1044 size 1024 grp 1 sub 8
01-01 00:08:34.254   787   787 D NVITEM  : : _getPacket
01-01 00:08:34.255   787   787 D NVITEM  : : get wake_lock 0
01-01 00:08:34.255   787   787 D NVITEM  : : channel_read success
01-01 00:08:34.255   787   787 D NVITEM  : : _getPacket continue read 1044 size 572 grp 1 sub 9
01-01 00:08:34.256   787   787 D NVITEM  : : sync _syncGetTail success
01-01 00:08:34.256   787   787 D sprd_halo_cali: : halo period increment [7]/[300]!
01-01 00:08:34.257   787   787 D NVITEM  : : partId1:checksum_64=1
01-01 00:08:34.261   787   787 D NVITEM  : : write backup header
01-01 00:08:34.261  1321  1321 D ip_monitor-512: Deleted 22: ipsec_test@lo: <NOARP> mtu 1500 qdisc noop state DOWN group default
01-01 00:08:34.276   787   787 D NVITEM  : : write origin header
01-01 00:08:34.284  1322  1322 D ip_monitor-512: link/none 00:00:00:00:00:00 brd 00:00:00:00:00:00
01-01 00:08:34.293   787   787 D NVITEM  : : partId1:image write finished 1!
01-01 00:08:34.293   787   787 D NVITEM  : : _syncReset: wake lock bEnable = 0!
01-01 00:08:34.293   787   787 D NVITEM  : : release wake lock
01-01 00:08:34.293   787   787 D NVITEM  : : _getPacket
01-01 00:08:34.294   787   787 D NVITEM  : : get wake_lock 1
01-01 00:08:34.294   787   787 D NVITEM  : : channel_read: wake lock bEnable = 1!
01-01 00:08:34.295   787   787 D NVITEM  : : channel_read success
01-01 00:08:34.295   787   787 D NVITEM  : : _getPacket start read 1044 size 1024 grp 2 sub 0
01-01 00:08:34.295   787   787 D NVITEM  : : _getPacket
01-01 00:08:34.296   787   787 D NVITEM  : : get wake_lock 0
01-01 00:08:34.296   787   787 D NVITEM  : : channel_read success
01-01 00:08:34.296   787   787 D NVITEM  : : _getPacket continue read 1044 size 1024 grp 2 sub 1
01-01 00:08:34.296   787   787 D NVITEM  : : _getPacket
01-01 00:08:34.297   787   787 D NVITEM  : : get wake_lock 0
01-01 00:08:34.297   787   787 D NVITEM  : : channel_read success
01-01 00:08:34.297   787   787 D NVITEM  : : _getPacket continue read 1044 size 1024 grp 2 sub 2
01-01 00:08:34.297   787   787 D NVITEM  : : _getPacket
01-01 00:08:34.299   787   787 D NVITEM  : : get wake_lock 0
01-01 00:08:34.299   787   787 D NVITEM  : : channel_read success
01-01 00:08:34.299   787   787 D NVITEM  : : _getPacket continue read 1044 size 1024 grp 2 sub 3
01-01 00:08:34.299   787   787 D NVITEM  : : _getPacket
01-01 00:08:34.300   787   787 D NVITEM  : : get wake_lock 0
01-01 00:08:34.300   787   787 D NVITEM  : : channel_read success
01-01 00:08:34.300   787   787 D NVITEM  : : _getPacket continue read 1044 size 1024 grp 2 sub 4
01-01 00:08:34.300   787   787 D NVITEM  : : _getPacket
01-01 00:08:34.301   787   787 D NVITEM  : : get wake_lock 0
01-01 00:08:34.301   787   787 D NVITEM  : : channel_read success
01-01 00:08:34.301   787   787 D NVITEM  : : _getPacket continue read 1044 size 1024 grp 2 sub 5
01-01 00:08:34.301   787   787 D NVITEM  : : _getPacket
01-01 00:08:34.302   787   787 D NVITEM  : : get wake_lock 0
01-01 00:08:34.302   787   787 D NVITEM  : : channel_read success
01-01 00:08:34.302   787   787 D NVITEM  : : _getPacket continue read 1044 size 1024 grp 2 sub 6
01-01 00:08:34.303   787   787 D NVITEM  : : _getPacket
01-01 00:08:34.304   787   787 D NVITEM  : : get wake_lock 0
01-01 00:08:34.304   787   787 D NVITEM  : : channel_read success
01-01 00:08:34.304   787   787 D NVITEM  : : _getPacket continue read 1044 size 1024 grp 2 sub 7
01-01 00:08:34.304   787   787 D NVITEM  : : _getPacket
01-01 00:08:34.305   787   787 D NVITEM  : : get wake_lock 0
01-01 00:08:34.305   787   787 D NVITEM  : : channel_read success
01-01 00:08:34.305   787   787 D NVITEM  : : _getPacket continue read 1044 size 1024 grp 2 sub 8
01-01 00:08:34.305   787   787 D NVITEM  : : _getPacket
01-01 00:08:34.306  1125  1125 I Zygote  : Preloading resources...
01-01 00:08:34.306   787   787 D NVITEM  : : get wake_lock 0
01-01 00:08:34.306   787   787 D NVITEM  : : channel_read success
01-01 00:08:34.306   787   787 D NVITEM  : : _getPacket continue read 1044 size 1024 grp 2 sub 9
01-01 00:08:34.306   787   787 D NVITEM  : : _getPacket
01-01 00:08:34.307   787   787 D NVITEM  : : get wake_lock 0
01-01 00:08:34.307   787   787 D NVITEM  : : channel_read success
01-01 00:08:34.307   787   787 D NVITEM  : : _getPacket continue read 1044 size 1024 grp 2 sub 10
01-01 00:08:34.307   787   787 D NVITEM  : : _getPacket
01-01 00:08:34.308   787   787 D NVITEM  : : get wake_lock 0
01-01 00:08:34.308   787   787 D NVITEM  : : channel_read success
01-01 00:08:34.309   787   787 D NVITEM  : : _getPacket continue read 1044 size 1024 grp 2 sub 11
01-01 00:08:34.309   787   787 D NVITEM  : : _getPacket
01-01 00:08:34.310   787   787 D NVITEM  : : get wake_lock 0
01-01 00:08:34.310   787   787 D NVITEM  : : channel_read success
01-01 00:08:34.310   787   787 D NVITEM  : : _getPacket continue read 1044 size 1024 grp 2 sub 12
01-01 00:08:34.310   787   787 D NVITEM  : : _getPacket
01-01 00:08:34.311   787   787 D NVITEM  : : get wake_lock 0
01-01 00:08:34.311   787   787 D NVITEM  : : channel_read success
01-01 00:08:34.311   787   787 D NVITEM  : : _getPacket continue read 1044 size 180 grp 2 sub 13
01-01 00:08:34.311   787   787 D NVITEM  : : sync _syncGetTail success
01-01 00:08:34.312   787   787 D NVITEM  : : partId2:checksum_64=1
01-01 00:08:34.314  1130  1144 I BTAudioHw: adev_get_parameters: keys=[headphonestate]
01-01 00:08:34.315   787   787 D NVITEM  : : write backup header
01-01 00:08:34.321  1125  1125 W Resources: Preloaded drawable resource #0x108027c (android:drawable/dialog_background_material) that varies with configuration!!
01-01 00:08:34.334   787   787 D NVITEM  : : write origin header
01-01 00:08:34.346  1125  1125 I Zygote  : ...preloaded 64 resources in 40ms.
01-01 00:08:34.352  1125  1125 I Zygote  : ...preloaded 41 resources in 6ms.
01-01 00:08:34.352  1125  1125 D Zygote64Timing: PreloadResources took to complete: 198ms
01-01 00:08:34.356   787   787 D NVITEM  : : partId2:image write finished 1!
01-01 00:08:34.356   787   787 D NVITEM  : : _syncReset: wake lock bEnable = 0!
01-01 00:08:34.356   787   787 D NVITEM  : : release wake lock
01-01 00:08:34.356   787   787 D NVITEM  : : _getPacket
01-01 00:08:34.380  1125  1125 D libEGL  : loaded /vendor/lib64/egl/libEGL_POWERVR_ROGUE.so
01-01 00:08:34.390  1125  1125 D libEGL  : loaded /vendor/lib64/egl/libGLESv1_CM_POWERVR_ROGUE.so
01-01 00:08:34.398  1125  1125 D libEGL  : loaded /vendor/lib64/egl/libGLESv2_POWERVR_ROGUE.so
01-01 00:08:34.416  1130  1144 I BTAudioHw: adev_get_parameters: keys=[headphonestate]
01-01 00:08:34.425  1125  1125 I Zygote  : Preloading shared libraries...
01-01 00:08:34.433  1125  1125 I Zygote  : Called ZygoteHooks.endPreload()
01-01 00:08:34.434  1125  1125 I Zygote  : Installed AndroidKeyStoreProvider in 0ms.
01-01 00:08:34.447  1125  1125 I Zygote  : Warmed up JCA providers in 14ms.
01-01 00:08:34.447  1125  1125 D Zygote  : end preload
01-01 00:08:34.447  1125  1125 D Zygote64Timing: ZygotePreload took to complete: 1171ms
01-01 00:08:34.499  1125  1125 I zygote64: Explicit concurrent copying GC freed 62792(3497KB) AllocSpace objects, 16(388KB) LOS objects, 49% free, 2559KB/5118KB, paused 80us total 51.830ms
01-01 00:08:34.519  1130  1144 I BTAudioHw: adev_get_parameters: keys=[headphonestate]
01-01 00:08:34.539  1125  1125 I zygote64: Explicit concurrent copying GC freed 6065(208KB) AllocSpace objects, 0(0B) LOS objects, 49% free, 2382KB/4764KB, paused 31us total 33.221ms
01-01 00:08:34.539  1125  1125 D Zygote64Timing: PostZygoteInitGC took to complete: 92ms
01-01 00:08:34.540  1125  1125 D Zygote64Timing: ZygoteInit took to complete: 1263ms
01-01 00:08:34.623  1130  1144 I BTAudioHw: adev_get_parameters: keys=[headphonestate]
01-01 00:08:34.670  1125  1125 D Zygote  : Forked child process 1323
01-01 00:08:34.670  1125  1125 I Zygote  : System server process 1323 has been created
01-01 00:08:34.674  1125  1125 I Zygote  : Accepting command socket connections
01-01 00:08:34.681  1323  1323 I system_server: The ClassLoaderContext is a special shared library.
01-01 00:08:34.696   567   567 E libtrusty: tipc_connect: can't connect to tipc service "com.android.trusty.mafp" (err=110)
01-01 00:08:34.715  1323  1323 I system_server: The ClassLoaderContext is a special shared library.
01-01 00:08:34.719  1323  1323 I chatty  : uid=1000 system_server identical 1 line
01-01 00:08:34.724  1323  1323 I system_server: The ClassLoaderContext is a special shared library.
01-01 00:08:34.726  1130  1144 I BTAudioHw: adev_get_parameters: keys=[headphonestate]
01-01 00:08:34.727  1323  1323 I system_server: The ClassLoaderContext is a special shared library.
01-01 00:08:34.767  1323  1323 I SystemServer: InitBeforeStartServices
01-01 00:08:34.768   494   494 I adbd    : Tianyuan Current sh name:stat -c %u /proc/1323 | xargs -n 1 cmd package list packages --uid
01-01 00:08:34.770  1323  1323 I SystemServer: Entered the Android system server!
01-01 00:08:34.829  1130  1144 I BTAudioHw: adev_get_parameters: keys=[headphonestate]
01-01 00:08:34.833  1346  1346 W cmd     : Can't find service package
01-01 00:08:34.865  1348  1348 W cmd     : Can't find service package
01-01 00:08:34.870  1129  1129 W ServiceManagement: Waited one second for android.hardware.graphics.composer@2.1::IComposer/default
01-01 00:08:34.871  1129  1129 I ServiceManagement: getService: Trying again for android.hardware.graphics.composer@2.1::IComposer/default...
01-01 00:08:34.931  1130  1144 I BTAudioHw: adev_get_parameters: keys=[headphonestate]
01-01 00:08:34.981  1323  1323 E UsbAlsaJackDetectorJNI: Can't register UsbAlsaJackDetector native methods
01-01 00:08:34.997  1323  1323 D SystemServerTiming: InitBeforeStartServices took to complete: 230ms
01-01 00:08:34.997  1323  1323 I SystemServer: StartServices
01-01 00:08:34.998  1323  1323 I SystemServer: StartWatchdog
01-01 00:08:35.005  1323  1323 D SystemServerTiming: StartWatchdog took to complete: 8ms
01-01 00:08:35.005  1323  1323 I SystemServer: Reading configuration...
01-01 00:08:35.005  1323  1323 I SystemServer: ReadingSystemConfig
01-01 00:08:35.006  1323  1323 D SystemServerTiming: ReadingSystemConfig took to complete: 1ms
01-01 00:08:35.007  1323  1323 I SystemServer: StartInstaller
01-01 00:08:35.007  1323  1358 D SystemServerInitThreadPool: Started executing ReadingSystemConfig
01-01 00:08:35.007  1323  1323 I SystemServiceManager: Starting com.android.server.pm.InstallerEx
01-01 00:08:35.009   511   540 D installd: Found quota mount /dev/block/platform/soc/soc:ap-ahb/20600000.sdio/by-name/userdata at /data
01-01 00:08:35.010  1323  1323 D SystemServerTiming: StartInstaller took to complete: 4ms
01-01 00:08:35.011  1323  1323 I SystemServer: DeviceIdentifiersPolicyService
01-01 00:08:35.011  1323  1323 I SystemServiceManager: Starting com.android.server.os.DeviceIdentifiersPolicyService
01-01 00:08:35.011  1323  1323 D SystemServerTiming: DeviceIdentifiersPolicyService took to complete: 1ms
01-01 00:08:35.012  1323  1323 I SystemServer: UriGrantsManagerService
01-01 00:08:35.012  1323  1323 I SystemServiceManager: Starting com.android.server.uri.UriGrantsManagerService$Lifecycle
01-01 00:08:35.013  1323  1323 D SystemServerTiming: UriGrantsManagerService took to complete: 2ms
01-01 00:08:35.014  1323  1323 I SystemServer: StartActivityManager
01-01 00:08:35.014  1323  1323 I SystemServiceManager: Starting com.android.server.wm.ActivityTaskManagerService$Lifecycle
01-01 00:08:35.015  1323  1323 I SystemServiceManager: Starting com.android.server.am.ActivityManagerService$Lifecycle
01-01 00:08:35.034  1130  1144 I BTAudioHw: adev_get_parameters: keys=[headphonestate]
01-01 00:08:35.038  1323  1323 I ActivityManager: Memory class: 192
01-01 00:08:35.044  1323  1358 W SystemConfig: No directory /product/etc/sysconfig, skipping
01-01 00:08:35.052  1323  1358 W SystemConfig: No directory /product_services/etc/sysconfig, skipping
01-01 00:08:35.052  1323  1358 W SystemConfig: No directory /product_services/etc/permissions, skipping
01-01 00:08:35.052  1323  1358 D SystemServerInitThreadPool: Finished executing ReadingSystemConfig
01-01 00:08:35.054  1323  1323 D BatteryStatsImpl: Reading daily items from /data/system/batterystats-daily.xml
01-01 00:08:35.059  1323  1366 I BatteryStatsService: Using power.stats HAL
01-01 00:08:35.063  1323  1366 W BatteryStatsService: Rail information is not available
01-01 00:08:35.063  1323  1366 W BatteryStatsService: Rail energy data is not available
01-01 00:08:35.063  1323  1366 E BluetoothAdapter: Bluetooth binder is null
01-01 00:08:35.065  1323  1366 E BatteryExternalStatsWorker: no controller energy info supplied for telephony
01-01 00:08:35.069  1323  1366 I KernelCpuUidFreqTimeReader: mPerClusterTimesAvailable=false
01-01 00:08:35.078  1323  1366 W KernelMemoryBandwidthStats: No kernel memory bandwidth stats available
01-01 00:08:35.137  1130  1144 I BTAudioHw: adev_get_parameters: keys=[headphonestate]
01-01 00:08:35.195  1323  1323 I AppOps  : No existing app ops /data/system/appops.xml; starting empty
01-01 00:08:35.198  1323  1323 I IntentFirewall: Read new rules (A:0 B:0 S:0)
01-01 00:08:35.217  1323  1323 D AppOps  : AppOpsService published
01-01 00:08:35.221  1323  1323 D SystemServerTiming: StartActivityManager took to complete: 208ms
01-01 00:08:35.221  1323  1323 I SystemServer: StartPowerManager
01-01 00:08:35.221  1323  1323 I SystemServiceManager: Starting com.android.server.power.PowerManagerService
01-01 00:08:35.236  1323  1323 I PowerManagerService-JNI: Loaded power HAL 1.0 service
01-01 00:08:35.236  1323  1323 I PowerManagerService-JNI: Loaded power HAL 1.1 service
01-01 00:08:35.239  1130  1144 I BTAudioHw: adev_get_parameters: keys=[headphonestate]
01-01 00:08:35.241   445   445 D android.hardware.power@4.0-impl: Register IHealthInfoCallback
01-01 00:08:35.244   445   445 D Power-HealthInfoCallback: Update charge status to: 1
01-01 00:08:35.245  1323  1323 D SystemServerTiming: StartPowerManager took to complete: 24ms
01-01 00:08:35.245  1323  1323 I SystemServer: StartThermalManager
01-01 00:08:35.245  1323  1323 I SystemServiceManager: Starting com.android.server.power.ThermalManagerService
01-01 00:08:35.248  1323  1323 D SystemServerTiming: StartThermalManager took to complete: 2ms
01-01 00:08:35.248  1323  1323 I SystemServer: InitPowerManagement
01-01 00:08:35.250  1323  1323 D SystemServerTiming: InitPowerManagement took to complete: 1ms
01-01 00:08:35.250  1323  1323 I SystemServer: StartRecoverySystemService
01-01 00:08:35.250  1323  1323 I SystemServiceManager: Starting com.android.server.RecoverySystemService
01-01 00:08:35.252  1323  1323 D SystemServerTiming: StartRecoverySystemService took to complete: 2ms
01-01 00:08:35.253  1323  1323 V RescueParty: Disabled because of active USB connection
01-01 00:08:35.253  1323  1323 I SystemServer: StartLightsService
01-01 00:08:35.253  1323  1323 I SystemServiceManager: Starting com.android.server.lights.LightsService
01-01 00:08:35.254  1323  1323 I ServiceManager: Waiting for service 'SurfaceFlinger' on '/dev/binder'...
01-01 00:08:35.257   787   787 D sprd_halo_cali: : halo period increment [8]/[300]!
01-01 00:08:35.341  1130  1144 I BTAudioHw: adev_get_parameters: keys=[headphonestate]
01-01 00:08:35.355  1323  1323 I ServiceManager: Waiting for service 'SurfaceFlinger' on '/dev/binder'...
01-01 00:08:35.444  1130  1144 I BTAudioHw: adev_get_parameters: keys=[headphonestate]
01-01 00:08:35.456  1323  1323 I ServiceManager: Waiting for service 'SurfaceFlinger' on '/dev/binder'...
01-01 00:08:35.500   579   635 D WCND    : is_cp2_alive_ok: open polling interface: /proc/mdbg/loopcheck, fd = 11
01-01 00:08:35.546  1130  1144 I BTAudioHw: adev_get_parameters: keys=[headphonestate]
01-01 00:08:35.556  1323  1323 I ServiceManager: Waiting for service 'SurfaceFlinger' on '/dev/binder'...
01-01 00:08:35.585   495   495 D APR     : SSRListener find system_server pid is 1323
01-01 00:08:35.585   495   495 D APR     : SSRListener GetSystemServerPid = 5 times
01-01 00:08:35.585   495   495 D APR     : Observer::Observer()
01-01 00:08:35.585   495   495 D APR     : XmlStorage::XmlStorage()
01-01 00:08:35.585   495   495 D APR     : XmlStorage::init()
01-01 00:08:35.585   495   495 D APR     : m_bakFile /data/sprdinfo/apr.xml.bak
01-01 00:08:35.588   495   495 D APR     : adjExpNodeNum EXPNUMCLR
01-01 00:08:35.592   495   495 D APR     : xmlParseFile doc is NULL.
01-01 00:08:35.593   495   495 D APR     : apr: miscdata: /dev/block/platform/soc/soc:ap-ahb/20600000.sdio/by-name/miscdata
01-01 00:08:35.593   495   495 D APR     : apr: ret 0 path /dev/block/platform/soc/soc:ap-ahb/20600000.sdio/by-name/miscdata
01-01 00:08:35.593   495   495 D APR     : apr: 0
01-01 00:08:35.600   579   635 D WCND    : is_cp2_alive_ok: loop: /proc/mdbg/loopcheck is OK
01-01 00:08:35.648  1130  1144 I BTAudioHw: adev_get_parameters: keys=[headphonestate]
01-01 00:08:35.657  1323  1323 I ServiceManager: Waiting for service 'SurfaceFlinger' on '/dev/binder'...
01-01 00:08:35.751  1130  1144 I BTAudioHw: adev_get_parameters: keys=[headphonestate]
01-01 00:08:35.758  1323  1323 I ServiceManager: Waiting for service 'SurfaceFlinger' on '/dev/binder'...
01-01 00:08:35.853  1130  1144 I BTAudioHw: adev_get_parameters: keys=[headphonestate]
01-01 00:08:35.858  1323  1323 I ServiceManager: Waiting for service 'SurfaceFlinger' on '/dev/binder'...
01-01 00:08:35.872  1129  1129 W ServiceManagement: Waited one second for android.hardware.graphics.composer@2.1::IComposer/default
01-01 00:08:35.873  1129  1129 I ServiceManagement: getService: Trying again for android.hardware.graphics.composer@2.1::IComposer/default...
01-01 00:08:35.956  1130  1144 I BTAudioHw: adev_get_parameters: keys=[headphonestate]
01-01 00:08:35.959  1323  1323 I ServiceManager: Waiting for service 'SurfaceFlinger' on '/dev/binder'...
01-01 00:08:36.059  1130  1144 I BTAudioHw: adev_get_parameters: keys=[headphonestate]
01-01 00:08:36.059  1323  1323 I ServiceManager: Waiting for service 'SurfaceFlinger' on '/dev/binder'...
01-01 00:08:36.160  1323  1323 I ServiceManager: Waiting for service 'SurfaceFlinger' on '/dev/binder'...
01-01 00:08:36.162  1130  1144 I BTAudioHw: adev_get_parameters: keys=[headphonestate]
01-01 00:08:36.257   787   787 D sprd_halo_cali: : halo period increment [9]/[300]!
01-01 00:08:36.260  1323  1323 I ServiceManager: Waiting for service 'SurfaceFlinger' on '/dev/binder'...
01-01 00:08:36.264  1130  1144 I BTAudioHw: adev_get_parameters: keys=[headphonestate]
01-01 00:08:36.361  1323  1323 I ServiceManager: Waiting for service 'SurfaceFlinger' on '/dev/binder'...
01-01 00:08:36.367  1130  1144 I BTAudioHw: adev_get_parameters: keys=[headphonestate]
01-01 00:08:36.462  1323  1323 I ServiceManager: Waiting for service 'SurfaceFlinger' on '/dev/binder'...
01-01 00:08:36.470  1130  1144 I BTAudioHw: adev_get_parameters: keys=[headphonestate]
01-01 00:08:36.563  1323  1323 I ServiceManager: Waiting for service 'SurfaceFlinger' on '/dev/binder'...
01-01 00:08:36.573  1130  1144 I BTAudioHw: adev_get_parameters: keys=[headphonestate]
01-01 00:08:36.664  1323  1323 I ServiceManager: Waiting for service 'SurfaceFlinger' on '/dev/binder'...
01-01 00:08:36.675  1130  1144 I BTAudioHw: adev_get_parameters: keys=[headphonestate]
01-01 00:08:36.764  1323  1323 I ServiceManager: Waiting for service 'SurfaceFlinger' on '/dev/binder'...
01-01 00:08:36.778  1130  1144 I BTAudioHw: adev_get_parameters: keys=[headphonestate]
01-01 00:08:36.865  1323  1323 I ServiceManager: Waiting for service 'SurfaceFlinger' on '/dev/binder'...
01-01 00:08:36.874  1129  1129 W ServiceManagement: Waited one second for android.hardware.graphics.composer@2.1::IComposer/default
01-01 00:08:36.875  1129  1129 I ServiceManagement: getService: Trying again for android.hardware.graphics.composer@2.1::IComposer/default...
01-01 00:08:36.880  1130  1144 I BTAudioHw: adev_get_parameters: keys=[headphonestate]
01-01 00:08:36.966  1323  1323 I ServiceManager: Waiting for service 'SurfaceFlinger' on '/dev/binder'...
01-01 00:08:36.983  1130  1144 I BTAudioHw: adev_get_parameters: keys=[headphonestate]
01-01 00:08:37.066  1323  1323 I ServiceManager: Waiting for service 'SurfaceFlinger' on '/dev/binder'...
01-01 00:08:37.086  1130  1144 I BTAudioHw: adev_get_parameters: keys=[headphonestate]
01-01 00:08:37.167  1323  1323 I ServiceManager: Waiting for service 'SurfaceFlinger' on '/dev/binder'...
01-01 00:08:37.189  1130  1144 I BTAudioHw: adev_get_parameters: keys=[headphonestate]
01-01 00:08:37.257   787   787 D sprd_halo_cali: : halo period increment [10]/[300]!
01-01 00:08:37.268  1323  1323 I ServiceManager: Waiting for service 'SurfaceFlinger' on '/dev/binder'...
01-01 00:08:37.292  1130  1144 I BTAudioHw: adev_get_parameters: keys=[headphonestate]
01-01 00:08:37.348  1431  1431 D SPRDHWComposer: SprdDisplayCore:: set display type : 0
01-01 00:08:37.348  1431  1431 E SPRDHWComposer: SprdPrimaryDisplayDevice::Init <70>: SprdDisplayCore Init failed
01-01 00:08:37.348  1431  1431 E SPRDHWComposer: mPrimaryDisplayDevice init failed
01-01 00:08:37.348  1431  1431 E SPRDHWComposer: Init HWComposer failed
01-01 00:08:37.348  1431  1431 E ComposerHal: failed to open hwcomposer device: Out of memory
01-01 00:08:37.349  1431  1431 E android.hardware.graphics.composer@2.1-service: Could not get passthrough implementation for android.hardware.graphics.composer@2.1::IComposer/default.
01-01 00:08:37.369  1323  1323 I ServiceManager: Waiting for service 'SurfaceFlinger' on '/dev/binder'...
01-01 00:08:37.395  1130  1144 I BTAudioHw: adev_get_parameters: keys=[headphonestate]
01-01 00:08:37.498  1130  1144 I BTAudioHw: adev_get_parameters: keys=[headphonestate]
01-01 00:08:37.505   299   299 I ServiceManager: service 'batterystats' died
01-01 00:08:37.505   299   299 I ServiceManager: service 'appops' died
01-01 00:08:37.505   299   299 I ServiceManager: service 'power' died
01-01 00:08:37.505   299   299 I ServiceManager: service 'thermalservice' died
01-01 00:08:37.505   299   299 I ServiceManager: service 'recovery' died
01-01 00:08:37.505   299   299 I ServiceManager: service 'device_identifiers' died
01-01 00:08:37.505   299   299 I ServiceManager: service 'uri_grants' died
01-01 00:08:37.506   299   299 I ServiceManager: service 'activity_task' died
01-01 00:08:37.532   299   299 I ServiceManager: service 'media.audio_flinger' died
01-01 00:08:37.532   299   299 I ServiceManager: service 'media.audio_policy' died
01-01 00:08:37.532   299   299 I ServiceManager: service 'media.sound_trigger_hw' died
01-01 00:08:37.532  1130  1142 I r_submix: adev_close()
01-01 00:08:37.533  1130  1130 W audio_hw_primary: adev_close_output_stream
01-01 00:08:37.533  1130  1130 V audio_hw_primary: do_output_standby in 0
01-01 00:08:37.533  1130  1130 V audio_hw_primary: do_output_standby in out
01-01 00:08:37.533  1130  1130 I audio_hw_primary: select_devices_signal starting... adev->out_devices 0x2 adev->in_devices 0x0
01-01 00:08:37.533  1130  1130 I audio_hw_primary: select_devices_signal finished.
01-01 00:08:37.533  1130  1130 I audio_hw_primary: audio_del_output type:0 out:0xf6272000
01-01 00:08:37.533  1130  1276 V audio_hw_primary: do_select_devices E
01-01 00:08:37.533  1130  1130 I audio_hw_primary: audio_del_output:0xf6272000 type:0
01-01 00:08:37.533  1130  1276 I audio_hw_primary: cache_mute=0 ,mastermute=0
01-01 00:08:37.533  1130  1276 I audio_hw_primary: Not to change mute: 0
01-01 00:08:37.533  1130  1130 W audio_hw_primary: adev_close_output_stream
01-01 00:08:37.533  1130  1276 I audio_hw_primary: headset disconnect,set_fm_speaker
01-01 00:08:37.533  1130  1130 V audio_hw_primary: do_output_standby in 4
01-01 00:08:37.533  1130  1130 V audio_hw_primary: do_output_standby in out
01-01 00:08:37.533  1130  1130 I audio_hw_primary: select_devices_signal starting... adev->out_devices 0x2 adev->in_devices 0x0
01-01 00:08:37.533  1130  1276 I audio_hw_primary: Not to change devices: OUT=0x00000002, IN=0x00000000
01-01 00:08:37.533  1130  1130 I audio_hw_primary: select_devices_signal finished.
01-01 00:08:37.533  1130  1130 I audio_hw_primary: audio_del_output type:4 out:0xf6272400
01-01 00:08:37.533  1130  1276 V audio_hw_primary: do_select_devices X
01-01 00:08:37.533  1130  1130 I audio_hw_primary: audio_del_output:0xf6272400 type:4
01-01 00:08:37.533  1130  1276 I audio_hw_primary: stream_routing_thread looping done.
01-01 00:08:37.533  1130  1276 I audio_hw_primary: stream_routing_thread looping now...
01-01 00:08:37.533  1130  1276 V audio_hw_primary: do_select_devices E
01-01 00:08:37.533  1130  1130 I BTAudioHw: adev_closeclose 
01-01 00:08:37.533  1130  1276 I audio_hw_primary: cache_mute=0 ,mastermute=0
01-01 00:08:37.533  1130  1130 W audio_hw_primary: adev_close_output_stream
01-01 00:08:37.533  1130  1276 I audio_hw_primary: Not to change mute: 0
01-01 00:08:37.533  1130  1276 I audio_hw_primary: headset disconnect,set_fm_speaker
01-01 00:08:37.533  1130  1130 V audio_hw_primary: do_output_standby in 5
01-01 00:08:37.533  1130  1276 I audio_hw_primary: Not to change devices: OUT=0x00000002, IN=0x00000000
01-01 00:08:37.533  1130  1130 V audio_hw_primary: do_output_standby in out
01-01 00:08:37.533  1130  1130 I audio_hw_primary: select_devices_signal starting... adev->out_devices 0x2 adev->in_devices 0x0
01-01 00:08:37.533  1130  1130 I audio_hw_primary: select_devices_signal finished.
01-01 00:08:37.533  1130  1130 I audio_hw_primary: audio_del_output type:5 out:0xf6273400
01-01 00:08:37.533  1130  1130 I audio_hw_primary: audio_del_output:0xf6273400 type:5
01-01 00:08:37.533  1130  1276 V audio_hw_primary: do_select_devices X
01-01 00:08:37.534  1130  1130 I audio_hw_primary: adev_close begin adev = 0x0xf6256000
01-01 00:08:37.534  1130  1276 I audio_hw_primary: stream_routing_thread looping done.
01-01 00:08:37.534  1130  1276 I audio_hw_primary: stream_routing_thread looping now...
01-01 00:08:37.534  1130  1276 V audio_hw_primary: do_select_devices E
01-01 00:08:37.534  1130  1276 I audio_hw_primary: cache_mute=0 ,mastermute=0
01-01 00:08:37.534  1130  1276 I audio_hw_primary: Not to change mute: 0
01-01 00:08:37.534  1130  1276 I audio_hw_primary: headset disconnect,set_fm_speaker
01-01 00:08:37.534  1130  1276 I audio_hw_primary: Not to change devices: OUT=0x00000002, IN=0x00000000
01-01 00:08:37.534  1130  1274 E ext_contrl: data:entry_exit 
01-01 00:08:37.534  1130  1276 V audio_hw_primary: do_select_devices X
01-01 00:08:37.534  1130  1274 I ext_contrl: control_audio_loop_process is exit!
01-01 00:08:37.534  1130  1276 I audio_hw_primary: stream_routing_thread looping done.
01-01 00:08:37.534  1130  1276 I audio_hw_primary: stream_routing_thread looping now...
01-01 00:08:37.534  1130  1274 I ext_contrl: control_audio_loop_process is exit
01-01 00:08:37.534  1130  1130 I ext_contrl: ext_control_close exit w_size = 11
01-01 00:08:37.534  1130  1275 E audio_hw_primary: audiopara_tuning_thread_entry read audio FIFO result 4,ram_req:11259066
01-01 00:08:37.535  1130  1275 I audio_hw_primary: audiopara_tuning_thread_entry exit while!
01-01 00:08:37.535  1130  1275 E audio_hw_primary: exit from audio tuning thread
01-01 00:08:37.535  1130  1130 I audio_hw_primary: audiopara_tuning_manager_close exit w_size = 4
01-01 00:08:37.535  1130  1276 I audio_hw_primary: stream_routing_thread looping done.
01-01 00:08:37.535  1130  1276 I audio_hw_primary: stream_routing_thread_entry exit!!!
01-01 00:08:37.535  1130  1279 I audio_hw_primary:  voice_command_thread_entry looping done.
01-01 00:08:37.535  1130  1279 I audio_hw_primary: voice_command_thread_entry exit!!!
01-01 00:08:37.536  1130  1130 D sprd_cp_control: YAYE cp_mixer_disable entry!!
01-01 00:08:37.536  1130  1130 D sprd_cp_control: YAYE cp_mixer_disable not been enabled yet!!
01-01 00:08:37.536  1130  1130 D sprd_cp_control: YAYE cp_mixer_close entry get lock!!
01-01 00:08:37.536  1130  1130 D sprd_cp_control: YAYE cp_mixer_close entry release lock!!
01-01 00:08:37.536  1130  1130 D sprd_cp_control: YAYE cp_mixer_close exit!!
01-01 00:08:37.536  1130  1130 I audio_hw_primary: bt sco : duplicate thread destory before
01-01 00:08:37.536  1130  1130 I audio_hw_primary: adev_close singnal singnal
01-01 00:08:37.536  1130  1277 I audio_hw_primary: bt sco : duplicate thread is started now ...
01-01 00:08:37.536  1130  1277 E audio_hw_primary: bt sco : duplicate thread exit
01-01 00:08:37.536  1130  1130 E audio_hw_primary: bt sco : duplicate thread destory ret is 0
01-01 00:08:37.536  1130  1271 W audio_hw_primary: voice:vbc_ctrl_thread exit, pipe:/dev/spipe_lte6!!!
01-01 00:08:37.537  1130  1272 E audio_hw_primary: voip1:vbc_ctrl_thread exit, pipe:/dev/spipe_lte4!!!
01-01 00:08:37.537  1130  1130 I audio_hw_mis_ctl:: aud_send_cmd, cmd:3
01-01 00:08:37.537  1130  1280 I audio_hw_mis_ctl:: cmd-cmd is 3
01-01 00:08:37.538   300   300 E SELinux : avc:  denied  { find } for interface=vendor.sprd.hardware.power::IPower sid=u:r:hal_audio_default:s0 pid=1130 scontext=u:r:hal_audio_default:s0 tcontext=u:object_r:hal_power_hwservice:s0 tclass=hwservice_manager permissive=0
01-01 00:08:37.538  1130  1280 I audio_hw_mis_ctl::  thread_func exit 1
01-01 00:08:37.538  1130  1280 I audio_hw_mis_ctl::  thread_func exit 2
01-01 00:08:37.539  1130  1130 D audio_hw_primary: vb_ctl_modem_monitor_close in
01-01 00:08:37.539  1130  1273 I audio_hw_primary: vbc_ctl_modem_monitor_routine Exit
01-01 00:08:37.539   462   786 D MODEM_CTRL: modem_ctrl_read_thread: after select n = 1
01-01 00:08:37.539   462   786 D MODEM_CTRL: modem_ctrl_read_thread: begin read 
01-01 00:08:37.539   462   786 D MODEM_CTRL: modem_ctrl_read_thread: after read 
01-01 00:08:37.539   462   786 D MODEM_CTRL: modem_ctrl_read_thread: begin select
01-01 00:08:37.539  1130  1130 I audio_hw_primary: adev_close exit
01-01 00:08:37.548   299   299 I ServiceManager: service 'media.player' died
01-01 00:08:37.548   299   299 I ServiceManager: service 'media.resource_manager' died
01-01 00:08:37.558   299   299 I ServiceManager: service 'dnsresolver' died
01-01 00:08:37.558   299   299 I ServiceManager: service 'netd' died
01-01 00:08:37.616   299   299 I ServiceManager: service 'wificond' died
01-01 00:08:37.693  1441  1441 D         : [TSuppl_Initialize(): tipc_connect() handle_ = 3 ]
01-01 00:08:37.694  1441  1441 E         : [TSuppl_Wait_load(): path =  com.android.trusty.mafp ]
01-01 00:08:37.694  1441  1441 E         : [TSuppl main: ta = mafp!]
01-01 00:08:37.694  1441  1441 D         : [TSuppl_Write_Ta(): fize_sizse 504132 ]
01-01 00:08:37.704  1441  1441 E         : [TSuppl_Write_Ta: data(123252) lost -17!]
01-01 00:08:37.704  1441  1441 F libc    : FORTIFY: memcpy: count 18446744069414707589 > SSIZE_MAX
01-01 00:08:37.705  1441  1441 F libc    : Fatal signal 6 (SIGABRT), code -1 (SI_QUEUE) in tid 1441 (tsupplicant), pid 1441 (tsupplicant)
01-01 00:08:37.730  1438  1438 I netdClient: Skipping libnetd_client init since *we* are netd
01-01 00:08:37.735  1438  1438 I netd    : netd 1.0 starting
01-01 00:08:37.741  1438  1438 I Netd    : Loaded resolver library from /apex/com.android.resolv/lib64/libnetd_resolv.so
01-01 00:08:37.741  1444  1444 I crash_dump64: obtaining output fd from tombstoned, type: kDebuggerdTombstone
01-01 00:08:37.741  1438  1438 D TetherController: Setting IP forward enable = 0
01-01 00:08:37.742   563   563 I /system/bin/tombstoned: received crash request for pid 1441
01-01 00:08:37.743  1444  1444 I crash_dump64: performing dump of process 1441 (target tid = 1441)
01-01 00:08:37.745  1438  1438 D FirewallController: Could not read /proc/self/uid_map, max uid defaulting to 4294967294
01-01 00:08:37.746  1444  1444 F DEBUG   : *** *** *** *** *** *** *** *** *** *** *** *** *** *** *** ***
01-01 00:08:37.746  1444  1444 F DEBUG   : Native Crash TIME: 20938
01-01 00:08:37.746  1444  1444 F DEBUG   : *** *** *** *** *** *** *** *** *** *** *** *** *** *** *** ***
01-01 00:08:37.746  1444  1444 F DEBUG   : Build fingerprint: 'SPRD/sc626_Natv/sc626:10/QP1A.190711.020/17414:userdebug/test-keys'
01-01 00:08:37.746  1444  1444 F DEBUG   : Revision: '0'
01-01 00:08:37.746  1444  1444 F DEBUG   : ABI: 'arm64'
01-01 00:08:37.747  1444  1444 F DEBUG   : Timestamp: 1980-01-01 00:08:37+0000
01-01 00:08:37.747  1444  1444 F DEBUG   : pid: 1441, tid: 1441, name: tsupplicant  >>> /vendor/bin/tsupplicant <<<
01-01 00:08:37.747  1444  1444 F DEBUG   : uid: 1000
01-01 00:08:37.747  1444  1444 F DEBUG   : signal 6 (SIGABRT), code -1 (SI_QUEUE), fault addr --------
01-01 00:08:37.747  1444  1444 F DEBUG   : Abort message: 'FORTIFY: memcpy: count 18446744069414707589 > SSIZE_MAX'
01-01 00:08:37.747  1444  1444 F DEBUG   :     x0  0000000000000000  x1  00000000000005a1  x2  0000000000000006  x3  0000007fc06135f0
01-01 00:08:37.747  1444  1444 F DEBUG   :     x4  0000000000000000  x5  0000000000000000  x6  0000000000000000  x7  0000000000000040
01-01 00:08:37.747  1444  1444 F DEBUG   :     x8  00000000000000f0  x9  05b655df87c93e4d  x10 0000000000000001  x11 0000000000000000
01-01 00:08:37.747  1444  1444 F DEBUG   :     x12 fffffff0ffffffdf  x13 0000000012cea805  x14 0029f62ff243a480  x15 000009e426c4cdec
01-01 00:08:37.748  1444  1444 F DEBUG   :     x16 00000073274ce8c0  x17 00000073274ac100  x18 0000007328b2e000  x19 00000000000005a1
01-01 00:08:37.748  1444  1444 F DEBUG   :     x20 00000000000005a1  x21 00000000ffffffff  x22 0000007326c25800  x23 000000000007b144
01-01 00:08:37.748  1444  1444 F DEBUG   :     x24 000000000005cfbf  x25 0000007326c09010  x26 0000007326c460c0  x27 0000007326c12018
01-01 00:08:37.748  1444  1444 F DEBUG   :     x28 ffffffff0001e185  x29 0000007fc0613690
01-01 00:08:37.749  1444  1444 F DEBUG   :     sp  0000007fc06135d0  lr  0000007327460f48  pc  0000007327460f74
01-01 00:08:37.751  1444  1444 F DEBUG   : 
01-01 00:08:37.751  1444  1444 F DEBUG   : backtrace:
01-01 00:08:37.751  1444  1444 F DEBUG   :       #00 pc 0000000000081f74  /apex/com.android.runtime/lib64/bionic/libc.so (abort+160) (BuildId: 676a709a0ee633ec9cf6ab05ec6410ae)
01-01 00:08:37.752  1444  1444 F DEBUG   :       #01 pc 00000000000a74a0  /apex/com.android.runtime/lib64/bionic/libc.so (__fortify_fatal(char const*, ...)+116) (BuildId: 676a709a0ee633ec9cf6ab05ec6410ae)
01-01 00:08:37.752  1444  1444 F DEBUG   :       #02 pc 00000000000a766c  /apex/com.android.runtime/lib64/bionic/libc.so (__check_count(char const*, char const*, unsigned long)+36) (BuildId: 676a709a0ee633ec9cf6ab05ec6410ae)
01-01 00:08:37.752  1444  1444 F DEBUG   :       #03 pc 00000000000a7628  /apex/com.android.runtime/lib64/bionic/libc.so (__memcpy_chk_fail+44) (BuildId: 676a709a0ee633ec9cf6ab05ec6410ae)
01-01 00:08:37.752  1444  1444 F DEBUG   :       #04 pc 00000000000a8340  /apex/com.android.runtime/lib64/bionic/libc.so (__memcpy_chk+16) (BuildId: 676a709a0ee633ec9cf6ab05ec6410ae)
01-01 00:08:37.752  1444  1444 F DEBUG   :       #05 pc 00000000000016d0  /vendor/bin/tsupplicant (main+1296) (BuildId: b31e5dac3a059d1182ac509ca563bfcb)
01-01 00:08:37.752  1444  1444 F DEBUG   :       #06 pc 000000000007d798  /apex/com.android.runtime/lib64/bionic/libc.so (__libc_init+108) (BuildId: 676a709a0ee633ec9cf6ab05ec6410ae)
01-01 00:08:37.797  1440  1440 I ServiceManagement: Registered android.hardware.audio@5.0::IDevicesFactory/default (start delay of 148ms)
01-01 00:08:37.798  1440  1440 I ServiceManagement: Removing namespace from process name android.hardware.audio@2.0-service to audio@2.0-service.
01-01 00:08:37.799  1440  1440 I audiohalservice: Registration complete for android.hardware.audio@5.0::IDevicesFactory/default.
01-01 00:08:37.805  1438  1438 I netd    : Creating child chains: 32.1ms
01-01 00:08:37.805  1438  1438 I netd    : Setting up OEM hooks: 0.3ms
01-01 00:08:37.805  1438  1438 I netd    : Setting up FirewallController hooks: 0.1ms
01-01 00:08:37.812  1438  1438 I netd    : Setting up TetherController hooks: 7.4ms
01-01 00:08:37.815  1440  1440 I ServiceManagement: Registered android.hardware.audio.effect@5.0::IEffectsFactory/default (start delay of 166ms)
01-01 00:08:37.815  1440  1440 I audiohalservice: Registration complete for android.hardware.audio.effect@5.0::IEffectsFactory/default.
01-01 00:08:37.816   300   300 I hwservicemanager: getTransport: Cannot find entry android.hardware.soundtrigger@2.2::ISoundTriggerHw/default in either framework or device manifest.
01-01 00:08:37.817  1440  1440 E audiohalservice: Could not get passthrough implementation for android.hardware.soundtrigger@2.2::ISoundTriggerHw/default.
01-01 00:08:37.818   300   300 I hwservicemanager: getTransport: Cannot find entry android.hardware.soundtrigger@2.1::ISoundTriggerHw/defaul