01-01 00:08:28.675   803   803 V audio_hw_primary: Set 'Earpiece Function'.0 to 0
01-01 00:08:28.675   803   803 V audio_hw_primary: Set 'EAR Mixer DACLEAR Switch'.0 to 0
01-01 00:08:28.675   803   803 V audio_hw_primary: Allocating device dual-mic-voice
01-01 00:08:28.675   803   803 W audio_hw_primary: Empty path
01-01 00:08:28.675   803   803 W audio_hw_primary: Empty path
01-01 00:08:28.675   803   803 V audio_hw_primary: Allocating device dual-mic-record
01-01 00:08:28.675   803   803 V audio_hw_primary: Set 'Mic Function'.0 to 0
01-01 00:08:28.675   803   803 V audio_hw_primary: Set 'Aux Mic Function'.0 to 0
01-01 00:08:28.675   803   803 V audio_hw_primary: Set 'ADCR Mixer AuxMICADCR Switch'.0 to 0
01-01 00:08:28.675   803   803 V audio_hw_primary: Set 'ADCL Mixer MainMICADCL Switch'.0 to 0
01-01 00:08:28.675   803   803 W audio_hw_primary: ret=0, num_dev_cfgs=9
01-01 00:08:28.675   803   803 W audio_hw_primary: dev_cfgs_on depth=4, dev_cfgs_off depth=4
01-01 00:08:28.681   532   532 I VSP     : libomx_hevcdec_hw_sprd.so is built on Thu Apr 27 14:39:07 CST 2023, Copyright (C) Spreadtrum, Inc.
01-01 00:08:28.684   532   532 I SPRDHEVCDecoder: initDecoder, Capability: profile 1, level 4096, max wh=1920 3840
01-01 00:08:28.684   532   532 I SPRDHEVCDecoder: Get IOMMU Status: 0(Success)
01-01 00:08:28.686   532   532 I SPRDHEVCDecoder: allocateStreamBuffer, 0x20000000 - 0xec4fb000 - 3145728
01-01 00:08:28.686   532   532 I SPRDHEVCDecoder: SPRDHEVCDecoder, mDumpYUVEnabled: 0, mDumpStrmEnabled: 0
01-01 00:08:28.686   532   532 I SPRDHEVCDecoder: initCheck, mInitCheck: 0x0
01-01 00:08:28.686   532   532 I SPRD_OMX_CORE: Created OMXPlugin : OMX.sprd.hevc.decoder
01-01 00:08:28.688   803   803 D DUMP.DATA: The DUMP PATH is '/data/vendor/local/media/'
01-01 00:08:28.691   532   532 I SPRDHEVCDecoder: internalGetParameter, OMX_IndexParamVideoPortFormat, eColorFormat: 0x15
01-01 00:08:28.691   532   532 I SPRDHEVCDecoder: getExtensionIndex, name: OMX.google.android.index.describeColorFormat
01-01 00:08:28.692   532   532 I SPRDHEVCDecoder: getExtensionIndex, name: OMX.google.android.index.describeColorFormat2
01-01 00:08:28.692   532   532 I SPRDHEVCDecoder: getExtensionIndex, name: OMX.google.android.index.configureVideoTunnelMode
01-01 00:08:28.692   532   532 E OMXNodeInstance: getExtensionIndex(0xef54fea0:sprd.hevc.decoder, OMX.google.android.index.configureVideoTunnelMode) ERROR: NotImplemented(0x80001006)
01-01 00:08:28.692   861   861 D MediaCodecInfo: detail feature-tunneled-playback wasn't present to remove
01-01 00:08:28.692   532   532 I SPRDHEVCDecoder: getExtensionIndex, name: OMX.google.android.index.enableAndroidNativeBuffers
01-01 00:08:28.693   532   532 I SPRDHEVCDecoder: getExtensionIndex:OMX.google.android.index.enableAndroidNativeBuffers
01-01 00:08:28.693   532   532 I SPRDHEVCDecoder: internalSetParameter, enable AndroidNativeBuffer
01-01 00:08:28.693   532   532 I SPRDHEVCDecoder: getExtensionIndex, name: OMX.google.android.index.allocateNativeHandle
01-01 00:08:28.693   532   532 I SPRDHEVCDecoder: getExtensionIndex, name: OMX.google.android.index.storeANWBufferInMetadata
01-01 00:08:28.693   532   532 I SPRDHEVCDecoder: getExtensionIndex, name: OMX.google.android.index.storeMetaDataInBuffers
01-01 00:08:28.693   532   532 E OMXNodeInstance: getExtensionIndex(0xef54fea0:sprd.hevc.decoder, OMX.google.android.index.storeMetaDataInBuffers) ERROR: NotImplemented(0x80001006)
01-01 00:08:28.693   532   532 I SPRDHEVCDecoder: getExtensionIndex, name: OMX.google.android.index.prepareForAdaptivePlayback
01-01 00:08:28.693   532   532 I SPRDHEVCDecoder: Destruct SPRDHEVCDecoder, this: 0xed174900, instances: 1
01-01 00:08:28.693   532   532 I SPRDHEVCDecoder: releaseStreamBuffer, 0x20000000 - 0xec4fb000 - 3145728
01-01 00:08:28.697   861   861 I OMXClient: IOmx service obtained
01-01 00:08:28.698   532   673 I OMXMaster: makeComponentInstance(OMX.sprd.mpeg4.decoder) in android.hardwar process
01-01 00:08:28.699   532   673 I SPRDMPEG4Decoder: Construct SPRDMPEG4Decoder, this: 0x0xef5b9780
01-01 00:08:28.700   803   803 D DUMP.DATA: total switch  'ON'
01-01 00:08:28.700   532   673 I SPRDMPEG4Decoder: openDecoder, lib: libomx_m4vh263dec_hw_sprd.so
01-01 00:08:28.700   803   803 E DUMP.DATA: dump_open_file ------index =  0   filenanme =  dump_offload_vbc.pcm 
01-01 00:08:28.700   803   803 E DUMP.DATA: dump_open_file ------index =  1   filenanme =  dump_primary_vbc.pcm 
01-01 00:08:28.700   803   803 E DUMP.DATA: dump_open_file ------index =  2   filenanme =  dump_vaudio_vbc.pcm 
01-01 00:08:28.700   803   803 E DUMP.DATA: dump_open_file ------index =  3   filenanme =  dump_voip_write.pcm 
01-01 00:08:28.700   803   803 E DUMP.DATA: dump_open_file ------index =  4   filenanme =  dump_btsco_write.pcm 
01-01 00:08:28.700   803   803 E DUMP.DATA: dump_open_file ------index =  5   filenanme =  dump_record_after_vbc.pcm 
01-01 00:08:28.700   803   803 E DUMP.DATA: dump_open_file ------index =  6   filenanme =  dump_record_after_express 
01-01 00:08:28.700   803   803 I vb_effect_v2: set_audio_mode_num, current mode num:8
01-01 00:08:28.700   803   803 I vb_effect_v2: create_vb_effect_params...start
01-01 00:08:28.701   803   803 I vb_effect_v2: create_vb_effect_params...start,aud_params_ptr:0xea983f40
01-01 00:08:28.701   803   803 I vb_effect_v2: do_parse...start
01-01 00:08:28.701   532   673 I VSP     : libomx_m4vh263dec_hw_sprd.so is built on Thu Apr 27 14:39:07 CST 2023, Copyright (C) Spreadtrum, Inc.
01-01 00:08:28.701   803   803 I vb_effect_v2: fd_dest_paras(11), header_len(24), da_profile_len(692),ad_profile_len(388)
01-01 00:08:28.701   803   803 I vb_effect_v2: vbc_da_effect_profile->name is Headset
01-01 00:08:28.701   803   803 I vb_effect_v2: vbc_ad01_effect_profile->name is Headset
01-01 00:08:28.701   803   803 I vb_effect_v2: vbc_ad23_effect_profile->name is Headset
01-01 00:08:28.701   803   803 I vb_effect_v2: vbc_da_effect_profile->name is Headfree
01-01 00:08:28.701   803   803 I vb_effect_v2: vbc_ad01_effect_profile->name is Headfree
01-01 00:08:28.701   803   803 I vb_effect_v2: vbc_ad23_effect_profile->name is Headfree
01-01 00:08:28.701   803   803 I vb_effect_v2: vbc_da_effect_profile->name is Handset
01-01 00:08:28.701   803   803 I vb_effect_v2: vbc_ad01_effect_profile->name is Handset
01-01 00:08:28.702   803   803 I vb_effect_v2: vbc_ad23_effect_profile->name is Handset
01-01 00:08:28.702   803   803 I vb_effect_v2: vbc_da_effect_profile->name is Handsfree
01-01 00:08:28.702   803   803 I vb_effect_v2: vbc_ad01_effect_profile->name is Handsfree
01-01 00:08:28.702   803   803 I vb_effect_v2: vbc_ad23_effect_profile->name is Handsfree
01-01 00:08:28.702   803   803 I vb_effect_v2: vbc_da_effect_profile->name is ISCHandsfree
01-01 00:08:28.702   803   803 I vb_effect_v2: vbc_ad01_effect_profile->name is ISCHandsfree
01-01 00:08:28.702   803   803 I vb_effect_v2: vbc_ad23_effect_profile->name is ISCHandsfree
01-01 00:08:28.702   803   803 I vb_effect_v2: vbc_da_effect_profile->name is ISCHeadfree
01-01 00:08:28.702   803   803 I vb_effect_v2: vbc_ad01_effect_profile->name is ISCHeadfree
01-01 00:08:28.702   803   803 I vb_effect_v2: vbc_ad23_effect_profile->name is ISCHeadfree
01-01 00:08:28.702   803   803 I vb_effect_v2: vbc_da_effect_profile->name is Unprocess
01-01 00:08:28.702   803   803 I vb_effect_v2: vbc_ad01_effect_profile->name is Unprocess
01-01 00:08:28.702   803   803 I vb_effect_v2: vbc_ad23_effect_profile->name is Unprocess
01-01 00:08:28.702   803   803 I vb_effect_v2: vbc_da_effect_profile->name is Recognition
01-01 00:08:28.702   803   803 I vb_effect_v2: vbc_ad01_effect_profile->name is Recognition
01-01 00:08:28.702   803   803 I vb_effect_v2: vbc_ad23_effect_profile->name is Recognition
01-01 00:08:28.703   532   673 I SPRDMPEG4Decoder: Get IOMMU Status: 0(Success)
01-01 00:08:28.705   532   673 I SPRDMPEG4Decoder: pmem 0x20000000 - 0x0xec684000 - 1536000
01-01 00:08:28.705   532   673 I SPRDMPEG4Decoder: SPRDMPEG4Decoder, mDumpYUVEnabled: 0, mDumpStrmEnabled: 0
01-01 00:08:28.705   532   673 I SPRD_OMX_CORE: Created OMXPlugin : OMX.sprd.mpeg4.decoder
01-01 00:08:28.706   803   803 I vb_effect_v2: do_parse...end
01-01 00:08:28.706   803   803 I vb_effect_v2: create_vb_effect_params...done
01-01 00:08:28.707   300   300 E SELinux : avc:  denied  { find } for interface=android.system.suspend::ISystemSuspend sid=u:r:hal_audio_default:s0 pid=803 scontext=u:r:hal_audio_default:s0 tcontext=u:object_r:system_suspend_hwservice:s0 tclass=hwservice_manager permissive=0
01-01 00:08:28.709   803   803 I audio_hw_primary: get_partial_wakeLock ret is -1.
01-01 00:08:28.710   803   803 I audio_hw_primary: eq_load_cnt = 1
01-01 00:08:28.710   532   673 I SPRDMPEG4Decoder: internalGetParameter, OMX_IndexParamVideoPortFormat, eColorFormat: 0x15
01-01 00:08:28.710   803   803 I audio_hw_primary: release_wakeLock ret is -1.
01-01 00:08:28.710   803   803 I audio_hw_primary: eq_loading, ret(0), eq_available(1)
01-01 00:08:28.710   532   673 I SPRDMPEG4Decoder: getExtensionIndex, name: OMX.google.android.index.describeColorFormat
01-01 00:08:28.711   532   673 I SPRDMPEG4Decoder: getExtensionIndex, name: OMX.google.android.index.describeColorFormat2
01-01 00:08:28.711   532   673 I SPRDMPEG4Decoder: getExtensionIndex, name: OMX.google.android.index.configureVideoTunnelMode
01-01 00:08:28.711   532   673 E OMXNodeInstance: getExtensionIndex(0xef54ff00:sprd.mpeg4.decoder, OMX.google.android.index.configureVideoTunnelMode) ERROR: NotImplemented(0x80001006)
01-01 00:08:28.711   861   861 D MediaCodecInfo: detail feature-tunneled-playback wasn't present to remove
01-01 00:08:28.712   532   673 I SPRDMPEG4Decoder: getExtensionIndex, name: OMX.google.android.index.enableAndroidNativeBuffers
01-01 00:08:28.712   532   673 I SPRDMPEG4Decoder: getExtensionIndex:OMX.google.android.index.enableAndroidNativeBuffers
01-01 00:08:28.712   532   673 I SPRDMPEG4Decoder: internalSetParameter, enable AndroidNativeBuffer
01-01 00:08:28.712   532   673 I SPRDMPEG4Decoder: getExtensionIndex, name: OMX.google.android.index.allocateNativeHandle
01-01 00:08:28.712   532   673 I SPRDMPEG4Decoder: getExtensionIndex, name: OMX.google.android.index.storeANWBufferInMetadata
01-01 00:08:28.712   532   673 I SPRDMPEG4Decoder: getExtensionIndex, name: OMX.google.android.index.storeMetaDataInBuffers
01-01 00:08:28.712   532   673 E OMXNodeInstance: getExtensionIndex(0xef54ff00:sprd.mpeg4.decoder, OMX.google.android.index.storeMetaDataInBuffers) ERROR: NotImplemented(0x80001006)
01-01 00:08:28.712   532   673 I SPRDMPEG4Decoder: getExtensionIndex, name: OMX.google.android.index.prepareForAdaptivePlayback
01-01 00:08:28.712   532   673 E OMXNodeInstance: getExtensionIndex(0xef54ff00:sprd.mpeg4.decoder, OMX.google.android.index.prepareForAdaptivePlayback) ERROR: NotImplemented(0x80001006)
01-01 00:08:28.712   861   861 D MediaCodecInfo: successfully removed detail feature-adaptive-playback
01-01 00:08:28.713   532   673 I SPRDMPEG4Decoder: Destruct SPRDMPEG4Decoder, this: 0x0xef5b9780
01-01 00:08:28.717   803   803 I audio_pga: The codec name is sprd-codec
01-01 00:08:28.718   861   861 I OMXClient: IOmx service obtained
01-01 00:08:28.719   532   673 I OMXMaster: makeComponentInstance(OMX.sprd.vpx.decoder) in android.hardwar process
01-01 00:08:28.724   803   959 I audio_hw_primary: voice:vbc_ctrl_thread_routine in pipe_name:/dev/spipe_lte6.
01-01 00:08:28.724   803   959 W audio_hw_primary: voice:vbpipe_name(/dev/spipe_lte6) vbpipe_fd(12) open successfully.
01-01 00:08:28.724   803   959 W audio_hw_primary: voice:/dev/spipe_lte6, looping now...cur_timeout 0,timeout 0
01-01 00:08:28.727   803   803 D audio_hw_primary: vb_ctl_modem_monitor_open in
01-01 00:08:28.727   803   960 I audio_hw_primary: voip1:vbc_ctrl_thread_routine in pipe_name:/dev/spipe_lte4.
01-01 00:08:28.727   803   960 D audio_hw_primary: voip1:vbpipe_name(/dev/spipe_lte4) vbpipe_fd(14) open successfully.
01-01 00:08:28.727   803   960 W audio_hw_primary: voip1:/dev/spipe_lte4, looping now...cur_timeout 0,timeout 0
01-01 00:08:28.728   803   803 E audio_hw_primary: vb_ctl_modem_monitor_open,voip pthread_create ok, rc=0
01-01 00:08:28.728   803   803 I ext_contrl: ext_control_open enter
01-01 00:08:28.728   803   961 D audio_hw_primary: vbc_ctl_modem_monitor_routine in
01-01 00:08:28.729   462   784 D MODEM_CTRL: modem_setup_clients_connect: accept client n=17
01-01 00:08:28.729   532   673 I SPRDVPXDecoder: Construct SPRDVPXDecoder, this: 0xef562640
01-01 00:08:28.729   462   784 D MODEM_CTRL: modem_setup_clients_connect: fill17 to client[5]
01-01 00:08:28.729   532   673 I SPRDVPXDecoder: openDecoder, lib: libomx_vpxdec_hw_sprd.so
01-01 00:08:28.729   462   784 D MODEM_CTRL: modem_setup_clients_connect: Waiting for new connect ...
01-01 00:08:28.729   462   786 D MODEM_CTRL: modem_ctrl_read_thread: after select n = 1
01-01 00:08:28.729   803   961 D audio_hw_primary: modem_monitor: Modem State: Alive
01-01 00:08:28.729   462   786 D MODEM_CTRL: modem_ctrl_read_thread: client cnct to modemd num = 1, buf = 0
01-01 00:08:28.729   462   786 D MODEM_CTRL: modem_ctrl_read_thread: begin select
01-01 00:08:28.732   803   803 I ext_contrl: create_ext_pipe set audio fifo mode
01-01 00:08:28.733   803   803 I ext_contrl: Check pipe mode try:4
01-01 00:08:28.733   803   803 I ext_contrl: create_ext_pipe pipe mode check success:0x11b6
01-01 00:08:28.733   803   803 I ext_contrl: ext_control_open exit line:1385
01-01 00:08:28.733   803   803 I audio_hw_primary: audiopara_tuning_manager_create Enter
01-01 00:08:28.734   803   963 I ext_contrl: begin to receive audio control message
01-01 00:08:28.734   532   673 I SPRDVPXDecoder: SPRDVPXDecoder, mDumpYUVEnabled: 0, mDumpStrmEnabled: 0
01-01 00:08:28.734   532   673 I VSP     : libomx_vpxdec_hw_sprd.so is built on Thu Apr 27 14:39:07 CST 2023, Copyright (C) Spreadtrum, Inc.
01-01 00:08:28.735   803   967 I audio_hw_primary:  voice_command_thread_entry looping now...
01-01 00:08:28.736   803   803 I audio_hw_primary: adev_open:cp_mixer TG:0x0 W:0x0 CSFB:0xea98c380
01-01 00:08:28.736   803   803 I audio_hw_primary: i2s_switch_sel:BT_CALL SYS_IIS0 tgdsp_iis0
01-01 00:08:28.736   803   803 I audio_hw_primary: i2s_switch_sel:INNER_FM SYS_IIS0 vbc_iis1
01-01 00:08:28.736   803   964 E audio_hw_primary: audiopara_tuning_thread_entry E
01-01 00:08:28.736   803   966 I audio_hw_primary: bt sco : duplicate thread wait for start
01-01 00:08:28.737   532   673 I SPRDVPXDecoder: Get IOMMU Status: 0(Success)
01-01 00:08:28.737   803   803 E audio_hw_primary: MP3_ARM_DEC_init ret :0
01-01 00:08:28.738   803   803 I audio_hw_primary: mic_default_channel:1 nr_mask:0x3 0
01-01 00:08:28.738   803   968 E audio_hw_mis_ctl::  thread_func in
01-01 00:08:28.738   803   803 I audio_hw_primary: vbc_ad01iis_select is_to_dfm=true
01-01 00:08:28.738   803   803 I audio_hw_primary: adev_open adev = 0x0xea94d000
01-01 00:08:28.738   803   803 I audio_hw_primary: adev_open get sysinfo, uptime:12
01-01 00:08:28.738   803   803 V audio_hw_primary: create_bootup_timer ,in
01-01 00:08:28.738   532   673 I SPRD_OMX_CORE: Created OMXPlugin : OMX.sprd.vpx.decoder
01-01 00:08:28.739   803   803 V audio_hw_primary: create_bootup_timer ,out
01-01 00:08:28.739   803   965 I audio_hw_primary: stream_routing_thread looping now...
01-01 00:08:28.739   532   673 E OMXNodeInstance: getParameter(0xef54ff00:sprd.vpx.decoder, ParamVideoProfileLevelQuerySupported(0x600000f)) ERROR: UnsupportedIndex(0x8000101a)
01-01 00:08:28.739   803   803 I audio_hw_primary: adev_init_check
01-01 00:08:28.740   532   673 I SPRDVPXDecoder: internalGetParameter, OMX_IndexParamVideoPortFormat, eColorFormat: 0x15
01-01 00:08:28.741   532   673 I SPRDVPXDecoder: getExtensionIndex, name: OMX.google.android.index.describeColorFormat
01-01 00:08:28.741   532   673 I SPRDVPXDecoder: getExtensionIndex, name: OMX.google.android.index.describeColorFormat2
01-01 00:08:28.741   532   673 I SPRDVPXDecoder: getExtensionIndex, name: OMX.google.android.index.configureVideoTunnelMode
01-01 00:08:28.742   532   673 E OMXNodeInstance: getExtensionIndex(0xef54ff00:sprd.vpx.decoder, OMX.google.android.index.configureVideoTunnelMode) ERROR: NotImplemented(0x80001006)
01-01 00:08:28.742   803   803 I audio_hw_primary: adev_set_master_volume in...devices:0x2 ,volume:1.000000 
01-01 00:08:28.742   861   861 D MediaCodecInfo: detail feature-tunneled-playback wasn't present to remove
01-01 00:08:28.742   803   803 I audio_hw_primary: GetAudio_gain_by_devices, outmode:3 inmode:3,indev:0x0, outdev:0x2
01-01 00:08:28.742   803   803 W audio_hw_primary: vb_control_parameters.c pa_config:0x31a(0x31a, 0), 0x2100002(fm)(0x2, 210),  hpPaConfig:0x0(0x0, 0), 0x0(fm)(0x0, 0)
01-01 00:08:28.742   803   803 W audio_hw_primary: vb_control_parameters.c GetAudio_outpga_nv, dac_pga_gain_l:0x802a01c7 fm_pga_gain_l:0xfff1 fm_pga_gain_r:0xfff1 vol_level:0x1 
01-01 00:08:28.742   803   803 W audio_hw_primary: GetAudio_inpga_nv, adc_pga_gain_l:0x982f device:0x0 vol_level:0x1
01-01 00:08:28.742   803   803 D audio_pga: 'speaker-l' apply
01-01 00:08:28.742   532   673 I SPRDVPXDecoder: getExtensionIndex, name: OMX.google.android.index.enableAndroidNativeBuffers
01-01 00:08:28.742   532   673 I SPRDVPXDecoder: getExtensionIndex:OMX.google.android.index.enableAndroidNativeBuffers
01-01 00:08:28.742   532   673 I SPRDVPXDecoder: internalSetParameter, enable AndroidNativeBuffer
01-01 00:08:28.742   532   673 I SPRDVPXDecoder: getExtensionIndex, name: OMX.google.android.index.allocateNativeHandle
01-01 00:08:28.742   532   673 I SPRDVPXDecoder: getExtensionIndex, name: OMX.google.android.index.storeANWBufferInMetadata
01-01 00:08:28.742   532   673 I SPRDVPXDecoder: getExtensionIndex, name: OMX.google.android.index.storeMetaDataInBuffers
01-01 00:08:28.742   532   673 E OMXNodeInstance: getExtensionIndex(0xef54ff00:sprd.vpx.decoder, OMX.google.android.index.storeMetaDataInBuffers) ERROR: NotImplemented(0x80001006)
01-01 00:08:28.743   532   673 I SPRDVPXDecoder: getExtensionIndex, name: OMX.google.android.index.prepareForAdaptivePlayback
01-01 00:08:28.743   532   673 I SPRDVPXDecoder: Destruct SPRDVPXDecoder, this: 0xef562640
01-01 00:08:28.743   803   803 D audio_pga: 'speaker-r' apply
01-01 00:08:28.744   803   803 I audio_hw_primary: SetAudio_gain_by_devices out, out_devices:0x2, in_devices:0x0
01-01 00:08:28.744   803   803 W DeviceHAL: Error from HAL Device in function set_master_volume: Function not implemented
01-01 00:08:28.745   811   811 I AudioFlinger: loadHwModule() Loaded primary audio interface, handle 10
01-01 00:08:28.745   811   811 I AudioFlinger: openOutput() this 0x766229f600, module 10 Device 0x2, SamplingRate 44100, Format 0x000001, Channels 0x3, flags 0x2
01-01 00:08:28.745   803   803 I audio_hw_primary: adev_open_output_stream, devices=2
01-01 00:08:28.746   803   803 I audio_hw_primary: adev_open_output_stream AUDIO_HPL_HPR_PLAYBACK_SUPPORT devices:0x2 0xea969000
01-01 00:08:28.746   803   803 I ENDPOINT_TEST: audio_endpoint_test_init 1311 0xea969000
01-01 00:08:28.746   803   803 W audio_hw_primary: Successful, adev_open_output_stream
01-01 00:08:28.746   803   803 I audio_hw_primary: audio_add_output type:0 out:0xea969000 0x0
01-01 00:08:28.747   861   861 I OMXClient: IOmx service obtained
01-01 00:08:28.748   532   532 I OMXMaster: makeComponentInstance(OMX.sprd.vp9.decoder) in android.hardwar process
01-01 00:08:28.749   803   803 W audio_hw_primary: [TH] size=480, frame_size=4
01-01 00:08:28.749   811   811 I AudioFlinger: HAL output buffer size 480 frames, normal sink buffer size 960 frames
01-01 00:08:28.751   532   532 I SPRDVP9Decoder: Construct SPRDVP9Decoder, this: 0xef562c80,instances: 0
01-01 00:08:28.752   532   532 I SPRDVP9Decoder: openDecoder, lib: libomx_vp9dec_hw_sprd.so
01-01 00:08:28.758   532   532 I SPRDVP9Decoder: SPRDVP9Decoder, mDumpYUVEnabled: 0, mDumpStrmEnabled: 0
01-01 00:08:28.758   532   532 E SPRDVP9Decoder: initDecoder start
01-01 00:08:28.758   532   532 E SPRDVP9Decoder: initDecoder VP9DecInit
01-01 00:08:28.758   532   532 I VSP     : libomx_vp9dec_hw_sprd.so is built on Thu Apr 27 14:39:07 CST 2023, Copyright (C) Spreadtrum, Inc.
01-01 00:08:28.761   532   532 I SPRDVP9Decoder: Get IOMMU Status: 0(Success)
01-01 00:08:28.763   532   532 I SPRDVP9Decoder: mPbuf_stream_p 0x20000000
01-01 00:08:28.763   532   532 I SPRDVP9Decoder: initCheck, mInitCheck: 0x0
01-01 00:08:28.763   532   532 I SPRD_OMX_CORE: Created OMXPlugin : OMX.sprd.vp9.decoder
01-01 00:08:28.764   532   532 E OMXNodeInstance: getParameter(0xef54fea0:sprd.vp9.decoder, ParamVideoProfileLevelQuerySupported(0x600000f)) ERROR: UnsupportedIndex(0x8000101a)
01-01 00:08:28.765   532   532 I SPRDVP9Decoder: internalGetParameter, OMX_IndexParamVideoPortFormat, eColorFormat: 0x15
01-01 00:08:28.765   532   532 I SPRDVP9Decoder: getExtensionIndex, name: OMX.google.android.index.describeColorFormat
01-01 00:08:28.765   532   532 I SPRDVP9Decoder: getExtensionIndex, name: OMX.google.android.index.describeColorFormat2
01-01 00:08:28.766   532   532 I SPRDVP9Decoder: getExtensionIndex, name: OMX.google.android.index.configureVideoTunnelMode
01-01 00:08:28.766   532   532 E OMXNodeInstance: getExtensionIndex(0xef54fea0:sprd.vp9.decoder, OMX.google.android.index.configureVideoTunnelMode) ERROR: NotImplemented(0x80001006)
01-01 00:08:28.766   861   861 D MediaCodecInfo: detail feature-tunneled-playback wasn't present to remove
01-01 00:08:28.766   532   532 I SPRDVP9Decoder: getExtensionIndex, name: OMX.google.android.index.enableAndroidNativeBuffers
01-01 00:08:28.766   532   532 I SPRDVP9Decoder: getExtensionIndex:OMX.google.android.index.enableAndroidNativeBuffers
01-01 00:08:28.766   532   532 I SPRDVP9Decoder: internalSetParameter, enable AndroidNativeBuffer
01-01 00:08:28.766   532   532 I SPRDVP9Decoder: getExtensionIndex, name: OMX.google.android.index.allocateNativeHandle
01-01 00:08:28.766   532   532 I SPRDVP9Decoder: getExtensionIndex, name: OMX.google.android.index.storeANWBufferInMetadata
01-01 00:08:28.766   532   532 I SPRDVP9Decoder: getExtensionIndex, name: OMX.google.android.index.storeMetaDataInBuffers
01-01 00:08:28.766   532   532 E OMXNodeInstance: getExtensionIndex(0xef54fea0:sprd.vp9.decoder, OMX.google.android.index.storeMetaDataInBuffers) ERROR: NotImplemented(0x80001006)
01-01 00:08:28.768   532   532 I SPRDVP9Decoder: getExtensionIndex, name: OMX.google.android.index.prepareForAdaptivePlayback
01-01 00:08:28.769   532   532 I SPRDVP9Decoder: Destruct SPRDVP9Decoder, this: 0xef562c80
01-01 00:08:28.772   861   861 I OMXClient: IOmx service obtained
01-01 00:08:28.773   532   532 I OMXMaster: makeComponentInstance(OMX.sprd.h264.encoder) in android.hardwar process
01-01 00:08:28.775   530   603 I ServiceManager: Waiting for service 'package_native' on '/dev/binder'...
01-01 00:08:28.779   532   532 I SPRDAVCEncoder: Construct SPRDAVCEncoder, this: 0x0xef5bf000
01-01 00:08:28.779   532   532 I SPRDAVCEncoder: openEncoder, lib: libomx_avcenc_hw_sprd.so
01-01 00:08:28.787   532   532 I SPRDAVCEncoder: SPRDAVCEncoder, line:555, name: OMX.sprd.h264.encoder
01-01 00:08:28.787   532   532 I SPRDAVCEncoder: SPRDAVCEncoder, mDumpYUVEnabled: 0, mDumpStrmEnabled: 0
01-01 00:08:28.787   532   532 I VSP     : libomx_avcenc_hw_sprd.so is built on Thu Apr 27 14:39:07 CST 2023, Copyright (C) Spreadtrum, Inc.
01-01 00:08:28.791   532   532 I SPRDAVCEncoder: Construct SPRDAVCEncoder, Capability: profile 100, level 41, max wh=1920 3840
01-01 00:08:28.791   532   532 I SPRDAVCEncoder: Enc needAign:0
01-01 00:08:28.791   532   532 I SPRDAVCEncoder: Get IOMMU Status: 0(Success)
01-01 00:08:28.791   532   532 I SPRD_OMX_CORE: Created OMXPlugin : OMX.sprd.h264.encoder
01-01 00:08:28.791   532   532 I SPRDAVCEncoder: internalSetParameter, 1266, cmd index: 0x1000017
01-01 00:08:28.796   861   861 W ACodec  : [OMX.sprd.h264.encoder] stopping checking profiles after 32: 8/1
01-01 00:08:28.796   532   532 I SPRDAVCEncoder: internalGetParameter, DescribeColorFormat: 0x7fd00001, w h = 128 128
01-01 00:08:28.797   532   532 I SPRDAVCEncoder: internalGetParameter, DescribeColorFormat: 0x15, w h = 128 128
01-01 00:08:28.798   532   532 I SPRDAVCEncoder: internalGetParameter, DescribeColorFormat: 0x13, w h = 128 128
01-01 00:08:28.799   532   532 I SPRDAVCEncoder: internalGetParameter, DescribeColorFormat: 0x7f000789, w h = 128 128
01-01 00:08:28.799   532   532 W SPRDAVCEncoder: do not know color format 0x7f000789 = 2130708361
01-01 00:08:28.799   532   532 E OMXNodeInstance: getParameter(0xef54fea0:sprd.h264.encoder, ??(0x7f000015)) ERROR: UnsupportedSetting(0x80001019)
01-01 00:08:28.799   861   861 W OMXUtils: do not know color format 0x7f000789 = 2130708361
01-01 00:08:28.799   532   532 E OMXNodeInstance: getConfig(0xef54fea0:sprd.h264.encoder, ConfigAndroidIntraRefresh(0x6f60000a)) ERROR: Undefined(0x80001001)
01-01 00:08:28.800   532   532 E OMXNodeInstance: getParameter(0xef54fea0:sprd.h264.encoder, ParamVideoIntraRefresh(0x6000006)) ERROR: UnsupportedIndex(0x8000101a)
01-01 00:08:28.800   861   861 D MediaCodecInfo: detail feature-frame-parsing wasn't present to remove
01-01 00:08:28.801   532   532 I SPRDAVCEncoder: Destruct SPRDAVCEncoder, this: 0x0xef5bf000
01-01 00:08:28.804   861   861 I OMXClient: IOmx service obtained
01-01 00:08:28.805   532   532 I OMXMaster: makeComponentInstance(OMX.sprd.h265.encoder) in android.hardwar process
01-01 00:08:28.810   532   532 I SPRDHEVCEncoder: Construct SPRDHEVCEncoder, this: 0x0xef5bf000
01-01 00:08:28.810   532   532 I SPRDHEVCEncoder: openEncoder, lib: libomx_hevcenc_hw_sprd.so
01-01 00:08:28.813   532   532 I SPRDHEVCEncoder: SPRDHEVCEncoder, line:478, name: OMX.sprd.h265.encoder
01-01 00:08:28.813   532   532 I SPRDHEVCEncoder: SPRDHEVCEncoder, mDumpYUVEnabled: 0, mDumpStrmEnabled: 0
01-01 00:08:28.813   532   532 I VSP     : libomx_hevcenc_hw_sprd.so is built on Thu Apr 27 14:39:07 CST 2023, Copyright (C) Spreadtrum, Inc.
01-01 00:08:28.816   532   532 I SPRDHEVCEncoder: Enc needAign:0
01-01 00:08:28.816   532   532 I SPRDHEVCEncoder: Get IOMMU Status: 0(Success)
01-01 00:08:28.816   532   532 I SPRDHEVCEncoder: Construct SPRDHEVCEncoder, Capability: profile 1, level 4096, max wh=1920 3840
01-01 00:08:28.816   532   532 I SPRD_OMX_CORE: Created OMXPlugin : OMX.sprd.h265.encoder
01-01 00:08:28.818   532   532 I SPRDHEVCEncoder: internalGetParameter, DescribeColorFormat: 0x7fd00001, w h = 128 128
01-01 00:08:28.819   532   532 I SPRDHEVCEncoder: internalGetParameter, DescribeColorFormat: 0x15, w h = 128 128
01-01 00:08:28.819   532   532 I SPRDHEVCEncoder: internalGetParameter, DescribeColorFormat: 0x13, w h = 128 128
01-01 00:08:28.820   532   532 I SPRDHEVCEncoder: internalGetParameter, DescribeColorFormat: 0x7f000789, w h = 128 128
01-01 00:08:28.820   532   532 W SPRDHEVCEncoder: do not know color format 0x7f000789 = 2130708361
01-01 00:08:28.820   532   532 E OMXNodeInstance: getParameter(0xef54fea0:sprd.h265.encoder, ??(0x7f000015)) ERROR: UnsupportedSetting(0x80001019)
01-01 00:08:28.820   861   861 W OMXUtils: do not know color format 0x7f000789 = 2130708361
01-01 00:08:28.821   532   532 E OMXNodeInstance: getConfig(0xef54fea0:sprd.h265.encoder, ConfigAndroidIntraRefresh(0x6f60000a)) ERROR: Undefined(0x80001001)
01-01 00:08:28.821   532   532 E OMXNodeInstance: getParameter(0xef54fea0:sprd.h265.encoder, ParamVideoIntraRefresh(0x6000006)) ERROR: UnsupportedIndex(0x8000101a)
01-01 00:08:28.821   861   861 D MediaCodecInfo: detail feature-frame-parsing wasn't present to remove
01-01 00:08:28.821   532   532 I SPRDHEVCEncoder: Destruct SPRDHEVCEncoder, this: 0x0xef5bf000
01-01 00:08:28.826   861   861 I Codec2Client: Available Codec2 services: "software"
01-01 00:08:28.826   861   861 I Codec2Client: Creating a Codec2 client to service "software"
01-01 00:08:28.828   861   861 I Codec2Client: Client to Codec2 service "software" created
01-01 00:08:28.829   557   682 V C2Store : in init
01-01 00:08:28.829   557   682 V C2Store : loading dll
01-01 00:08:28.849   813   813 W ServiceManagement: Waited one second for android.hardware.graphics.composer@2.1::IComposer/default
01-01 00:08:28.850   813   813 I ServiceManagement: getService: Trying again for android.hardware.graphics.composer@2.1::IComposer/default...
01-01 00:08:28.856   803   803 I voice_processing: aec_init in
01-01 00:08:28.856   803   803 V voice_processing: lib_get_descriptor() got fx Acoustic Echo Canceler
01-01 00:08:28.857   811   811 I BufferProvider: found effect "Multichannel Downmix To Stereo" from The Android Open Source Project
01-01 00:08:28.857   803   803 W audio_hw_primary: [TH] size=480, frame_size=4
01-01 00:08:28.858   811   990 I AudioFlinger: AudioFlinger's thread 0x76623f6000 tid=990 ready to run
01-01 00:08:28.858   811   990 W AudioFlinger: no wake lock to update, system not ready yet
01-01 00:08:28.858   811   811 I AudioFlinger: Using module 10 as the primary audio interface
01-01 00:08:28.858   557   682 V C2Store : in ~ComponentModule
01-01 00:08:28.858   803   803 V audio_hw_primary: do_output_standby in 0
01-01 00:08:28.859   557   682 V C2Store : unloading dll
01-01 00:08:28.859   803   803 V audio_hw_primary: do_output_standby in out
01-01 00:08:28.859   803   803 I audio_hw_primary: select_devices_signal starting... adev->out_devices 0x2 adev->in_devices 0x0
01-01 00:08:28.859   803   803 I audio_hw_primary: select_devices_signal finished.
01-01 00:08:28.859   803   965 V audio_hw_primary: do_select_devices E
01-01 00:08:28.859   557   682 V C2Store : in init
01-01 00:08:28.859   803   965 I audio_hw_primary: cache_mute=0 ,mastermute=0
01-01 00:08:28.859   557   682 V C2Store : loading dll
01-01 00:08:28.859   803   965 I audio_hw_primary: Not to change mute: 0
01-01 00:08:28.859   803   965 I audio_hw_primary: headset disconnect,set_fm_speaker
01-01 00:08:28.859   803   965 I audio_hw_primary: Changing out_devices: from (0x00000000) to (0x00000002), Changing in_devices: from (0x00000000) to (0x00000000)
01-01 00:08:28.859   803   965 I audio_hw_primary: GetAudio_PaConfig_nv hp_pa_delay_config 0x0 pa_config:0x31a(0x31a, 0), 0x2100002(fm)(0x2, 210),  hpPaConfig:0x0(0x0, 0), 0x0(fm)(0x0, 0)
01-01 00:08:28.860   803   965 I audio_hw_primary: SetAudio_PaConfig_by_devices out, out_devices:0x2, in_devices:0x0
01-01 00:08:28.860   803   965 V audio_hw_primary: Set 'SPKL Mixer DACLSPKL Switch'.0 to 1
01-01 00:08:28.860   803   803 W audio_hw_primary: adev_set_mode, mode=0
01-01 00:08:28.860   803   803 W audio_hw_primary: adev_set_mode,the same mode(0)
01-01 00:08:28.861   803   965 V audio_hw_primary: Set 'Speaker Function'.0 to 1
01-01 00:08:28.861   803   965 V audio_hw_primary: Set 'Mic Function'.0 to 0
01-01 00:08:28.861   803   965 V audio_hw_primary: Set 'ADCL Mixer MainMICADCL Switch'.0 to 0
01-01 00:08:28.861   803   965 I audio_hw_primary: Set 'ADC1 LRCLK Select' to 'normal'
01-01 00:08:28.861   803   965 I audio_hw_primary: Set 'ADC LRCLK Select' to 'normal'
01-01 00:08:28.861   803   965 V audio_hw_primary: Set 'Aux Mic Function'.0 to 0
01-01 00:08:28.861   803   965 V audio_hw_primary: Set 'ADCR Mixer AuxMICADCR Switch'.0 to 0
01-01 00:08:28.861   803   965 V audio_hw_primary: Set 'HP Mic Function'.0 to 0
01-01 00:08:28.861   803   965 V audio_hw_primary: Set 'ADCL Mixer HPMICADCL Switch'.0 to 0
01-01 00:08:28.861   803   965 V audio_hw_primary: Set 'ADCR Mixer HPMICADCR Switch'.0 to 0
01-01 00:08:28.861   803   965 V audio_hw_primary: Set 'Digital FM Function'.0 to 0
01-01 00:08:28.861   803   965 V audio_hw_primary: Set 'DA0 ADDST MUX'.0 to 0
01-01 00:08:28.861   803   965 V audio_hw_primary: Set 'DA1 ADDST MUX'.0 to 0
01-01 00:08:28.861   803   965 V audio_hw_primary: Set 'DA0 ADDFM MUX'.0 to 0
01-01 00:08:28.861   803   965 V audio_hw_primary: Set 'DA1 ADDFM MUX'.0 to 0
01-01 00:08:28.861   803   965 V audio_hw_primary: Set 'HeadPhone Function'.0 to 0
01-01 00:08:28.861   803   965 V audio_hw_primary: Set 'HPL Mixer DACLHPL Switch'.0 to 0
01-01 00:08:28.861   803   965 V audio_hw_primary: Set 'HPR Mixer DACRHPR Switch'.0 to 0
01-01 00:08:28.862   803   965 I audio_hw_primary: Set 'HPL EAR Sel' to 'EAR'
01-01 00:08:28.862   803   965 V audio_hw_primary: Set 'Earpiece Function'.0 to 0
01-01 00:08:28.862   803   965 V audio_hw_primary: Set 'EAR Mixer DACLEAR Switch'.0 to 0
01-01 00:08:28.862   803   965 V audio_hw_primary: Set 'Mic Function'.0 to 0
01-01 00:08:28.862   803   965 V audio_hw_primary: Set 'Aux Mic Function'.0 to 0
01-01 00:08:28.862   803   965 V audio_hw_primary: Set 'ADCR Mixer AuxMICADCR Switch'.0 to 0
01-01 00:08:28.862   803   965 V audio_hw_primary: Set 'ADCL Mixer MainMICADCL Switch'.0 to 0
01-01 00:08:28.862   803   965 I vb_effect_v2: cur_mode(3)
01-01 00:08:28.864   811   990 W AudioFlinger: no wake lock to update, system not ready yet
01-01 00:08:28.865   803   803 W audio_hw_primary: adev_set_voice_volume in...volume:0.714286 mode:0 call_start:0 
01-01 00:08:28.865   803   803 I audio_hw_primary: at_cmd_volume mode=0 ,volume=5, android vol:0.714286 
01-01 00:08:28.865   803   803 V audio_hw_primary: push_voice_command: E
01-01 00:08:28.865   803   803 V audio_hw_primary: push_voice_command: at_cmd:AT+VGR=5,bit:1,precmd:,len:32
01-01 00:08:28.865   803   803 E audio_hw_primary: push_voice_command: post:AT+VGR=5,priority:1
01-01 00:08:28.865   803   803 V audio_hw_primary: voice_command_signal: E
01-01 00:08:28.865   803   803 E audio_hw_primary: voice_command_signal: X
01-01 00:08:28.865   803   967 V audio_hw_primary: do_voice_command: E,332,32,ea92e180,dirty:2
01-01 00:08:28.865   803   803 E audio_hw_primary: push_voice_command: X,at_cmd:AT+VGR=5,bit:1,postcmd:AT+VGR=5
01-01 00:08:28.865   803   967 V audio_hw_primary: do_cmd_dual Switch incall AT command dirty_count:[1] : [9] :[2]
01-01 00:08:28.865   803   967 V audio_hw_primary: do_cmd_dual Switch incall AT command dirty Bit :[1] 
01-01 00:08:28.865   803   967 V audio_hw_primary: do_cmd_dual Switch incall AT command [0][0][AT+VGR=5][1] 
01-01 00:08:28.868   803   965 I audio_hw_primary: GetAudio_gain_by_devices, outmode:3 inmode:3,indev:0x0, outdev:0x2
01-01 00:08:28.868   803   965 W audio_hw_primary: vb_control_parameters.c pa_config:0x31a(0x31a, 0), 0x2100002(fm)(0x2, 210),  hpPaConfig:0x0(0x0, 0), 0x0(fm)(0x0, 0)
01-01 00:08:28.868   803   965 W audio_hw_primary: vb_control_parameters.c GetAudio_outpga_nv, dac_pga_gain_l:0x802a01c7 fm_pga_gain_l:0xfff1 fm_pga_gain_r:0xfff1 vol_level:0x1 
01-01 00:08:28.868   803   965 W audio_hw_primary: GetAudio_inpga_nv, adc_pga_gain_l:0x982f device:0x0 vol_level:0x1
01-01 00:08:28.868   803   965 D audio_pga: 'speaker-l' apply
01-01 00:08:28.868   803   965 D audio_pga: 'speaker-r' apply
01-01 00:08:28.868   803   965 I audio_hw_primary: SetAudio_gain_by_devices out, out_devices:0x2, in_devices:0x0
01-01 00:08:28.868   803   965 V audio_hw_primary: do_select_devices X
01-01 00:08:28.868   803   965 I audio_hw_primary: stream_routing_thread looping done.
01-01 00:08:28.868   803   965 I audio_hw_primary: stream_routing_thread looping now...
01-01 00:08:28.869   811   811 I APM_AudioPolicyManager: checkAndSetVolume cannot set volume group 7 volume with force use = 0 for comm 0 1 0
01-01 00:08:28.870   803   967 V audio_hw_primary: do_cmd_dual Switch incall AT command [AT+VGR=5][OK
01-01 00:08:28.870   803   967 V audio_hw_primary: ] 
01-01 00:08:28.870   803   967 E audio_hw_primary: do_voice_command: X
01-01 00:08:28.870   803   967 I audio_hw_primary:  voice_command_thread_entry looping done.
01-01 00:08:28.870   803   967 I audio_hw_primary:  voice_command_thread_entry looping now...
01-01 00:08:28.872   811   811 I APM_AudioPolicyManager: checkAndSetVolume() stream FM return 13
01-01 00:08:28.873   811   811 W AudioFlinger: moveEffects() bad srcOutput 0
01-01 00:08:28.873   811   811 V APM_AudioPolicyManager: selectOutputForMusicEffects selected output 13
01-01 00:08:28.873   811   811 V APM_AudioPolicyManager: setOutputDevices device {type:0x2,@:} delayMs 0
01-01 00:08:28.873   811   811 V APM_AudioPolicyManager: setOutputDevices() prevDevice {type:0x2,@:}
01-01 00:08:28.873   811   811 V APM_AudioPolicyManager: setOutputDevices changing device to {type:0x2,@:}
01-01 00:08:28.873   557   682 V C2Store : in ~ComponentModule
01-01 00:08:28.873   557   682 V C2Store : unloading dll
01-01 00:08:28.874   557   682 V C2Store : in init
01-01 00:08:28.874   557   682 V C2Store : loading dll
01-01 00:08:28.875   803   803 I audio_hw_primary: adev_create_audio_patch: source[0] type=2 address=
01-01 00:08:28.875   803   803 I audio_hw_primary: AUDIO_PORT_TYPE_MIX source handle:13 hw_module:10 stream:-1  source:-1
01-01 00:08:28.875   803   803 D audio_hw_primary: source audio_port_config id:1 role:1 type:2 config_mask:7 sample_rate:44100 channel_mask id:3 format:1
01-01 00:08:28.875   803   803 D audio_hw_primary: source gain index:-1 mode:0x0 channel_mask:0x0 ramp_duration_ms:0
01-01 00:08:28.875   803   803 D audio_hw_primary: source gain[0]:0x0
01-01 00:08:28.875   803   803 D audio_hw_primary: source gain[1]:0x0
01-01 00:08:28.875   803   803 I audio_hw_primary: adev_create_audio_patch: sink[0] type=1 address=
01-01 00:08:28.875   803   803 I audio_hw_primary: :device:2
01-01 00:08:28.875   803   803 I audio_hw_primary: AUDIO_PORT_TYPE_DEVICE sink device type:0x2 hw_module:10
01-01 00:08:28.875   803   803 D audio_hw_primary: sink audio_port_config id:3 role:2 type:1 config_mask:0 sample_rate:0 channel_mask id:0 format:-1
01-01 00:08:28.875   803   803 D audio_hw_primary: sink gain index:-1 mode:0x0 channel_mask:0x0 ramp_duration_ms:0
01-01 00:08:28.875   803   803 I audio_hw_primary: adev_set_out_devices device is 2,2
01-01 00:08:28.875   803   803 I audio_hw_primary: adev_check_out_devices 0xea969000 2 2
01-01 00:08:28.875   803   803 I audio_hw_primary: system is not ready, can not set audio devices form audiopolicymanager
01-01 00:08:28.875   803   803 D audio_hw_primary: adev_create_audio_patch: handle: 1
01-01 00:08:28.875   530   603 I ServiceManager: Waiting for service 'package_native' on '/dev/binder'...
01-01 00:08:28.876   811   811 V APM_AudioPolicyManager: setOutputDevices() AF::createAudioPatch returned 0 patchHandle 12 num_sources 1 num_sinks 1
01-01 00:08:28.877   811   811 I APM_AudioPolicyManager: checkAndSetVolume cannot set volume group 7 volume with force use = 0 for comm 2 1 0
01-01 00:08:28.877   811   811 I APM_AudioPolicyManager: checkAndSetVolume() stream FM return 13
01-01 00:08:28.877   811   811 I AudioFlinger: openOutput() this 0x766229f600, module 10 Device 0x20000, SamplingRate 44100, Format 0x000001, Channels 0x3, flags 0
01-01 00:08:28.877   803   803 I audio_hw_primary: adev_open_output_stream, devices=131072
01-01 00:08:28.877   803   803 I audio_hw_primary: adev_open_output_stream AUDIO_HPL_HPR_PLAYBACK_SUPPORT devices:0x20000 0xea969400
01-01 00:08:28.877   803   803 I audio_hw_primary: adev_open_output_stream AUDIO_HW_APP_HPL
01-01 00:08:28.877   803   803 W audio_hw_primary: Successful, adev_open_output_stream
01-01 00:08:28.877   803   803 I audio_hw_primary: audio_add_output type:4 out:0xea969400 0x0
01-01 00:08:28.879   803   803 W audio_hw_primary: [TH] size=480, frame_size=4
01-01 00:08:28.880   811   811 I AudioFlinger: HAL output buffer size 480 frames, normal sink buffer size 960 frames
01-01 00:08:28.880   803   803 W audio_hw_primary: [TH] size=480, frame_size=4
01-01 00:08:28.881   811   992 I AudioFlinger: AudioFlinger's thread 0x76623f9000 tid=992 ready to run
01-01 00:08:28.881   811   992 W AudioFlinger: no wake lock to update, system not ready yet
01-01 00:08:28.881   803   803 I audio_hw_primary: hplr_out_write line:5155 0xea969400 1 0x0
01-01 00:08:28.881   803   803 I audio_hw_primary: select_devices_signal starting... adev->out_devices 0x2 adev->in_devices 0x0
01-01 00:08:28.881   803   803 I audio_hw_primary: select_devices_signal finished.
01-01 00:08:28.881   803   965 V audio_hw_primary: do_select_devices E
01-01 00:08:28.881   803   803 W StreamHAL: Error from HAL stream in function standby: Unknown error -50
01-01 00:08:28.882   803   965 I audio_hw_primary: cache_mute=0 ,mastermute=0
01-01 00:08:28.882   803   965 I audio_hw_primary: Not to change mute: 0
01-01 00:08:28.882   803   965 I audio_hw_primary: headset disconnect,set_fm_speaker
01-01 00:08:28.882   803   965 I audio_hw_primary: Not to change devices: OUT=0x00000002, IN=0x00000000
01-01 00:08:28.882   811   992 W AudioFlinger: no wake lock to update, system not ready yet
01-01 00:08:28.882   803   965 V audio_hw_primary: do_select_devices X
01-01 00:08:28.882   803   965 I audio_hw_primary: stream_routing_thread looping done.
01-01 00:08:28.882   803   965 I audio_hw_primary: stream_routing_thread looping now...
01-01 00:08:28.885   811   811 I APM_AudioPolicyManager: checkAndSetVolume cannot set volume group 7 volume with force use = 0 for comm 0 1 0
01-01 00:08:28.887   811   811 I APM_AudioPolicyManager: checkAndSetVolume() stream FM return 13
01-01 00:08:28.889   811   811 V APM_AudioPolicyManager: selectOutputForMusicEffects selected output 13
01-01 00:08:28.889   557   682 V C2Store : in ~ComponentModule
01-01 00:08:28.890   557   682 V C2Store : unloading dll
01-01 00:08:28.890   811   811 V APM_AudioPolicyManager: setOutputDevices device {type:0x20000,@:} delayMs 0
01-01 00:08:28.890   811   811 V APM_AudioPolicyManager: setOutputDevices() prevDevice {type:0x20000,@:}
01-01 00:08:28.890   557   682 V C2Store : in init
01-01 00:08:28.890   557   682 V C2Store : loading dll
01-01 00:08:28.890   811   811 V APM_AudioPolicyManager: setOutputDevices changing device to {type:0x20000,@:}
01-01 00:08:28.891   803   803 I audio_hw_primary: adev_create_audio_patch: source[0] type=2 address=
01-01 00:08:28.891   803   803 I audio_hw_primary: AUDIO_PORT_TYPE_MIX source handle:21 hw_module:10 stream:-1  source:-1
01-01 00:08:28.891   803   803 D audio_hw_primary: source audio_port_config id:5 role:1 type:2 config_mask:7 sample_rate:44100 channel_mask id:3 format:1
01-01 00:08:28.891   803   803 D audio_hw_primary: source gain index:-1 mode:0x0 channel_mask:0x0 ramp_duration_ms:0
01-01 00:08:28.892   803   803 D audio_hw_primary: source gain[0]:0x0
01-01 00:08:28.892   803   803 D audio_hw_primary: source gain[1]:0x0
01-01 00:08:28.892   803   803 I audio_hw_primary: adev_create_audio_patch: sink[0] type=1 address=
01-01 00:08:28.892   803   803 I audio_hw_primary: :device:20000
01-01 00:08:28.892   803   803 I audio_hw_primary: AUDIO_PORT_TYPE_DEVICE sink device type:0x20000 hw_module:10
01-01 00:08:28.892   803   803 D audio_hw_primary: sink audio_port_config id:6 role:2 type:1 config_mask:0 sample_rate:0 channel_mask id:0 format:-1
01-01 00:08:28.892   803   803 D audio_hw_primary: sink gain index:-1 mode:0x0 channel_mask:0x0 ramp_duration_ms:0
01-01 00:08:28.892   803   803 I audio_hw_primary: adev_set_out_devices device is 2,20000
01-01 00:08:28.892   803   803 D audio_hw_primary: adev_create_audio_patch: handle: 2
01-01 00:08:28.892   811   811 V APM_AudioPolicyManager: setOutputDevices() AF::createAudioPatch returned 0 patchHandle 20 num_sources 1 num_sinks 1
01-01 00:08:28.893   811   811 I APM_AudioPolicyManager: checkAndSetVolume cannot set volume group 7 volume with force use = 0 for comm 20000 1 0
01-01 00:08:28.893   811   811 I APM_AudioPolicyManager: checkAndSetVolume() stream FM return 13
01-01 00:08:28.893   811   811 I AudioFlinger: openOutput() this 0x766229f600, module 10 Device 0x200000, SamplingRate 44100, Format 0x000001, Channels 0x3, flags 0
01-01 00:08:28.893   803   803 I audio_hw_primary: adev_open_output_stream, devices=2097152
01-01 00:08:28.894   803   803 I audio_hw_primary: adev_open_output_stream AUDIO_HPL_HPR_PLAYBACK_SUPPORT devices:0x200000 0xea969600
01-01 00:08:28.894   803   803 I audio_hw_primary: adev_open_output_stream AUDIO_HW_APP_HPR
01-01 00:08:28.894   803   803 W audio_hw_primary: Successful, adev_open_output_stream
01-01 00:08:28.894   803   803 I audio_hw_primary: audio_add_output type:5 out:0xea969600 0x0
01-01 00:08:28.895   803   803 W audio_hw_primary: [TH] size=480, frame_size=4
01-01 00:08:28.896   811   811 I AudioFlinger: HAL output buffer size 480 frames, normal sink buffer size 960 frames
01-01 00:08:28.896   557   682 V C2Store : in ~ComponentModule
01-01 00:08:28.896   557   682 V C2Store : unloading dll
01-01 00:08:28.896   803   803 W audio_hw_primary: [TH] size=480, frame_size=4
01-01 00:08:28.896   557   682 V C2Store : in init
01-01 00:08:28.896   557   682 V C2Store : loading dll
01-01 00:08:28.897   811   994 I AudioFlinger: AudioFlinger's thread 0x76623fc000 tid=994 ready to run
01-01 00:08:28.897   811   994 W AudioFlinger: no wake lock to update, system not ready yet
01-01 00:08:28.897   803   803 I audio_hw_primary: hplr_out_write line:5155 0xea969600 1 0x0
01-01 00:08:28.897   803   803 I audio_hw_primary: select_devices_signal starting... adev->out_devices 0x2 adev->in_devices 0x0
01-01 00:08:28.897   803   803 I audio_hw_primary: select_devices_signal finished.
01-01 00:08:28.897   803   965 V audio_hw_primary: do_select_devices E
01-01 00:08:28.897   803   803 W StreamHAL: Error from HAL stream in function standby: Unknown error -50
01-01 00:08:28.897   803   965 I audio_hw_primary: cache_mute=0 ,mastermute=0
01-01 00:08:28.897   803   965 I audio_hw_primary: Not to change mute: 0
01-01 00:08:28.897   803   965 I audio_hw_primary: headset disconnect,set_fm_speaker
01-01 00:08:28.898   803   965 I audio_hw_primary: Not to change devices: OUT=0x00000002, IN=0x00000000
01-01 00:08:28.898   803   965 V audio_hw_primary: do_select_devices X
01-01 00:08:28.898   803   965 I audio_hw_primary: stream_routing_thread looping done.
01-01 00:08:28.898   803   965 I audio_hw_primary: stream_routing_thread looping now...
01-01 00:08:28.898   811   994 W AudioFlinger: no wake lock to update, system not ready yet
01-01 00:08:28.901   811   811 I APM_AudioPolicyManager: checkAndSetVolume cannot set volume group 7 volume with force use = 0 for comm 0 1 0
01-01 00:08:28.903   811   811 I APM_AudioPolicyManager: checkAndSetVolume() stream FM return 13
01-01 00:08:28.904   811   811 V APM_AudioPolicyManager: selectOutputForMusicEffects selected output 13
01-01 00:08:28.904   811   811 V APM_AudioPolicyManager: setOutputDevices device {type:0x200000,@:} delayMs 0
01-01 00:08:28.904   811   811 V APM_AudioPolicyManager: setOutputDevices() prevDevice {type:0x200000,@:}
01-01 00:08:28.904   811   811 V APM_AudioPolicyManager: setOutputDevices changing device to {type:0x200000,@:}
01-01 00:08:28.905   803   803 I audio_hw_primary: adev_create_audio_patch: source[0] type=2 address=
01-01 00:08:28.906   803   803 I audio_hw_primary: AUDIO_PORT_TYPE_MIX source handle:29 hw_module:10 stream:-1  source:-1
01-01 00:08:28.906   803   803 D audio_hw_primary: source audio_port_config id:8 role:1 type:2 config_mask:7 sample_rate:44100 channel_mask id:3 format:1
01-01 00:08:28.906   803   803 D audio_hw_primary: source gain index:-1 mode:0x0 channel_mask:0x0 ramp_duration_ms:0
01-01 00:08:28.906   803   803 D audio_hw_primary: source gain[0]:0x0
01-01 00:08:28.906   803   803 D audio_hw_primary: source gain[1]:0x0
01-01 00:08:28.906   803   803 I audio_hw_primary: adev_create_audio_patch: sink[0] type=1 address=
01-01 00:08:28.906   803   803 I audio_hw_primary: :device:200000
01-01 00:08:28.906   803   803 I audio_hw_primary: AUDIO_PORT_TYPE_DEVICE sink device type:0x200000 hw_module:10
01-01 00:08:28.906   803   803 D audio_hw_primary: sink audio_port_config id:9 role:2 type:1 config_mask:0 sample_rate:0 channel_mask id:0 format:-1
01-01 00:08:28.906   803   803 D audio_hw_primary: sink gain index:-1 mode:0x0 channel_mask:0x0 ramp_duration_ms:0
01-01 00:08:28.906   803   803 I audio_hw_primary: adev_set_out_devices device is 2,200000
01-01 00:08:28.906   803   803 D audio_hw_primary: adev_create_audio_patch: handle: 3
01-01 00:08:28.907   811   811 V APM_AudioPolicyManager: setOutputDevices() AF::createAudioPatch returned 0 patchHandle 28 num_sources 1 num_sinks 1
01-01 00:08:28.907   557   682 V C2Store : in ~ComponentModule
01-01 00:08:28.907   557   682 V C2Store : unloading dll
01-01 00:08:28.907   557   682 V C2Store : in init
01-01 00:08:28.908   557   682 V C2Store : loading dll
01-01 00:08:28.908   811   811 I APM_AudioPolicyManager: checkAndSetVolume cannot set volume group 7 volume with force use = 0 for comm 200000 1 0
01-01 00:08:28.908   811   811 I APM_AudioPolicyManager: checkAndSetVolume() stream FM return 13
01-01 00:08:28.908   811   811 W APM_AudioPolicyManager: Output profile contains no device on module primary
01-01 00:08:28.908   803   803 I audio_hw_primary: adev_open_input_stream,devices=0x80000004,sample_rate=48000, channel_count=2 source:1
01-01 00:08:28.908   803   803 I audio_hw_primary: Successfully, adev_open_input_stream.
01-01 00:08:28.924   557   682 V C2Store : in ~ComponentModule
01-01 00:08:28.924   557   682 V C2Store : unloading dll
01-01 00:08:28.924   557   682 V C2Store : in init
01-01 00:08:28.924   557   682 V C2Store : loading dll
01-01 00:08:28.938   811   995 I AudioFlinger: AudioFlinger's thread 0x75d8d57800 tid=995 ready to run
01-01 00:08:28.939   803   808 I audio_hw_primary: in_dump enter
01-01 00:08:28.939   803   808 I audio_hw_primary: in_dump exit
01-01 00:08:28.939   811   995 W AudioFlinger: no wake lock to update, system not ready yet
01-01 00:08:28.940   811   995 W AudioFlinger: no wake lock to update, system not ready yet
01-01 00:08:28.941   811   811 E APM_AudioPolicyManager: initialize: Input device list is empty!
01-01 00:08:28.944   557   682 V C2Store : in ~ComponentModule
01-01 00:08:28.944   557   682 V C2Store : unloading dll
01-01 00:08:28.944   557   682 V C2Store : in init
01-01 00:08:28.944   557   682 V C2Store : loading dll
