01-01 00:08:23.295   544   544 I ThermalXmlParser: arg = 768000
01-01 00:08:23.295   544   544 I ThermalXmlParser: file = /sys/class/thermal/cooling_device1/min_freq
01-01 00:08:23.295   544   544 I ThermalXmlParser: name = min_core
01-01 00:08:23.295   544   544 I ThermalXmlParser: arg = 3
01-01 00:08:23.295   544   544 I ThermalXmlParser: file = /sys/class/thermal/cooling_device1/min_core_num
01-01 00:08:23.296   544   544 I ThermalXmlParser: zone_level=(null)
01-01 00:08:23.296   544   544 I ThermalXmlParser: type=hot
01-01 00:08:23.296   544   544 I ThermalXmlParser: temp=95000
01-01 00:08:23.296   544   544 I ThermalXmlParser: name = min_core
01-01 00:08:23.296   544   544 I ThermalXmlParser: arg = 2
01-01 00:08:23.296   544   544 I ThermalXmlParser: file = /sys/class/thermal/cooling_device1/min_core_num
01-01 00:08:23.296   544   544 I ThermalXmlParser: zone_level=(null)
01-01 00:08:23.296   544   544 I ThermalXmlParser: type=hot
01-01 00:08:23.296   544   544 I ThermalXmlParser: temp=100000
01-01 00:08:23.296   544   544 I ThermalXmlParser: name = min_core
01-01 00:08:23.296   544   544 I ThermalXmlParser: arg = 1
01-01 00:08:23.296   544   544 I ThermalXmlParser: file = /sys/class/thermal/cooling_device1/min_core_num
01-01 00:08:23.296   544   544 I ThermalXmlParser: zone_level=(null)
01-01 00:08:23.296   544   544 I ThermalXmlParser: type=critical
01-01 00:08:23.296   544   544 I ThermalXmlParser: temp=110000
01-01 00:08:23.296   544   544 I ThermalXmlParser: name = shutdown
01-01 00:08:23.296   544   544 I ThermalXmlParser: arg = 
01-01 00:08:23.296   544   544 I ThermalXmlParser: file = 
01-01 00:08:23.296   544   544 I ThermalXmlParser: sensor_type=pa-thmzone
01-01 00:08:23.296   544   544 I ThermalXmlParser: get thermal_zone0 type: cpu-thmzone
01-01 00:08:23.296   544   544 I ThermalXmlParser: get thermal_zone1 type: gpu-thmzone
01-01 00:08:23.296   544   544 I ThermalXmlParser: get thermal_zone2 type: sc27xx-fgu
01-01 00:08:23.296   544   544 I ThermalXmlParser: can't find pa-thmzone
01-01 00:08:23.296   544   544 I ThermalXmlParser: can't match any sensor, don't use these parameters!
01-01 00:08:23.296   544   544 I ThermalManager: cpu-thmzone: create thermal monitor pthread
01-01 00:08:23.297   544   544 I ThermalChargeDetect: checkPathValid:/sys/class/power_supply/battery/charge_control_limit is Valid!
01-01 00:08:23.297   544   595 I ThermalManager: listen socket ...
01-01 00:08:23.297   544   544 E ThermalChargeDetect: getPathValue:/sys/class/power_supply/battery/charge_control_limit value:500000
01-01 00:08:23.297   544   594 I ThermalCvtGovernor: cpu-thmzone curTemp: 47212 tripTemp: 90000 setPollingDelay: 6000
01-01 00:08:23.297   544   544 I ThermalChargeDetect: charge status: Charging
01-01 00:08:23.297   544   544 I ThermalChargeDetect: init status: ChargeEn=1, IsCharging=1
01-01 00:08:23.298   544   544 I ThermalManager: check_gsi_version not GSI value=1 fd=0
01-01 00:08:23.298   544   544 I ThermalManager: send 0x1, sensor=cpu-thmzone
01-01 00:08:23.298   544   544 I ThermalManager: received EVENT_TRIP, sensor=cpu-thmzone
01-01 00:08:23.298   544   544 I ThermalActionCommon: do,===>min_core, mArg:4, mFileNode:/sys/class/thermal/cooling_device1/min_core_num
01-01 00:08:23.298   544   544 I ThermalActionCommon: do,===>min_freq, mArg:768000, mFileNode:/sys/class/thermal/cooling_device1/min_freq
01-01 00:08:23.307   507   507 D imsbr   : ip6tables -w -I INPUT -m mark --mark 0x40000000/0xc0000000 -m limit --limit 15/min -j LOG --log-prefix imsbr-in exit with 0
01-01 00:08:23.335   507   507 D imsbr   : iptables -w -t mangle -I PREROUTING -m mark --mark 0x40000000/0xc0000000 -m limit --limit 15/min -j LOG --log-prefix imsbr-pre exit with 0
01-01 00:08:23.348   567   567 D MICROARRAY: [fingerprint_open:149] 
01-01 00:08:23.349   567   567 D MICROARRAY: [bio_init:38] start,is inited = 0
01-01 00:08:23.349   567   567 D MICROARRAY: [bio_init:43] ============= MICROARRAY FP OPEN ==============
01-01 00:08:23.349   567   567 D MICROARRAY: [bio_init:45] ca version: version :Android_A88_N_v4.1.8-124-ged9be53_ed9be53
01-01 00:08:23.349   567   567 D MICROARRAY: [bio_init:46] [info] git tag: ed9be534955dd8f0778ba7303ed5a145f0dddcd2
01-01 00:08:23.349   567   567 D MICROARRAY: [bio_init:47] [info] git banch: refs/heads/trusty
01-01 00:08:23.349   567   567 D MICROARRAY: [bio_init:48] [info] git user: czl
01-01 00:08:23.349   567   567 D MICROARRAY: [bio_init:49] [info] git working directory clean: false
01-01 00:08:23.349   567   567 D MICROARRAY: [bio_init:50] [info] platform: Trusty
01-01 00:08:23.349   567   567 D MICROARRAY: [bio_init:51] [info] operation_system: Android9.0
01-01 00:08:23.349   567   567 D MICROARRAY: [bio_init:52] [info] app_abi: arm64-v8a armeabi-v7a
01-01 00:08:23.349   567   567 D MICROARRAY: [bio_init:53] [info] compile date: Feb 18 2020 22:21:10
01-01 00:08:23.349   567   567 D MICROARRAY: [bio_init:54] [info] compile user: czl
01-01 00:08:23.349   567   567 D MICROARRAY: [bio_init:55] [info] oem: Android
01-01 00:08:23.349   567   567 D MICROARRAY: [bio_init:56] [info] product: Default
01-01 00:08:23.349   567   567 D MICROARRAY: [bio_init:57] [info] support_sensor: A88_N
01-01 00:08:23.349   567   567 D MICROARRAY: [init_device:119] start open madev
01-01 00:08:23.349   567   567 D MICROARRAY: [init_device:142] device open success. device_fd=5
01-01 00:08:23.352   462   462 D MODEM_CTRL: secure_boot_get_patiton_info: image[deltanv], normal_offset=0x0, load_offset=0x0, load_size=0x100000
01-01 00:08:23.352   462   462 D MODEM_CTRL: [secure] run in vboot v2 
01-01 00:08:23.352   462   462 D MODEM_CTRL: [secure] load_offset = 0x0 
01-01 00:08:23.352   462   462 D MODEM_CTRL: [secure]get_image_footer_byname: name: /proc/cptl/deltanv
01-01 00:08:23.352   462   462 D MODEM_CTRL: [secure]get_image_footer_byname: name not match
01-01 00:08:23.352   462   462 D MODEM_CTRL: [secure]fill_verify_table: name: /proc/cptl/deltanv
01-01 00:08:23.352   462   462 D MODEM_CTRL: [secure]fill_verify_table: name not match
01-01 00:08:23.352   462   462 D MODEM_CTRL: modem_load_image: (/dev/block/platform/soc/soc:ap-ahb/20600000.sdio/by-name/l_deltanv(0x0) ==> /proc/cptl/deltanv(0x0) size=0x100000)
01-01 00:08:23.362   507   507 D imsbr   : ip6tables -w -t mangle -I PREROUTING -m mark --mark 0x40000000/0xc0000000 -m limit --limit 15/min -j LOG --log-prefix imsbr-pre exit with 0
01-01 00:08:23.363   507   507 E imsbr   : failed to execute ioctl operation, Operation not supported on transport endpoint
01-01 00:08:23.363   507   507 D imsbr   : succeed in disabling dev features 31
01-01 00:08:23.376   299   299 I ServiceManager: service 'wificond' died
01-01 00:08:23.384   535   535 E MODEMLSV: open_at_channel: open at channel fail, sleep for a while[19(No such device)]
01-01 00:08:23.385   600   600 D ip_monitor-512: 2: dummy0: <BROADCAST,NOARP> mtu 1500 qdisc noop state DOWN group default event FEATURE CHANGE
01-01 00:08:23.403   462   462 D MODEM_CTRL: secure_boot_get_patiton_info: image[gdsp], normal_offset=0x0, load_offset=0x0, load_size=0x5e0000
01-01 00:08:23.403   462   462 D MODEM_CTRL: [secure] run in vboot v2 
01-01 00:08:23.403   462   462 D MODEM_CTRL: [secure] load_offset = 0x0 
01-01 00:08:23.403   462   462 D MODEM_CTRL: [secure]get_image_footer_byname: name: /proc/cptl/gdsp
01-01 00:08:23.403   462   462 D MODEM_CTRL: [secure]get_image_footer_byname: partition: l_gdsp
01-01 00:08:23.403   462   462 D MODEM_CTRL: [secure]get_verify_img_footer enter, fin = /dev/block/platform/soc/soc:ap-ahb/20600000.sdio/by-name/l_gdsp
01-01 00:08:23.403   462   462 D MODEM_CTRL: [secure]get_verify_img_footer size = 0xa00000
01-01 00:08:23.403   462   462 D MODEM_CTRL: [secure]get_verify_img_footer offset = 0x9fffc0
01-01 00:08:23.403   462   462 D MODEM_CTRL: [secure]get_verify_img_footer read footer.
01-01 00:08:23.404   462   462 D MODEM_CTRL: [secure]get_verify_img_footer read_len = 64
01-01 00:08:23.404   462   462 D MODEM_CTRL: [secure]fill_verify_table: name: /proc/cptl/gdsp
01-01 00:08:23.404   462   462 D MODEM_CTRL: modem_load_image: (/dev/block/platform/soc/soc:ap-ahb/20600000.sdio/by-name/l_gdsp(0x0) ==> /proc/cptl/gdsp(0x0) size=0x5e0000)
01-01 00:08:23.409   601   601 D ip_monitor-512: link/ether b2:86:a5:c6:b4:34 brd ff:ff:ff:ff:ff:ff
01-01 00:08:23.446   495   495 D APR     : MAIN: 1
01-01 00:08:23.447   495   495 D APR     : system pa system 1000
01-01 00:08:23.450   495   495 D APR     : AprData::init()
01-01 00:08:23.451   495   495 D APR     : Serialno=SFF9MH004F
01-01 00:08:23.467   495   495 D APR     : sys.boot.reason: reboot
01-01 00:08:23.467   462   462 D MODEM_CTRL: secure_boot_get_patiton_info: image[ldsp], normal_offset=0x0, load_offset=0x0, load_size=0xc00000
01-01 00:08:23.467   462   462 D MODEM_CTRL: [secure] run in vboot v2 
01-01 00:08:23.467   495   495 D APR     : no reboot happened
01-01 00:08:23.467   495   495 D APR     : APR get bootMode fail: No such file or directory
01-01 00:08:23.467   462   462 D MODEM_CTRL: [secure] load_offset = 0x0 
01-01 00:08:23.467   462   462 D MODEM_CTRL: [secure]get_image_footer_byname: name: /proc/cptl/ldsp
01-01 00:08:23.467   462   462 D MODEM_CTRL: [secure]get_image_footer_byname: partition: l_ldsp
01-01 00:08:23.467   462   462 D MODEM_CTRL: [secure]get_verify_img_footer enter, fin = /dev/block/platform/soc/soc:ap-ahb/20600000.sdio/by-name/l_ldsp
01-01 00:08:23.467   462   462 D MODEM_CTRL: [secure]get_verify_img_footer size = 0x1400000
01-01 00:08:23.467   462   462 D MODEM_CTRL: [secure]get_verify_img_footer offset = 0x13fffc0
01-01 00:08:23.467   462   462 D MODEM_CTRL: [secure]get_verify_img_footer read footer.
01-01 00:08:23.468   495   495 D APR     : dong A59DC19AF1D348558373B68C7C2861C
01-01 00:08:23.468   462   462 D MODEM_CTRL: [secure]get_verify_img_footer read_len = 64
01-01 00:08:23.469   462   462 D MODEM_CTRL: [secure]fill_verify_table: name: /proc/cptl/ldsp
01-01 00:08:23.469   462   462 D MODEM_CTRL: modem_load_image: (/dev/block/platform/soc/soc:ap-ahb/20600000.sdio/by-name/l_ldsp(0x0) ==> /proc/cptl/ldsp(0x0) size=0xc00000)
01-01 00:08:23.469   494   571 I adbd    : USB event: FUNCTIONFS_BIND
01-01 00:08:23.501   530   603 I ServiceManager: Waiting for service 'package_native' on '/dev/binder'...
01-01 00:08:23.506   443   465 E NetworkHAL: warning: connect to modemd failed, wait to try again ...
01-01 00:08:23.515   495   495 D APR     : SSRListener GetSystemServerPid = 1 times
01-01 00:08:23.517   526   589 E CPLOG_CONNMGR: process: accept a new client 10
01-01 00:08:23.517   432   432 E CP_CONNECT_CTL: socketConnect: connect server socket: cp_time_sync_server
01-01 00:08:23.518   432   432 E CP_CONNECT_CTL: process_socket_connect: open cp_time_sync_server failed: Connection refused [111(Connection refused)]
01-01 00:08:23.529   610   610 I recovery: Recovery image already installed
01-01 00:08:23.530   495   495 D APR     : SSRListener GetSystemServerPid = 2 times
01-01 00:08:23.609   530   603 I ServiceManager: Waiting for service 'package_native' on '/dev/binder'...
01-01 00:08:23.636   502   502 I DrmManager(Native): DrmManager::loadPlugIns from /system/lib64/drm
01-01 00:08:23.646   462   462 D MODEM_CTRL: load_img_from_table: load cpcmdline
01-01 00:08:23.648   462   462 D MODEM_CTRL: modem_load_cp_cmdline (/proc/cmdline ==> /proc/cptl/cpcmdline)
01-01 00:08:23.653   579   579 D WCND    : check_kernel_cmdline
01-01 00:08:23.653   558   558 I gatekeeperd: Starting gatekeeperd...
01-01 00:08:23.655   558   558 D gatekeeperd: hw gatekeeper
01-01 00:08:23.658   462   462 D MODEM_CTRL: write cmdline [wsize = 549]
01-01 00:08:23.658   462   462 D MODEM_CTRL: load_img_from_table: load nv
01-01 00:08:23.658   462   462 D MODEM_CTRL: modem_load_cp_nv: path=/dev/block/platform/soc/soc:ap-ahb/20600000.sdio/by-name/l_fixnv1, bak_path=/dev/block/platform/soc/soc:ap-ahb/20600000.sdio/by-name/l_fixnv2, out=/proc/cptl/fixnv
01-01 00:08:23.658   462   462 D MODEM_CTRL:NV_READ:  read_nv_partition path=/dev/block/platform/soc/soc:ap-ahb/20600000.sdio/by-name/l_fixnv1, bak_path=/dev/block/platform/soc/soc:ap-ahb/20600000.sdio/by-name/l_fixnv2, out=/proc/cptl/fixnv
01-01 00:08:23.662   618   618 D hcidump : main hcidump enter main
01-01 00:08:23.662   618   618 D hcidump : create_server_socket name: bt_snoop_slog_socket
01-01 00:08:23.662   618   618 D hcidump : create_server_socket listen socket: bt_snoop_slog_socket, fd: 5
01-01 00:08:23.662   618   618 D hcidump : skt_connect connect to bt_snoop_slog_socket_CTL (sz 0)
01-01 00:08:23.662   618   618 D hcidump : skt_connect failed to connect (Connection refused)
01-01 00:08:23.662   618   618 D hcidump : hci_log_enable skt_connect failed : fd = -1
01-01 00:08:23.662   618   618 D hcidump : main waiting for connection
01-01 00:08:23.664   579   579 D WCND    : kernel cmd line: earlycon=sprd_serial,0x70100000,115200n8 console=ttyS1,115200n8 loglevel=1 init=/init root=/dev/ram0 rw androidboot.hardware=sc626 androidboot.dtbo_idx=0 printk.devkmsg=on androidboot.boot_devices=soc/soc:ap-ahb/20600000.sdio lcd_id=ID67200 lcd_name=lcd_rm67200_mipi_fhd_dual lcd_base=fd482000 lcd_size=1920x1080 pixel_clock=128000000 logo_bpix=24 androidboot.ddrsize=2048M androidboot.ddrsize.range=[2048,)  sysdump_magic=85500000 modem=shutdown ltemode=lcsfb rfboard.id=2 rfhw.id=0 crystal=2 32k.less=1 modemboot.method=emmcboot  androidboot.verifiedbootstate=orange androidboot.flash.locked=0  androidboot.serialno=SFF9MH004F  androidboot.bid=1 androidboot.vbmeta.device=PARTUUID=1.0 androidboot.vbmeta.avb_version=1.1 androidboot.vbmeta.device_state=unlocked androidboot.vbmeta.hash_alg=sha256 androidboot.vbmeta.size=38592 androidboot.vbmeta.digest=8f8ac1c41c08560bf6ab683c6206ad73370720feff56652ec9f36a097cd6d6c3 androidboot.vbmeta.invalidate_on_error=yes androidboot.veritymode=enforcing
01-01 00:08:23.664   579   579 D WCND    : uid: 1000,
01-01 00:08:23.664   579   579 D WCND    : gid: 1000,
01-01 00:08:23.664   579   579 D WCND    : group id 0: 1002,
01-01 00:08:23.664   579   579 D WCND    : group id 1: 1010,
01-01 00:08:23.664   579   579 D WCND    : group id 2: 2000,
01-01 00:08:23.664   579   579 D WCND    : group id 3: 3001,
01-01 00:08:23.664   579   579 D WCND    : group id 4: 3003,
01-01 00:08:23.664   579   579 D WCND    : group id 5: 3009,
01-01 00:08:23.665   579   579 D WCND    : capget version=20080522, pid=0
01-01 00:08:23.665   579   579 D WCND    : cap[0] = 3020, cap[1] = 8
01-01 00:08:23.665   579   579 D WCND    :  WCN ASSERT Interface: /proc/mdbg/assert 
01-01 00:08:23.665   579   579 D WCND    :   WCN LOOP Interface: /proc/mdbg/loopcheck 
01-01 00:08:23.665   579   579 D WCND    :  WCN START Interface: NOT-USED 
01-01 00:08:23.665   579   579 D WCND    : WCN STOP Interface: NOT-USED 
01-01 00:08:23.665   579   579 D WCND    :  WCN DOWNLAOD Interface: NOT-USED 
01-01 00:08:23.665   579   579 D WCND    :  WCN IMAGE File:  
01-01 00:08:23.665   579   579 D WCND    :  WCN ATCMD Interface: /proc/mdbg/at_cmd
01-01 00:08:23.665   579   579 D WCND    : userdebug version: userdebug!!!
01-01 00:08:23.665   579   579 D WCND    : wcnd_cp2_log_init: CP2 log level: 3
01-01 00:08:23.666   579   579 D WCND    : wcnd_cp2_log_init: CP2 log : 1
01-01 00:08:23.669   520   520 I mediametrics: ServiceManager: 0x7d11e74280
01-01 00:08:23.669   520   520 D MediaAnalyticsService: MediaAnalyticsService created
01-01 00:08:23.689   558   558 D gatekeeperd: init hw device 
01-01 00:08:23.699   529   529 I ServiceManagement: Registered android.frameworks.stats@1.0::IStats/default (start delay of 820ms)
01-01 00:08:23.700   579   634 D WCND    : cp2_listen_thread: open assert dev: /proc/mdbg/assert, fd = 8
01-01 00:08:23.700   579   634 D WCND    : assert_fd = 8, max=8
01-01 00:08:23.700   529   529 W statsd  : statscompanion service unavailable!
01-01 00:08:23.701   529   529 I statsd  : Statsd starts to listen to socket.
01-01 00:08:23.715   545   545 D GPS_HAL : Call open_gps name = gps
01-01 00:08:23.715   545   545 E GnssHAL_V_Gnss: Gnss: Enter
01-01 00:08:23.716   545   545 D GPS_HAL : Call gps_get_hardware_interface 0x7d2c43f000
01-01 00:08:23.718   461   461 D ENGPC:  :  [tid:0]wait_for_modem_alive: times:590, failed to open tty dev:  /dev/sdiag_lte, fd = -1
01-01 00:08:23.718   432   432 E CP_CONNECT_CTL: process_socket_connect: open cp_time_sync_server failed: Connection refused [111(Connection refused)]
01-01 00:08:23.719   462   462 D MODEM_CTRL:NV_READ: : both org and bak partition are ok!
01-01 00:08:23.720   530   603 I ServiceManager: Waiting for service 'package_native' on '/dev/binder'...
01-01 00:08:23.727   545   545 I ServiceManagement: Registered vendor.sprd.hardware.gnss@2.0::IGnss/default (start delay of 769ms)
01-01 00:08:23.727   545   545 I ServiceManagement: Removing namespace from process name vendor.sprd.hardware.gnss@2.0-service to gnss@2.0-service.
01-01 00:08:23.728   545   545 I GnssHAL_V_Service: Registration complete for vendor.sprd.hardware.gnss@2.0::IGnss/default.
01-01 00:08:23.734   579   633 D WCND    : listen_fd = 5, max=7
01-01 00:08:23.734   579   633 D WCND    : dispatch_command2: arg[0] = 'wcn'
01-01 00:08:23.735   462   462 D MODEM_CTRL: load_img_from_table: load nv
01-01 00:08:23.735   462   462 D MODEM_CTRL: modem_load_cp_nv: path=/dev/block/platform/soc/soc:ap-ahb/20600000.sdio/by-name/l_runtimenv1, bak_path=/dev/block/platform/soc/soc:ap-ahb/20600000.sdio/by-name/l_runtimenv2, out=/proc/cptl/runnv
01-01 00:08:23.735   462   462 D MODEM_CTRL:NV_READ:  read_nv_partition path=/dev/block/platform/soc/soc:ap-ahb/20600000.sdio/by-name/l_runtimenv1, bak_path=/dev/block/platform/soc/soc:ap-ahb/20600000.sdio/by-name/l_runtimenv2, out=/proc/cptl/runnv
01-01 00:08:23.735   579   633 D WCND    : dispatch_command2: arg[1] = 'poweron'
01-01 00:08:23.735   579   633 D WCND    : wcnd_runcommand: arg[0] = 'poweron'
01-01 00:08:23.735   579   633 D WCND    : send_atcmd: Receive AT CMD: startwcn, len = 8
01-01 00:08:23.736   579   633 D WCND    : send_atcmd: open at cmd interface: /proc/mdbg/at_cmd, fd = 9
01-01 00:08:23.740   579   633 E WCND    : send_atcmd: write /proc/mdbg/at_cmd success
01-01 00:08:23.740   579   633 D WCND    : listen_fd = 5, max=7
01-01 00:08:23.747   579   635 E WCND    : cp2_loop_check_thread :Check marlin2 Status!!
01-01 00:08:23.748   513   513 I keystore: found android.hardware.keymaster@4.0::IKeymasterDevice with interface name default and seclevel TRUSTED_ENVIRONMENT
01-01 00:08:23.756   527   527 E SLOGCP  : process: usb state is configured
01-01 00:08:23.756   494   571 I adbd    : USB event: FUNCTIONFS_ENABLE
01-01 00:08:23.757   513   513 I ServiceManagement: Registered android.system.wifi.keystore@1.0::IKeystore/default (start delay of 948ms)
01-01 00:08:23.758   494   571 W libc    : Unable to set property "sys.adb.functions_disable" to "disable": error code: 0x18
01-01 00:08:23.785   535   535 E MODEMLSV: open_at_channel: open at channel fail, sleep for a while[19(No such device)]
01-01 00:08:23.796   462   462 D MODEM_CTRL:NV_READ: : both org and bak partition are ok!
01-01 00:08:23.803   462   462 D MODEM_CTRL: [secure] check calibration mode 
01-01 00:08:23.803   462   462 D MODEM_CTRL: [secure]modem_check_cmdline,cmdline: earlycon=sprd_serial,0x70100000,115200n8 console=ttyS1,115200n8 loglevel=1 init=/init root=/dev/ram0 rw androidboot.hardware=sc626 androidboot.dtbo_idx=0 printk.devkmsg=on androidboot.boot_devices=soc/soc:ap-ahb/20600000.sdio lcd_id=ID67200 lcd_name=lcd_rm67200_mipi_fhd_dual lcd_base=fd482000 lcd_size=1920x1080 pixel_clock=128000000 logo_bpix=24 androidboot.ddrsize=2048M androidboot.ddrsize.range=[2048,)  sysdump_magic=85500000 modem=shutdown ltemode=lcsfb rfboard.id=2 rfhw.id=0 crystal=2 32k.less=1 modemboot.method=emmcboot  androidboot.verifiedbootstate=orange androidboot.flash.locked=0  androidboot.serialno=SFF9MH004F  androidboot.bid=1 androidboot.vbmeta.device=PARTUUID=1.0 androidboot.vbmeta.avb_version=1.1 androidboot.vbmeta.device_state=unlocked androidboot.vbmeta.hash_alg=sha256 androidboot.vbmeta.size=38592 androidboot.vbmeta.digest=8f8ac1c41c08560bf6ab683c6206ad73370720feff56652ec9f36a097cd6d6c3 androidboot.vbmeta.invalidate_on_error=yes androidboot.veritymode=e
01-01 00:08:23.803   462   462 D MODEM_CTRL: [secure]modem_check_cmdline, str -calibration- not found
01-01 00:08:23.803   462   462 D TrustyKernelBootcp: kernel_bootcp_verify_all enter
01-01 00:08:23.803   462   462 D TrustyKernelBootcp: trusty_kernelbootcp_connect enter
01-01 00:08:23.807   462   462 D TrustyKernelBootcp: handle = 5 
01-01 00:08:23.807   462   462 D TrustyKernelBootcp: trusty_kernelbootcp_call enter in_size = 464 out_size = 16
01-01 00:08:23.807   462   462 D TrustyKernelBootcp: handle = 5 msg_size = 472 
01-01 00:08:23.807   462   462 D TrustyKernelBootcp: write rc = 472 
01-01 00:08:23.810   575   575 D YLog    : set logdir : /data/
01-01 00:08:24.285   408   408 I hw_sensor: 567, hw_sensor_i2c_set_clk: clock = 400000 
01-01 00:08:24.513   408   408 I gc0310_sharkl2: 304, gc0310_drv_init_fps_info: is_high_fps: 0,highfps_skip_num 0
01-01 00:08:24.513   408   408 I gc0310_sharkl2: 299, gc0310_drv_init_fps_info: mode 6,tempfps 0,frame_len 0,line_time: 0 
01-01 00:08:24.513   408   408 I gc0310_sharkl2: 301, gc0310_drv_init_fps_info: mode 6,max_fps: 0 
01-01 00:08:24.513   408   408 I gc0310_sharkl2: 304, gc0310_drv_init_fps_info: is_high_fps: 0,highfps_skip_num 0
01-01 00:08:24.513   408   408 I gc0310_sharkl2: 299, gc0310_drv_init_fps_info: mode 7,tempfps 0,frame_len 0,line_time: 0 
01-01 00:08:24.513   408   408 I gc0310_sharkl2: 301, gc0310_drv_init_fps_info: mode 7,max_fps: 0 
01-01 00:08:24.513   408   408 I gc0310_sharkl2: 304, gc0310_drv_init_fps_info: is_high_fps: 0,highfps_skip_num 0
01-01 00:08:24.513   408   408 I gc0310_sharkl2: 299, gc0310_drv_init_fps_info: mode 8,tempfps 0,frame_len 0,line_time: 0 
01-01 00:08:24.513   408   408 I gc0310_sharkl2: 301, gc0310_drv_init_fps_info: mode 8,max_fps: 0 
01-01 00:08:24.513   408   408 I gc0310_sharkl2: 304, gc0310_drv_init_fps_info: is_high_fps: 0,highfps_skip_num 0
01-01 00:08:25.038   530   603 I ServiceManager: Waiting for service 'package_native' on '/dev/binder'...
01-01 00:08:25.083   579   633 D WCND    : wcnd_process_atcmd: Wait ATcmd to return
01-01 00:08:25.084   579   633 D WCND    : wcnd_process_atcmd: ATcmd to /proc/mdbg/at_cmd return: 'OK'
01-01 00:08:25.084   579   633 D WCND    : Avoid sending response of 'OK' to WCND it-self, ret_value: 0
01-01 00:08:25.084   579   633 D WCND    : on_marlin2_poweron cp2_log_level at+loglevel=3
01-01 00:08:25.084   579   633 D WCND    : wcnd_process_atcmd: Receive AT CMD: at+loglevel=3, len = 14
01-01 00:08:25.084   579   633 D WCND    : substr[0]:at+loglevel
01-01 00:08:25.084   579   633 D WCND    : substr[1]:3
01-01 00:08:25.085   494   494 W adbd    : timeout expired while flushing socket, closing
01-01 00:08:25.088   579   633 D WCND    : before_send_atcmd: at+loglevel: 3
01-01 00:08:25.088   579   633 D WCND    : wcnd_process_atcmd: open at cmd interface: /proc/mdbg/at_cmd, fd = 10
01-01 00:08:25.122   432   432 E CP_CONNECT_CTL: process_socket_connect: open cp_time_sync_server failed: Connection refused [111(Connection refused)]
01-01 00:08:25.139   530   603 I ServiceManager: Waiting for service 'package_native' on '/dev/binder'...
01-01 00:08:25.169   462   462 D MODEM_CTRL: wait_for_modem_alive: wait for alive info from : 6
01-01 00:08:25.169   462   462 D MODEM_CTRL: wait_for_modem_alive: read response Modem Alive from 6
01-01 00:08:25.169   462   462 D MODEM_CTRL: wait_for_modem_alive: wake lock bEnable = 0!
01-01 00:08:25.170   462   783 D MODEM_CTRL: Enter modem_ctrl_listen_modem !
01-01 00:08:25.170   462   783 D MODEM_CTRL: modem_ctrl_listen_modem: ro.vendor.modem.assert = /dev/spipe_lte2
01-01 00:08:25.170   462   783 D MODEM_CTRL: modem_ctrl_listen_modem: /dev/spipe_lte2wdtirq = /dev/spipe_lte2wdtirq
01-01 00:08:25.170   462   783 D MODEM_CTRL: modem_ctrl_listen_modem: open assert dev: /dev/spipe_lte2, fd = 8
01-01 00:08:25.170   462   783 D MODEM_CTRL: modem_ctrl_listen_modem: open watchdog dev: /dev/spipe_lte2wdtirq, fd = -1
01-01 00:08:25.170   462   783 D MODEM_CTRL: open /dev/spipe_lte2wdtirq unsupport watchdog, errno: No such file or directory
01-01 00:08:25.170   462   783 D MODEM_CTRL: modem_ctrl_listen_modem: wait for modem assert/hangup event ...
01-01 00:08:25.170   462   785 D MODEM_CTRL: modem_ctrl_listen_clients: start listen modemd...
01-01 00:08:25.171   462   785 D MODEM_CTRL: control nvitemd! isStart 1
01-01 00:08:25.171   462   784 D MODEM_CTRL: modem_setup_clients_connect: Waiting for new connect ...
01-01 00:08:25.171   462   786 D MODEM_CTRL: modem_ctrl_read_thread: enter
01-01 00:08:25.171   462   786 D MODEM_CTRL: modem_ctrl_read_thread: begin select
01-01 00:08:25.172   462   785 D MODEM_CTRL: wifionly get wifionly prop : false
01-01 00:08:25.172   462   785 D MODEM_CTRL: modem_ctrl_listen_clients: write to modemd len = 0,str=Modem Alive
01-01 00:08:25.188   579   633 D WCND    : wcnd_process_atcmd: Wait ATcmd to return
01-01 00:08:25.188   579   633 D WCND    : wcnd_process_atcmd: ATcmd to /proc/mdbg/at_cmd return: 'OK'
01-01 00:08:25.188   579   633 D WCND    : Avoid sending response of 'OK' to WCND it-self, ret_value: 0
01-01 00:08:25.188   579   633 D WCND    : listen_fd = 5, max=7
01-01 00:08:25.188   579   633 D WCND    : dispatch_command2: arg[0] = 'wcn'
01-01 00:08:25.189   579   633 D WCND    : dispatch_command2: arg[1] = 'getcp2version'
01-01 00:08:25.189   579   633 D WCND    : wcnd_runcommand: arg[0] = 'getcp2version'
01-01 00:08:25.189   579   633 D WCND    : wcnd_runcommand: store the cp2 version info
01-01 00:08:25.189   579   633 D WCND    : wcnd_process_atcmd: Receive AT CMD: at+spatgetcp2info, len = 18
01-01 00:08:25.189   579   633 D WCND    : before_send_atcmd: To get cp2 version
01-01 00:08:25.189   579   633 D WCND    : wcnd_process_atcmd: open at cmd interface: /proc/mdbg/at_cmd, fd = 10
01-01 00:08:25.212   787   787 D NVITEM  : : ro_prop ro.vendor.modem
01-01 00:08:25.212   787   787 D NVITEM  : : persist_prop persist.vendor.modem
01-01 00:08:25.213   787   787 D NVITEM  : : channel_char ro.vendor.modem.nv
01-01 00:08:25.213   787   787 D NVITEM  : : channel_path /dev/spipe_lte1 
01-01 00:08:25.213   787   787 D NVITEM  : : fixnv_property is ro.vendor.modem.fixnv_size fixnv 0x100000
01-01 00:08:25.213   787   787 D NVITEM  : : fixnv_size 100000
01-01 00:08:25.213   787   787 D NVITEM  : : runnv_property is ro.vendor.modem.runnv_size runnv 0x120000
01-01 00:08:25.213   787   787 D NVITEM  : : runnv_size 120000
01-01 00:08:25.213   787   787 D NVITEM  : : partition_path /dev/block/platform/soc/soc:ap-ahb/20600000.sdio/by-name/
01-01 00:08:25.213   787   787 D NVITEM  : : path_char l_ nvp persist.vendor.modem.nvp
01-01 00:08:25.213   787   787 D NVITEM  : : fixnv_ori_path /dev/block/platform/soc/soc:ap-ahb/20600000.sdio/by-name/l_fixnv1 fixnv_bak_path /dev/block/platform/soc/soc:ap-ahb/20600000.sdio/by-name/l_fixnv2
01-01 00:08:25.213   787   787 D NVITEM  : : runnv_ori_path /dev/block/platform/soc/soc:ap-ahb/20600000.sdio/by-name/l_runtimenv1 runnv_bak_path /dev/block/platform/soc/soc:ap-ahb/20600000.sdio/by-name/l_runtimenv2
01-01 00:08:25.213   787   787 D NVITEM  : : i = 0	0x1	/dev/block/platform/soc/soc:ap-ahb/20600000.sdio/by-name/l_fixnv1	/dev/block/platform/soc/soc:ap-ahb/20600000.sdio/by-name/l_fixnv2	0x  100000
01-01 00:08:25.213   787   787 D NVITEM  : : i = 1 	0x2	/dev/block/platform/soc/soc:ap-ahb/20600000.sdio/by-name/l_runtimenv1	/dev/block/platform/soc/soc:ap-ahb/20600000.sdio/by-name/l_runtimenv2	0x  120000
01-01 00:08:25.214   787   787 D NVITEM  : : ramDisk_Read enter
01-01 00:08:25.226   787   787 D NVITEM  : : crc = 0x2c4c,checksum=0x2c4c
01-01 00:08:25.226   787   787 D NVITEM  : : checksum_64=1
01-01 00:08:25.226   787   787 D NVITEM  : : partId1:/dev/block/platform/soc/soc:ap-ahb/20600000.sdio/by-name/l_fixnv1 read success!
01-01 00:08:25.230   787   787 D NVITEM  : : ramDisk_Read enter
01-01 00:08:25.239   530   603 I ServiceManager: Waiting for service 'package_native' on '/dev/binder'...
01-01 00:08:25.241   787   787 D NVITEM  : : crc = 0xb1a9,checksum=0xb1a9
01-01 00:08:25.241   787   787 D NVITEM  : : checksum_64=1
01-01 00:08:25.241   787   787 D NVITEM  : : partId2:/dev/block/platform/soc/soc:ap-ahb/20600000.sdio/by-name/l_runtimenv2 read success!
01-01 00:08:25.244   787   787 D sprd_halo_cali: : start halo_verify process
01-01 00:08:25.244   787   787 D sprd_halo_cali: : start halo_verify process
01-01 00:08:25.244   787   787 D sprd_halo_cali: : pTheadhaloHandle is NULL, create one
01-01 00:08:25.244   787   787 D sprd_halo_cali: : channel open
01-01 00:08:25.244   787   787 D NVITEM  : : _getPacket
01-01 00:08:25.244   787   790 D sprd_halo_cali: : phaloTask enter halo_init_modemstatus_miscdata 
01-01 00:08:25.245   787   790 D sprd_halo_cali: : connect to modemd socket success!
01-01 00:08:25.245   787   790 D sprd_halo_cali: : phaloTask: Monioring modem state on socket
01-01 00:08:25.245   462   784 D MODEM_CTRL: modem_setup_clients_connect: accept client n=13
01-01 00:08:25.245   462   784 D MODEM_CTRL: modem_setup_clients_connect: fill13 to client[0]
01-01 00:08:25.245   462   784 D MODEM_CTRL: modem_setup_clients_connect: Waiting for new connect ...
01-01 00:08:25.245   787   790 D sprd_halo_cali: : read 19 from fd 6, erro Success
01-01 00:08:25.245   462   786 D MODEM_CTRL: modem_ctrl_read_thread: after select n = 1
01-01 00:08:25.245   787   790 D sprd_halo_cali: : phaloTask: read numRead = 19, buf = Modem State: Alive
01-01 00:08:25.245   462   786 D MODEM_CTRL: modem_ctrl_read_thread: client cnct to modemd num = 1, buf = 0
01-01 00:08:25.245   462   786 D MODEM_CTRL: modem_ctrl_read_thread: begin select
01-01 00:08:25.245   787   790 D sprd_halo_cali: : halo recieve modem alive 
01-01 00:08:25.245   787   790 D sprd_halo_cali: : pTheadhaloprocessHandle is NULL, create one
01-01 00:08:25.246   787   790 D sprd_halo_cali: : phaloTask: Monioring modem state on socket
01-01 00:08:25.246   787   791 D sprd_halo_cali: : before halo verify sleep 2s
01-01 00:08:25.289   579   633 D WCND    : wcnd_process_atcmd: Wait ATcmd to return
01-01 00:08:25.290   579   633 D WCND    : wcnd_process_atcmd: ATcmd to /proc/mdbg/at_cmd return: 'WCN_VER:Platform Version:MARLIN3E_TRUNK_W21.28.3~Project Version:uwe5623_marlin3E_usbhub~07-14-2021 02:18:52~'
01-01 00:08:25.290   579   633 D WCND    : Avoid sending response of 'WCN_VER:Platform Version:MARLIN3E_TRUNK_W21.28.3~Project Version:uwe5623_marlin3E_usbhub~07-14-2021 02:18:52~' to WCND it-self, ret_value: 0
01-01 00:08:25.290   579   633 D WCND    : dispatch_command2: arg[0] = 'wcn'
01-01 00:08:25.290   579   633 D WCND    : dispatch_command2: arg[1] = 'poweroff'
01-01 00:08:25.290   579   633 D WCND    : wcnd_runcommand: arg[0] = 'poweroff'
01-01 00:08:25.290   579   633 D WCND    : send_atcmd: Receive AT CMD: stopwcn, len = 7
01-01 00:08:25.290   579   633 D WCND    : send_atcmd: open at cmd interface: /proc/mdbg/at_cmd, fd = 10
01-01 00:08:25.290   579   633 E WCND    : send_atcmd: write /proc/mdbg/at_cmd success
01-01 00:08:25.290   579   633 D WCND    : send_notify_to_client (type:16)
01-01 00:08:25.290   579   633 D WCND    : clients[0].sockfd = -1, type = 0
01-01 00:08:25.290   579   633 D WCND    : clients[1].sockfd = -1, type = 0
01-01 00:08:25.290   579   633 D WCND    : clients[2].sockfd = -1, type = 0
01-01 00:08:25.290   579   633 D WCND    : clients[3].sockfd = -1, type = 0
01-01 00:08:25.290   579   633 D WCND    : clients[4].sockfd = -1, type = 0
01-01 00:08:25.290   579   633 D WCND    : clients[5].sockfd = -1, type = 0
01-01 00:08:25.290   579   633 D WCND    : clients[6].sockfd = -1, type = 0
01-01 00:08:25.290   579   633 D WCND    : clients[7].sockfd = -1, type = 0
01-01 00:08:25.290   579   635 D WCND    : is_cp2_alive_ok: open polling interface: /proc/mdbg/loopcheck, fd = 10
01-01 00:08:25.290   579   633 D WCND    : clients[8].sockfd = -1, type = 0
01-01 00:08:25.290   579   633 D WCND    : clients[9].sockfd = -1, type = 0
01-01 00:08:25.290   579   633 D WCND    : listen_fd = 5, max=7
01-01 00:08:25.322   432   432 E CP_CONNECT_CTL: process_socket_connect: open cp_time_sync_server failed: Connection refused [111(Connection refused)]
01-01 00:08:25.340   530   603 I ServiceManager: Waiting for service 'package_native' on '/dev/binder'...
01-01 00:08:25.391   541   541 D refnotify: RefNotify ready to do cmd 
01-01 00:08:25.391   541   541 D refnotify: RefNotify_DoCmd, 10 
01-01 00:08:25.391   541   541 D refnotify: AP up time sys_cnt 1148
01-01 00:08:25.391   579   635 D WCND    : is_cp2_alive_ok: loop: /proc/mdbg/loopcheck is OK
01-01 00:08:25.391   541   541 D refnotify: RefNotify main: wait for modem notify event ...
01-01 00:08:25.392   541   792 D refnotify: Enter timesync_task.
01-01 00:08:25.417   462   784 D MODEM_CTRL: modem_setup_clients_connect: accept client n=12
01-01 00:08:25.417   462   784 D MODEM_CTRL: modem_setup_clients_connect: fill12 to client[1]
01-01 00:08:25.417   462   786 D MODEM_CTRL: modem_ctrl_read_thread: after select n = 1
01-01 00:08:25.417   462   784 D MODEM_CTRL: modem_setup_clients_connect: Waiting for new connect ...
01-01 00:08:25.417   462   786 D MODEM_CTRL: modem_ctrl_read_thread: client cnct to modemd num = 1, buf = 0
01-01 00:08:25.417   462   786 D MODEM_CTRL: modem_ctrl_read_thread: begin select
01-01 00:08:25.422   462   784 D MODEM_CTRL: modem_setup_clients_connect: accept client n=14
01-01 00:08:25.422   461   737 D ENGPC:  :  [tid:0]try_connect: connect modemd socket poll_num=1, sock->fd=59, sock->index=0
01-01 00:08:25.422   461   737 D ENGPC:  : 
01-01 00:08:25.422   461   737 D ENGPC:  :  [tid:0]try_connect: connect modemd socket success, try_num=0
01-01 00:08:25.422   461   737 D ENGPC:  : 
01-01 00:08:25.422   462   784 D MODEM_CTRL: modem_setup_clients_connect: fill14 to client[2]
01-01 00:08:25.422   462   784 D MODEM_CTRL: modem_setup_clients_connect: Waiting for new connect ...
01-01 00:08:25.422   462   786 D MODEM_CTRL: modem_ctrl_read_thread: after select n = 1
01-01 00:08:25.422   462   786 D MODEM_CTRL: modem_ctrl_read_thread: client cnct to modemd num = 1, buf = 0
01-01 00:08:25.422   462   786 D MODEM_CTRL: modem_ctrl_read_thread: begin select
01-01 00:08:25.422   461   737 D ENGPC:  :  [tid:0]try_connect: connect cp_time_sync_server socket poll_num=2, sock->fd=60, sock->index=1
01-01 00:08:25.422   461   737 D ENGPC:  : 
01-01 00:08:25.422   461   737 D ENGPC:  :  [tid:0]try_connect: connect cp_time_sync_server socket success, try_num=0
01-01 00:08:25.422   461   737 D ENGPC:  : 
01-01 00:08:25.422   461   737 D ENGPC:  :  [tid:0]timesync: total_conn=2
01-01 00:08:25.422   461   737 D ENGPC:  : 
01-01 00:08:25.422   541   792 D refnotify: A time sync client is connected.
01-01 00:08:25.422   461   737 D ENGPC:  :  [tid:0]timesync: notify_buf=Modem State: Alive
01-01 00:08:25.422   461   737 D ENGPC:  : 
01-01 00:08:25.422   461   737 D ENGPC:  :  [tid:0]timesync: total_conn=2
01-01 00:08:25.422   461   737 D ENGPC:  : 
01-01 00:08:25.422   461   737 D ENGPC:  :  [tid:0]timesync: receive time sync data from refnotify
01-01 00:08:25.422   461   737 D ENGPC:  : 
01-01 00:08:25.423   461   737 D ENGPC:  :  [tid:0]current_ap_time_stamp_handle: [time_sync]:sys_cnt=1148, uptime=9; [time_stamp]:tv_sec=315533305, tv_usec=422704, sys_cnt=1148
01-01 00:08:25.423   461   737 D ENGPC:  : 
01-01 00:08:25.424   461   737 D ENGPC:  :  [tid:0]current_ap_time_stamp_handle: AP Time 1980-01-01 00:08:25 422704 Micorseconds
01-01 00:08:25.424   461   737 D ENGPC:  : 
01-01 00:08:25.424   461   737 D ENGPC:  :  [tid:0]timesync: total_conn=2
01-01 00:08:25.424   461   737 D ENGPC:  : 
01-01 00:08:25.441   530   603 I ServiceManager: Waiting for service 'package_native' on '/dev/binder'...
01-01 00:08:25.507   443   465 D NetworkHAL:  connect to modemd success
01-01 00:08:25.507   462   784 D MODEM_CTRL: modem_setup_clients_connect: accept client n=15
01-01 00:08:25.508   462   784 D MODEM_CTRL: modem_setup_clients_connect: fill15 to client[3]
01-01 00:08:25.508   462   786 D MODEM_CTRL: modem_ctrl_read_thread: after select n = 1
01-01 00:08:25.508   462   784 D MODEM_CTRL: modem_setup_clients_connect: Waiting for new connect ...
01-01 00:08:25.508   462   786 D MODEM_CTRL: modem_ctrl_read_thread: client cnct to modemd num = 1, buf = 0
01-01 00:08:25.508   462   786 D MODEM_CTRL: modem_ctrl_read_thread: begin select
01-01 00:08:25.508   443   465 D NetworkHAL:  get event from modemd **
01-01 00:08:25.508   443   465 D NetworkHAL: new cmd comes:Modem State: Alive
01-01 00:08:25.508   443   465 E NetworkHAL: callback is null,no result return
01-01 00:08:25.523   432   432 E CP_CONNECT_CTL: process_socket_connect: open socket cp_time_sync_server success, src socket =10, fd = 10
01-01 00:08:25.523   432   432 E CP_CONNECT_CTL: socketConnect: socket connect success
01-01 00:08:25.523   541   792 D refnotify: A time sync client is connected.
01-01 00:08:25.523   432   468 E CP_CONNECT_CTL: process: reqest type =0, handle = 500397270048
01-01 00:08:25.523   432   468 E CP_CONNECT_CTL: process: get time info sys_cnt=1148,uptime=9,n=8
01-01 00:08:25.523   432   468 E CP_CONNECT_CTL: process_time: send time data to callback:sys_cnt=1148, uptime=9
01-01 00:08:25.523   526   589 E CPLOG_CONNMGR: socket_connect_process: socket server fd_=10
01-01 00:08:25.523   526   589 E CPLOG_CONNMGR: process: get server fd_=10
01-01 00:08:25.524   526   526 E CPLOG_CONNMGR: onTimeresp: write time sync to slogmodem success 
01-01 00:08:25.524   432   468 E CP_CONNECT_CTL: process_time: send time to callback success
01-01 00:08:25.524   527   527 E SLOGCP  : process_data: MODEM time info: sys_cnt = 1148, up time = 9
01-01 00:08:25.541   530   603 I ServiceManager: Waiting for service 'package_native' on '/dev/binder'...
01-01 00:08:25.548   495   495 D APR     : SSRListener GetSystemServerPid = 3 times
01-01 00:08:25.643   530   603 I ServiceManager: Waiting for service 'package_native' on '/dev/binder'...
01-01 00:08:25.845   530   603 I chatty  : uid=0(root) /system/bin/storaged identical 2 lines
01-01 00:08:25.946   530   603 I ServiceManager: Waiting for service 'package_native' on '/dev/binder'...
01-01 00:08:26.020   526   587 E CPLOG_CONNMGR: process: accept a new client 11
01-01 00:08:26.020   526   588 E CPLOG_CONNMGR: process: accept a new client 12
01-01 00:08:26.020   432   432 E CP_CONNECT_CTL: socketConnect: connect server socket: modemd
01-01 00:08:26.021   432   432 E CP_CONNECT_CTL: process_socket_connect: open socket modemd success, src socket =11, fd = 11
01-01 00:08:26.021   432   432 E CP_CONNECT_CTL: socketConnect: socket connect success
01-01 00:08:26.021   462   784 D MODEM_CTRL: modem_setup_clients_connect: accept client n=16
01-01 00:08:26.021   432   432 E CP_CONNECT_CTL: socketConnect: connect server socket: wcnd
01-01 00:08:26.021   432   468 E CP_CONNECT_CTL: process: reqest type =0, handle = 500397315456
01-01 00:08:26.021   462   784 D MODEM_CTRL: modem_setup_clients_connect: fill16 to client[4]
01-01 00:08:26.021   462   784 D MODEM_CTRL: modem_setup_clients_connect: Waiting for new connect ...
01-01 00:08:26.021   432   468 E CP_CONNECT_CTL: process: get data from server fd=11, buffer=Modem State: Alive,n=19
01-01 00:08:26.021   432   468 E CP_CONNECT_CTL: process_state: new cmd comes:Modem State: Alive
01-01 00:08:26.021   526   587 E CPLOG_CONNMGR: socket_connect_process: socket server fd_=11
01-01 00:08:26.021   526   587 E CPLOG_CONNMGR: process: get server fd_=11
01-01 00:08:26.021   462   786 D MODEM_CTRL: modem_ctrl_read_thread: after select n = 1
01-01 00:08:26.021   432   432 E CP_CONNECT_CTL: process_socket_connect: open socket wcnd success, src socket =12, fd = 12
01-01 00:08:26.021   462   786 D MODEM_CTRL: modem_ctrl_read_thread: client cnct to modemd num = 1, buf = 0
01-01 00:08:26.021   432   432 E CP_CONNECT_CTL: socketConnect: socket connect success
01-01 00:08:26.021   462   786 D MODEM_CTRL: modem_ctrl_read_thread: begin select
01-01 00:08:26.021   579   633 D WCND    : wcnd got 10 from accept
01-01 00:08:26.021   579   633 D WCND    : listen_fd = 5, max=10
01-01 00:08:26.022   527   527 E SLOGCP  : process_data: 256 bytes: Modem State: Alive
01-01 00:08:26.022   432   468 E CP_CONNECT_CTL: process_state:  response from callback cmd response send sucess
01-01 00:08:26.022   526   588 E CPLOG_CONNMGR: socket_connect_process: socket server fd_=12
01-01 00:08:26.022   526   588 E CPLOG_CONNMGR: process: get server fd_=12
01-01 00:08:26.022   432   468 E CP_CONNECT_CTL: process: reqest type =0, handle = 500397315200
01-01 00:08:26.047   530   603 I ServiceManager: Waiting for service 'package_native' on '/dev/binder'...
01-01 00:08:26.956   530   603 I chatty  : uid=0(root) /system/bin/storaged identical 9 lines
01-01 00:08:27.056   530   603 I ServiceManager: Waiting for service 'package_native' on '/dev/binder'...
01-01 00:08:27.104   797   797 I netdClient: Skipping libnetd_client init since *we* are netd
01-01 00:08:27.107   797   797 I netd    : netd 1.0 starting
01-01 00:08:27.111   797   797 I Netd    : Loaded resolver library from /apex/com.android.resolv/lib64/libnetd_resolv.so
01-01 00:08:27.112   797   797 D TetherController: Setting IP forward enable = 0
01-01 00:08:27.114   797   797 D FirewallController: Could not read /proc/self/uid_map, max uid defaulting to 4294967294
01-01 00:08:27.145   797   797 I netd    : Creating child chains: 15.3ms
01-01 00:08:27.146   797   797 I netd    : Setting up OEM hooks: 0.3ms
01-01 00:08:27.146   797   797 I netd    : Setting up FirewallController hooks: 0.1ms
01-01 00:08:27.150   797   797 I netd    : Setting up TetherController hooks: 4.2ms
01-01 00:08:27.154   797   797 I netd    : Setting up BandwidthController hooks: 3.9ms
01-01 00:08:27.154   797   797 I netd    : Setting up IdletimerController hooks: 0.2ms
01-01 00:08:27.157   530   603 I ServiceManager: Waiting for service 'package_native' on '/dev/binder'...
01-01 00:08:27.231   803   803 I ServiceManagement: Registered android.hardware.audio@5.0::IDevicesFactory/default (start delay of 102ms)
01-01 00:08:27.232   803   803 I ServiceManagement: Removing namespace from process name android.hardware.audio@2.0-service to audio@2.0-service.
01-01 00:08:27.232   803   803 I audiohalservice: Registration complete for android.hardware.audio@5.0::IDevicesFactory/default.
01-01 00:08:27.245   803   803 I ServiceManagement: Registered android.hardware.audio.effect@5.0::IEffectsFactory/default (start delay of 117ms)
01-01 00:08:27.245   803   803 I audiohalservice: Registration complete for android.hardware.audio.effect@5.0::IEffectsFactory/default.
01-01 00:08:27.246   300   300 I hwservicemanager: getTransport: Cannot find entry android.hardware.soundtrigger@2.2::ISoundTriggerHw/default in either framework or device manifest.
01-01 00:08:27.246   787   791 D sprd_halo_cali: : start halo verify process
01-01 00:08:27.246   803   803 E audiohalservice: Could not get passthrough implementation for android.hardware.soundtrigger@2.2::ISoundTriggerHw/default.
01-01 00:08:27.246   787   791 D sprd_halo_cali:  enter halo_read_halo_log_flag_miscdata
01-01 00:08:27.247   787   791 D sprd_halo_cali: eng_read_miscdata_with_offset open Ok miscdata_path = /dev/block/platform/soc/soc:ap-ahb/20600000.sdio/by-name/miscdata 
01-01 00:08:27.247   300   300 I hwservicemanager: getTransport: Cannot find entry android.hardware.soundtrigger@2.1::ISoundTriggerHw/default in either framework or device manifest.
01-01 00:08:27.247   787   791 D sprd_halo_cali: halo_status flag: off()
01-01 00:08:27.247   787   791 D sprd_halo_cali: : test_get_HALO_PRIVLOG misc_flag ret -1
01-01 00:08:27.247   787   791 D sprd_halo_cali:  enter halo_read_halo_log_flag_miscdata
01-01 00:08:27.247   803   803 E audiohalservice: Could not get passthrough implementation for android.hardware.soundtrigger@2.1::ISoundTriggerHw/default.
01-01 00:08:27.248   787   791 D sprd_halo_cali: eng_read_miscdata_with_offset open Ok miscdata_path = /dev/block/platform/soc/soc:ap-ahb/20600000.sdio/by-name/miscdata 
01-01 00:08:27.248   787   791 D sprd_halo_cali: halo_status flag: off()
01-01 00:08:27.248   787   791 D sprd_halo_cali: : test_get_HALO_PRIVLOG misc_flag ret -1
01-01 00:08:27.249   787   791 D sprd_halo_cali:  enter halo_read_halo_log_flag_miscdata
01-01 00:08:27.249   787   791 D sprd_halo_cali: eng_read_miscdata_with_offset open Ok miscdata_path = /dev/block/platform/soc/soc:ap-ahb/20600000.sdio/by-name/miscdata 
01-01 00:08:27.249   787   791 D sprd_halo_cali: halo_status flag: off()
01-01 00:08:27.249   787   791 D sprd_halo_cali: : test_get_HALO_PRIVLOG misc_flag ret -1
01-01 00:08:27.249   787   791 D sprd_halo_cali: : test_set_HALO_Vstatus with unkown status 0
01-01 00:08:27.251   803   803 E SoundTriggerHalImpl: couldn't load sound trigger module sound_trigger.primary (No such file or directory)
01-01 00:08:27.251   787   791 D sprd_halo_cali: : test_get_power_mode ret 0
01-01 00:08:27.251   787   791 D sprd_halo_cali:  enter halo_read_halo_log_flag_miscdata
01-01 00:08:27.251   787   791 D sprd_halo_cali: eng_read_miscdata_with_offset open Ok miscdata_path = /dev/block/platform/soc/soc:ap-ahb/20600000.sdio/by-name/miscdata 
01-01 00:08:27.252   787   791 D sprd_halo_cali: halo_status flag: off()
01-01 00:08:27.252   787   791 D sprd_halo_cali: : test_get_HALO_PRIVLOG misc_flag ret -1
01-01 00:08:27.252   787   791 D sprd_halo_cali:  enter halo_read_halo_log_flag_miscdata
01-01 00:08:27.252   787   791 D sprd_halo_cali: eng_read_miscdata_with_offset open Ok miscdata_path = /dev/block/platform/soc/soc:ap-ahb/20600000.sdio/by-name/miscdata 
01-01 00:08:27.253   787   791 D sprd_halo_cali: halo_status flag: off()
01-01 00:08:27.253   787   791 D sprd_halo_cali: : test_get_HALO_PRIVLOG misc_flag ret -1
01-01 00:08:27.253   787   791 D sprd_halo_cali:  enter halo_read_halo_log_flag_miscdata
01-01 00:08:27.253   787   791 D sprd_halo_cali: eng_read_miscdata_with_offset open Ok miscdata_path = /dev/block/platform/soc/soc:ap-ahb/20600000.sdio/by-name/miscdata 
01-01 00:08:27.253   803   803 I ServiceManagement: Registered android.hardware.soundtrigger@2.0::ISoundTriggerHw/default (start delay of 124ms)
01-01 00:08:27.253   803   803 I audiohalservice: Registration complete for android.hardware.soundtrigger@2.0::ISoundTriggerHw/default.
01-01 00:08:27.253   787   791 D sprd_halo_cali: halo_status flag: off()
01-01 00:08:27.253   787   791 D sprd_halo_cali: : test_get_HALO_PRIVLOG misc_flag ret -1
01-01 00:08:27.253   787   791 D sprd_halo_cali: : test_set_HALO_Vstatus with unkown status 0
01-01 00:08:27.254   787   791 D sprd_halo_cali: : eng_halo_pcmodem open /dev/spipe_lte3 success, fd id: 7, try times 0
01-01 00:08:27.254   787   791 D sprd_halo_cali:  enter halo_read_halo_log_flag_miscdata
01-01 00:08:27.254   787   791 D sprd_halo_cali: eng_read_miscdata_with_offset open Ok miscdata_path = /dev/block/platform/soc/soc:ap-ahb/20600000.sdio/by-name/miscdata 
01-01 00:08:27.255   787   791 D sprd_halo_cali: halo_status flag: off()
01-01 00:08:27.255   787   791 D sprd_halo_cali: : test_get_HALO_PRIVLOG misc_flag ret -1
01-01 00:08:27.255   787   791 D sprd_halo_cali: : test_set_HALO_Vstatus with unkown status 5
01-01 00:08:27.255   787   791 D sprd_halo_cali: : halo_spipe is opened  [0x01]
01-01 00:08:27.255   787   791 D sprd_halo_cali: : pre-check start: wake lock bEnable = 1!
01-01 00:08:27.256   787   791 D sprd_halo_cali: : eng_halo_pcmodem open /dev/spipe_lte3 success, fd id: 7, try times 0
01-01 00:08:27.257   803   803 I BTAudioProviderA2dpSoftware: A2dpSoftwareAudioProvider - size of audio buffer 7168 byte(s)
01-01 00:08:27.258   530   603 I ServiceManager: Waiting for service 'package_native' on '/dev/binder'...
01-01 00:08:27.258   803   803 I BTAudioProviderHearingAid: HearingAidAudioProvider - size of audio buffer 3584 byte(s)
01-01 00:08:27.259   803   803 I ServiceManagement: Registered android.hardware.bluetooth.audio@2.0::IBluetoothAudioProvidersFactory/default (start delay of 131ms)
01-01 00:08:27.260   803   803 I audiohalservice: Registration complete for android.hardware.bluetooth.audio@2.0::IBluetoothAudioProvidersFactory/default.
01-01 00:08:27.261   300   300 I hwservicemanager: getTransport: Cannot find entry android.hardware.bluetooth.a2dp@1.0::IBluetoothAudioOffload/default in either framework or device manifest.
01-01 00:08:27.261   803   803 E audiohalservice: Could not get passthrough implementation for android.hardware.bluetooth.a2dp@1.0::IBluetoothAudioOffload/default.
01-01 00:08:27.261   803   803 W audiohalservice: Could not register Bluetooth audio offload 1.0
01-01 00:08:27.338   804   804 D SPRDHWComposer: SprdDisplayCore:: set display type : 0
01-01 00:08:27.338   804   804 E SPRDHWComposer: SprdPrimaryDisplayDevice::Init <70>: SprdDisplayCore Init failed
01-01 00:08:27.338   804   804 E SPRDHWComposer: mPrimaryDisplayDevice init failed
01-01 00:08:27.338   804   804 E SPRDHWComposer: Init HWComposer failed
01-01 00:08:27.338   804   804 E ComposerHal: failed to open hwcomposer device: Out of memory
01-01 00:08:27.339   804   804 E android.hardware.graphics.composer@2.1-service: Could not get passthrough implementation for android.hardware.graphics.composer@2.1::IComposer/default.
01-01 00:08:27.358   530   603 I ServiceManager: Waiting for service 'package_native' on '/dev/binder'...
01-01 00:08:27.392   541   541 D refnotify: RefNotify ready to do cmd 
01-01 00:08:27.392   541   541 D refnotify: RefNotify_DoCmd, 0 
01-01 00:08:27.392   541   541 D refnotify: RefNotify_DoFreqCmd: clk = 2392, divisor = 15, type = 4
01-01 00:08:27.392   541   541 D refnotify: RefNotify_write: p1 = 1, p2 = 0!
